Component: ARM Compiler 5.06 update 4 (build 422) Tool: armlink [4d35d2]

==============================================================================

Section Cross References

    main.o(.text) refers to _printf_percent.o(.ARM.Collect$$_printf_percent$$00000000) for _printf_percent
    main.o(.text) refers to _printf_d.o(.ARM.Collect$$_printf_percent$$00000009) for _printf_d
    main.o(.text) refers to _printf_dec.o(.text) for _printf_int_dec
    main.o(.text) refers to stm32f4xx_rcc.o(.text) for RCC_AHB1PeriphClockCmd
    main.o(.text) refers to stm32f4xx_gpio.o(.text) for GPIO_Init
    main.o(.text) refers to usart.o(.text) for USART1_INIT
    main.o(.text) refers to chassis.o(.text) for chassis_init
    main.o(.text) refers to led.o(.text) for LED_GPIO_Config
    main.o(.text) refers to motor.o(.text) for TIM3_PWM_Config
    main.o(.text) refers to encoder.o(.text) for encoder_1_init
    main.o(.text) refers to ticks.o(.text) for ticks_init
    main.o(.text) refers to lcd_main.o(.text) for tft_init
    main.o(.text) refers to __2sprintf.o(.text) for __2sprintf
    main.o(.text) refers to stm32f4xx_usart.o(.text) for USART_GetFlagStatus
    main.o(.text) refers to ticks.o(.data) for msTicks
    main.o(.text) refers to chassis.o(.bss) for chassis
    stm32f4xx_it.o(.text) refers to stm32f4xx_tim.o(.text) for TIM_GetITStatus
    stm32f4xx_it.o(.text) refers to stm32f4xx_gpio.o(.text) for GPIO_ReadOutputDataBit
    system_stm32f4xx.o(.text) refers to system_stm32f4xx.o(.data) for SystemCoreClock
    led.o(.text) refers to stm32f4xx_rcc.o(.text) for RCC_AHB1PeriphClockCmd
    led.o(.text) refers to stm32f4xx_gpio.o(.text) for GPIO_Init
    time_test.o(.text) refers to misc.o(.text) for NVIC_Init
    time_test.o(.text) refers to stm32f4xx_rcc.o(.text) for RCC_APB1PeriphClockCmd
    time_test.o(.text) refers to stm32f4xx_tim.o(.text) for TIM_TimeBaseInit
    motor.o(.text) refers to stm32f4xx_rcc.o(.text) for RCC_AHB1PeriphClockCmd
    motor.o(.text) refers to stm32f4xx_gpio.o(.text) for GPIO_Init
    motor.o(.text) refers to stm32f4xx_tim.o(.text) for TIM_TimeBaseInit
    motor.o(.text) refers to dflt_clz.o(x$fpl$dflt) for __aeabi_i2d
    motor.o(.text) refers to dfixu.o(x$fpl$dfixu) for __aeabi_d2uiz
    motor.o(.text) refers to motor.o(.bss) for TIM_OCInitStructure1
    encoder.o(.text) refers to stm32f4xx_rcc.o(.text) for RCC_APB1PeriphClockCmd
    encoder.o(.text) refers to stm32f4xx_gpio.o(.text) for GPIO_PinAFConfig
    encoder.o(.text) refers to stm32f4xx_tim.o(.text) for TIM_TimeBaseInit
    encoder.o(.text) refers to stm32f4xx_exti.o(.text) for EXTI_GetITStatus
    encoder.o(.text) refers to encoder.o(.data) for enc4Count
    encoder.o(.text) refers to encoder.o(.bss) for encoder_count
    lcd_main.o(.text) refers to stm32f4xx_rcc.o(.text) for RCC_AHB1PeriphClockCmd
    lcd_main.o(.text) refers to stm32f4xx_gpio.o(.text) for GPIO_PinAFConfig
    lcd_main.o(.text) refers to stm32f4xx_spi.o(.text) for SPI_Init
    lcd_main.o(.text) refers to ticks.o(.text) for _delay_ms
    lcd_main.o(.text) refers to lcd_main.o(.data) for tft_orientation
    lcd_main.o(.text) refers to lcd_main.o(.bss) for text
    lcd_main.o(.text) refers to vsprintf.o(.text) for vsprintf
    ticks.o(.text) refers to stm32f4xx_rcc.o(.text) for RCC_APB1PeriphClockCmd
    ticks.o(.text) refers to stm32f4xx_tim.o(.text) for TIM_TimeBaseInit
    ticks.o(.text) refers to misc.o(.text) for NVIC_Init
    ticks.o(.text) refers to ticks.o(.data) for msTicks
    chassis.o(.text) refers to _printf_percent.o(.ARM.Collect$$_printf_percent$$00000000) for _printf_percent
    chassis.o(.text) refers to _printf_d.o(.ARM.Collect$$_printf_percent$$00000009) for _printf_d
    chassis.o(.text) refers to _printf_dec.o(.text) for _printf_int_dec
    chassis.o(.text) refers to _printf_f.o(.ARM.Collect$$_printf_percent$$00000003) for _printf_f
    chassis.o(.text) refers to printf1.o(x$fpl$printf1) for _printf_fp_dec
    chassis.o(.text) refers to encoder.o(.text) for encoder_1_update
    chassis.o(.text) refers to __2sprintf.o(.text) for __2sprintf
    chassis.o(.text) refers to lcd_main.o(.text) for tft_prints
    chassis.o(.text) refers to f2d.o(x$fpl$f2d) for __aeabi_f2d
    chassis.o(.text) refers to motor.o(.text) for drive_motor
    chassis.o(.text) refers to chassis.o(.bss) for chassis
    usart.o(.text) refers to stm32f4xx_rcc.o(.text) for RCC_AHB1PeriphClockCmd
    usart.o(.text) refers to stm32f4xx_gpio.o(.text) for GPIO_PinAFConfig
    usart.o(.text) refers to stm32f4xx_usart.o(.text) for USART_Init
    usart.o(.text) refers to stm32f4xx_dma.o(.text) for DMA_Init
    usart.o(.text) refers to usart.o(.data) for ReceiveBuff
    startup_stm32f40_41xxx.o(STACK) refers (Special) to heapauxi.o(.text) for __use_two_region_memory
    startup_stm32f40_41xxx.o(HEAP) refers (Special) to heapauxi.o(.text) for __use_two_region_memory
    startup_stm32f40_41xxx.o(RESET) refers (Special) to heapauxi.o(.text) for __use_two_region_memory
[...]
    .constdata                               0x080064e4   Section        8  _printf_wctomb.o(.constdata)
    initial_mbstate                          0x080064e4   Data           8  _printf_wctomb.o(.constdata)
    .constdata                               0x080064ec   Section       40  _printf_hex_int_ll_ptr.o(.constdata)
    uc_hextab                                0x080064ec   Data          20  _printf_hex_int_ll_ptr.o(.constdata)
    lc_hextab                                0x08006500   Data          20  _printf_hex_int_ll_ptr.o(.constdata)
    .constdata                               0x08006514   Section       38  _printf_fp_hex.o(.constdata)
    lc_hextab                                0x08006514   Data          19  _printf_fp_hex.o(.constdata)
    uc_hextab                                0x08006527   Data          19  _printf_fp_hex.o(.constdata)
    .constdata                               0x0800653c   Section      148  bigflt0.o(.constdata)
    tenpwrs_x                                0x0800653c   Data          60  bigflt0.o(.constdata)
    tenpwrs_i                                0x08006578   Data          64  bigflt0.o(.constdata)
    locale$$data                             0x080065f0   Section       28  lc_numeric_c.o(locale$$data)
    __lcnum_c_name                           0x080065f4   Data           2  lc_numeric_c.o(locale$$data)
    __lcnum_c_start                          0x080065fc   Data           0  lc_numeric_c.o(locale$$data)
    __lcnum_c_point                          0x08006608   Data           0  lc_numeric_c.o(locale$$data)
    __lcnum_c_thousands                      0x0800660a   Data           0  lc_numeric_c.o(locale$$data)
    __lcnum_c_grouping                       0x0800660b   Data           0  lc_numeric_c.o(locale$$data)
    locale$$data                             0x0800660c   Section      272  lc_ctype_c.o(locale$$data)
    __lcnum_c_end                            0x0800660c   Data           0  lc_numeric_c.o(locale$$data)
    __lcctype_c_name                         0x08006610   Data           2  lc_ctype_c.o(locale$$data)
    __lcctype_c_start                        0x08006618   Data           0  lc_ctype_c.o(locale$$data)
    __lcctype_c_end                          0x0800671c   Data           0  lc_ctype_c.o(locale$$data)
    .data                                    0x20000000   Section       20  system_stm32f4xx.o(.data)
    .data                                    0x20000014   Section       18  encoder.o(.data)
    enc2Count                                0x20000014   Data           4  encoder.o(.data)
    enc1Count                                0x20000018   Data           4  encoder.o(.data)
    enc3Count                                0x2000001c   Data           4  encoder.o(.data)
    enc4Count                                0x20000020   Data           4  encoder.o(.data)
    lastAReading                             0x20000024   Data           1  encoder.o(.data)
    lastBReading                             0x20000025   Data           1  encoder.o(.data)
    .data                                    0x20000026   Section     1552  lcd_main.o(.data)
    .data                                    0x20000638   Section        4  ticks.o(.data)
    .data                                    0x2000063c   Section       10  usart.o(.data)
    .data                                    0x20000646   Section       16  stm32f4xx_rcc.o(.data)
    APBAHBPrescTable                         0x20000646   Data          16  stm32f4xx_rcc.o(.data)
    .bss                                     0x20000658   Section       80  motor.o(.bss)
    TIM_OCInitStructure1                     0x20000658   Data          20  motor.o(.bss)
    TIM_OCInitStructure2                     0x2000066c   Data          20  motor.o(.bss)
    TIM_OCInitStructure3                     0x20000680   Data          20  motor.o(.bss)
    TIM_OCInitStructure4                     0x20000694   Data          20  motor.o(.bss)
    .bss                                     0x200006a8   Section       16  encoder.o(.bss)
    .bss                                     0x200006b8   Section     2000  lcd_main.o(.bss)
    .bss                                     0x20000e88   Section       48  chassis.o(.bss)
    .bss                                     0x20000eb8   Section       96  libspace.o(.bss)
    HEAP                                     0x20000f18   Section      512  startup_stm32f40_41xxx.o(HEAP)
    Heap_Mem                                 0x20000f18   Data         512  startup_stm32f40_41xxx.o(HEAP)
    STACK                                    0x20001118   Section     1024  startup_stm32f40_41xxx.o(STACK)
    Stack_Mem                                0x20001118   Data        1024  startup_stm32f40_41xxx.o(STACK)
    __initial_sp                             0x20001518   Data           0  startup_stm32f40_41xxx.o(STACK)

    Global Symbols

    Symbol Name                              Value     Ov Type        Size  Object(Section)

    BuildAttributes$$THM_ISAv4$E$P$D$K$B$S$7EM$VFPi3$EXTD16$VFPS$VFMA$PE$A:L22UL41UL21$X:L11$S22US41US21$IEEE1$IW$USESV6$~STKCKD$USESV7$~SHL$OTIME$ROPI$IEEEJ$EBA8$UX$STANDARDLIB$REQ8$PRES8$EABIv2 0x00000000   Number         0  anon$$obj.o ABSOLUTE
    __ARM_use_no_argv                        0x00000000   Number         0  main.o ABSOLUTE
    _printf_flags                            0x00000000   Number         0  printf_stubs.o ABSOLUTE
    _printf_return_value                     0x00000000   Number         0  printf_stubs.o ABSOLUTE
    _printf_sizespec                         0x00000000   Number         0  printf_stubs.o ABSOLUTE
    _printf_widthprec                        0x00000000   Number         0  printf_stubs.o ABSOLUTE
    __ARM_exceptions_init                     - Undefined Weak Reference
    __alloca_initialize                       - Undefined Weak Reference
    __arm_preinit_                            - Undefined Weak Reference
    __cpp_initialize__aeabi_                  - Undefined Weak Reference
    __cxa_finalize                            - Undefined Weak Reference
    __sigvec_lookup                           - Undefined Weak Reference
    _atexit_init                              - Undefined Weak Reference
    _call_atexit_fns                          - Undefined Weak Reference
    _clock_init                               - Undefined Weak Reference
    _fp_trap_init                             - Undefined Weak Reference
    _fp_trap_shutdown                         - Undefined Weak Reference
    _get_lc_collate                           - Undefined Weak Reference
    _get_lc_monetary                          - Undefined Weak Reference
    _get_lc_time                              - Undefined Weak Reference
    _getenv_init                              - Undefined Weak Reference
    _handle_redirection                       - Undefined Weak Reference
    _init_alloc                               - Undefined Weak Reference
    _init_user_alloc                          - Undefined Weak Reference
    _initio                                   - Undefined Weak Reference
    _printf_mbtowc                            - Undefined Weak Reference
    _printf_wc                                - Undefined Weak Reference
    _rand_init                                - Undefined Weak Reference
    _signal_finish                            - Undefined Weak Reference
    _signal_init                              - Undefined Weak Reference
    _terminate_alloc                          - Undefined Weak Reference
    _terminate_user_alloc                     - Undefined Weak Reference
    _terminateio                              - Undefined Weak Reference
    __Vectors_Size                           0x00000188   Number         0  startup_stm32f40_41xxx.o ABSOLUTE
    __Vectors                                0x08000000   Data           4  startup_stm32f40_41xxx.o(RESET)
    __Vectors_End                            0x08000188   Data           0  startup_stm32f40_41xxx.o(RESET)
    __main                                   0x08000189   Thumb Code     8  __main.o(!!!main)
    __scatterload                            0x08000191   Thumb Code     0  __scatter.o(!!!scatter)
    __scatterload_rt2                        0x08000191   Thumb Code    44  __scatter.o(!!!scatter)
    __scatterload_rt2_thumb_only             0x08000191   Thumb Code     0  __scatter.o(!!!scatter)
    __scatterload_null                       0x0800019f   Thumb Code     0  __scatter.o(!!!scatter)
    __decompress                             0x080001c5   Thumb Code    90  __dczerorl2.o(!!dczerorl2)
    __decompress1                            0x080001c5   Thumb Code     0  __dczerorl2.o(!!dczerorl2)
    __scatterload_zeroinit                   0x08000221   Thumb Code    28  __scatter_zi.o(!!handler_zi)
    _printf_n                                0x0800023d   Thumb Code     0  _printf_n.o(.ARM.Collect$$_printf_percent$$00000001)
    _printf_percent                          0x0800023d   Thumb Code     0  _printf_percent.o(.ARM.Collect$$_printf_percent$$00000000)
    _printf_p                                0x08000243   Thumb Code     0  _printf_p.o(.ARM.Collect$$_printf_percent$$00000002)
    _printf_f                                0x08000249   Thumb Code     0  _printf_f.o(.ARM.Collect$$_printf_percent$$00000003)
    _printf_e                                0x0800024f   Thumb Code     0  _printf_e.o(.ARM.Collect$$_printf_percent$$00000004)
    _printf_g                                0x08000255   Thumb Code     0  _printf_g.o(.ARM.Collect$$_printf_percent$$00000005)
    _printf_a                                0x0800025b   Thumb Code     0  _printf_a.o(.ARM.Collect$$_printf_percent$$00000006)
    _printf_ll                               0x08000261   Thumb Code     0  _printf_ll.o(.ARM.Collect$$_printf_percent$$00000007)
    _printf_i                                0x0800026b   Thumb Code     0  _printf_i.o(.ARM.Collect$$_printf_percent$$00000008)
    _printf_d                                0x08000271   Thumb Code     0  _printf_d.o(.ARM.Collect$$_printf_percent$$00000009)
    _printf_u                                0x08000277   Thumb Code     0  _printf_u.o(.ARM.Collect$$_printf_percent$$0000000A)
    _printf_o                                0x0800027d   Thumb Code     0  _printf_o.o(.ARM.Collect$$_printf_percent$$0000000B)
    _printf_x                                0x08000283   Thumb Code     0  _printf_x.o(.ARM.Collect$$_printf_percent$$0000000C)
    _printf_lli                              0x08000289   Thumb Code     0  _printf_lli.o(.ARM.Collect$$_printf_percent$$0000000D)
    _printf_lld                              0x0800028f   Thumb Code     0  _printf_lld.o(.ARM.Collect$$_printf_percent$$0000000E)
    _printf_llu                              0x08000295   Thumb Code     0  _printf_llu.o(.ARM.Collect$$_printf_percent$$0000000F)
    _printf_llo                              0x0800029b   Thumb Code     0  _printf_llo.o(.ARM.Collect$$_printf_percent$$00000010)
    _printf_llx                              0x080002a1   Thumb Code     0  _printf_llx.o(.ARM.Collect$$_printf_percent$$00000011)
    _printf_l                                0x080002a7   Thumb Code     0  _printf_l.o(.ARM.Collect$$_printf_percent$$00000012)
    _printf_c                                0x080002b1   Thumb Code     0  _printf_c.o(.ARM.Collect$$_printf_percent$$00000013)
    _printf_s                                0x080002b7   Thumb Code     0  _printf_s.o(.ARM.Collect$$_printf_percent$$00000014)
    _printf_lc                               0x080002bd   Thumb Code     0  _printf_lc.o(.ARM.Collect$$_printf_percent$$00000015)
    _printf_ls                               0x080002c3   Thumb Code     0  _printf_ls.o(.ARM.Collect$$_printf_percent$$00000016)
    _printf_percent_end                      0x080002c9   Thumb Code     0  _printf_percent_end.o(.ARM.Collect$$_printf_percent$$00000017)
    __rt_lib_init                            0x080002cd   Thumb Code     0  libinit.o(.ARM.Collect$$libinit$$00000000)
    __rt_lib_init_fp_1                       0x080002cf   Thumb Code     0  libinit2.o(.ARM.Collect$$libinit$$00000001)
    __rt_lib_init_heap_1                     0x080002d3   Thumb Code     0  libinit2.o(.ARM.Collect$$libinit$$0000000A)
    __rt_lib_init_lc_common                  0x080002d3   Thumb Code     0  libinit2.o(.ARM.Collect$$libinit$$0000000F)
    __rt_lib_init_preinit_1                  0x080002d3   Thumb Code     0  libinit2.o(.ARM.Collect$$libinit$$00000004)
    __rt_lib_init_rand_1                     0x080002d3   Thumb Code     0  libinit2.o(.ARM.Collect$$libinit$$0000000E)
    __rt_lib_init_user_alloc_1               0x080002d3   Thumb Code     0  libinit2.o(.ARM.Collect$$libinit$$0000000C)
    __rt_lib_init_lc_collate_1               0x080002d9   Thumb Code     0  libinit2.o(.ARM.Collect$$libinit$$00000011)
    __rt_lib_init_lc_ctype_2                 0x080002d9   Thumb Code     0  libinit2.o(.ARM.Collect$$libinit$$00000012)
    __rt_lib_init_lc_ctype_1                 0x080002e5   Thumb Code     0  libinit2.o(.ARM.Collect$$libinit$$00000013)
    __rt_lib_init_lc_monetary_1              0x080002e5   Thumb Code     0  libinit2.o(.ARM.Collect$$libinit$$00000015)
    __rt_lib_init_lc_numeric_2               0x080002e5   Thumb Code     0  libinit2.o(.ARM.Collect$$libinit$$00000016)
    __rt_lib_init_alloca_1                   0x080002ef   Thumb Code     0  libinit2.o(.ARM.Collect$$libinit$$0000002E)
    __rt_lib_init_argv_1                     0x080002ef   Thumb Code     0  libinit2.o(.ARM.Collect$$libinit$$0000002C)
    __rt_lib_init_atexit_1                   0x080002ef   Thumb Code     0  libinit2.o(.ARM.Collect$$libinit$$0000001B)
    __rt_lib_init_clock_1                    0x080002ef   Thumb Code     0  libinit2.o(.ARM.Collect$$libinit$$00000021)
    __rt_lib_init_cpp_1                      0x080002ef   Thumb Code     0  libinit2.o(.ARM.Collect$$libinit$$00000032)
    __rt_lib_init_exceptions_1               0x080002ef   Thumb Code     0  libinit2.o(.ARM.Collect$$libinit$$00000030)
    __rt_lib_init_fp_trap_1                  0x080002ef   Thumb Code     0  libinit2.o(.ARM.Collect$$libinit$$0000001F)
    __rt_lib_init_getenv_1                   0x080002ef   Thumb Code     0  libinit2.o(.ARM.Collect$$libinit$$00000023)
    __rt_lib_init_lc_numeric_1               0x080002ef   Thumb Code     0  libinit2.o(.ARM.Collect$$libinit$$00000017)
    __rt_lib_init_lc_time_1                  0x080002ef   Thumb Code     0  libinit2.o(.ARM.Collect$$libinit$$00000019)
    __rt_lib_init_return                     0x080002ef   Thumb Code     0  libinit2.o(.ARM.Collect$$libinit$$00000033)
    __rt_lib_init_signal_1                   0x080002ef   Thumb Code     0  libinit2.o(.ARM.Collect$$libinit$$0000001D)
    __rt_lib_init_stdio_1                    0x080002ef   Thumb Code     0  libinit2.o(.ARM.Collect$$libinit$$00000025)
    __rt_lib_shutdown                        0x080002f1   Thumb Code     0  libshutdown.o(.ARM.Collect$$libshutdown$$00000000)
    __rt_lib_shutdown_cpp_1                  0x080002f3   Thumb Code     0  libshutdown2.o(.ARM.Collect$$libshutdown$$00000002)
    __rt_lib_shutdown_fp_trap_1              0x080002f3   Thumb Code     0  libshutdown2.o(.ARM.Collect$$libshutdown$$00000007)
    __rt_lib_shutdown_heap_1                 0x080002f3   Thumb Code     0  libshutdown2.o(.ARM.Collect$$libshutdown$$0000000F)
    __rt_lib_shutdown_return                 0x080002f3   Thumb Code     0  libshutdown2.o(.ARM.Collect$$libshutdown$$00000010)
    __rt_lib_shutdown_signal_1               0x080002f3   Thumb Code     0  libshutdown2.o(.ARM.Collect$$libshutdown$$0000000A)
    __rt_lib_shutdown_stdio_1                0x080002f3   Thumb Code     0  libshutdown2.o(.ARM.Collect$$libshutdown$$00000004)
    __rt_lib_shutdown_user_alloc_1           0x080002f3   Thumb Code     0  libshutdown2.o(.ARM.Collect$$libshutdown$$0000000C)
    __rt_entry                               0x080002f5   Thumb Code     0  __rtentry.o(.ARM.Collect$$rtentry$$00000000)
    __rt_entry_presh_1                       0x080002f5   Thumb Code     0  __rtentry2.o(.ARM.Collect$$rtentry$$00000002)
    __rt_entry_sh                            0x080002f5   Thumb Code     0  __rtentry4.o(.ARM.Collect$$rtentry$$00000004)
    __rt_entry_li                            0x080002fb   Thumb Code     0  __rtentry2.o(.ARM.Collect$$rtentry$$0000000A)
    __rt_entry_postsh_1                      0x080002fb   Thumb Code     0  __rtentry2.o(.ARM.Collect$$rtentry$$00000009)
    __rt_entry_main                          0x080002ff   Thumb Code     0  __rtentry2.o(.ARM.Collect$$rtentry$$0000000D)
    __rt_entry_postli_1                      0x080002ff   Thumb Code     0  __rtentry2.o(.ARM.Collect$$rtentry$$0000000C)
    __rt_exit                                0x08000307   Thumb Code     0  rtexit.o(.ARM.Collect$$rtexit$$00000000)
    __rt_exit_ls                             0x08000309   Thumb Code     0  rtexit2.o(.ARM.Collect$$rtexit$$00000003)
    __rt_exit_prels_1                        0x08000309   Thumb Code     0  rtexit2.o(.ARM.Collect$$rtexit$$00000002)
    __rt_exit_exit                           0x0800030d   Thumb Code     0  rtexit2.o(.ARM.Collect$$rtexit$$00000004)
    Key_GPIO_Config                          0x08000315   Thumb Code    42  main.o(.text)
    main                                     0x0800033f   Thumb Code   468  main.o(.text)
    NMI_Handler                              0x08000535   Thumb Code     2  stm32f4xx_it.o(.text)
    HardFault_Handler                        0x08000537   Thumb Code     4  stm32f4xx_it.o(.text)
    MemManage_Handler                        0x0800053b   Thumb Code     4  stm32f4xx_it.o(.text)
    BusFault_Handler                         0x0800053f   Thumb Code     4  stm32f4xx_it.o(.text)
    UsageFault_Handler                       0x08000543   Thumb Code     4  stm32f4xx_it.o(.text)
    SVC_Handler                              0x08000547   Thumb Code     2  stm32f4xx_it.o(.text)
    DebugMon_Handler                         0x08000549   Thumb Code     2  stm32f4xx_it.o(.text)
    PendSV_Handler                           0x0800054b   Thumb Code     2  stm32f4xx_it.o(.text)
    SysTick_Handler                          0x0800054d   Thumb Code     2  stm32f4xx_it.o(.text)
    TIM3_IRQHandler                          0x0800054f   Thumb Code    78  stm32f4xx_it.o(.text)
    SystemInit                               0x08000681   Thumb Code    88  system_stm32f4xx.o(.text)
    SystemCoreClockUpdate                    0x080006d9   Thumb Code   174  system_stm32f4xx.o(.text)
    LED_GPIO_Config                          0x080007b5   Thumb Code    50  led.o(.text)
    GPIO_Config                              0x080007ed   Thumb Code   204  motor.o(.text)
    TIM3_PWM_Config                          0x080008b9   Thumb Code   268  motor.o(.text)
    drive_motor                              0x080009c5   Thumb Code   292  motor.o(.text)
    encoder_4_init                           0x08000b09   Thumb Code   214  encoder.o(.text)
    encoder_1_init                           0x08000bdf   Thumb Code   156  encoder.o(.text)
    encoder_2_init                           0x08000c7b   Thumb Code   154  encoder.o(.text)
    encoder_3_init                           0x08000d15   Thumb Code   158  encoder.o(.text)
    TIM4_IRQHandler                          0x08000db3   Thumb Code   180  encoder.o(.text)
    encoder_2_update                         0x08000e67   Thumb Code    24  encoder.o(.text)
    encoder_1_update                         0x08000e7f   Thumb Code    24  encoder.o(.text)
    encoder_3_update                         0x08000e97   Thumb Code    24  encoder.o(.text)
    encoder_4_update                         0x08000eaf   Thumb Code    28  encoder.o(.text)
    get_encoder_count                        0x08000ecb   Thumb Code    92  encoder.o(.text)
    reset_encoder                            0x08000f27   Thumb Code    30  encoder.o(.text)
    tft_get_orientation                      0x08000f55   Thumb Code     6  lcd_main.o(.text)
    tft_spi_init                             0x08000f5b   Thumb Code   278  lcd_main.o(.text)
    tft_write_command                        0x08001071   Thumb Code    72  lcd_main.o(.text)
    tft_write_data                           0x080010b9   Thumb Code    72  lcd_main.o(.text)
    tft_config                               0x08001101   Thumb Code   532  lcd_main.o(.text)
    tft_reset                                0x08001315   Thumb Code    60  lcd_main.o(.text)
    tft_fill_color                           0x08001351   Thumb Code    98  lcd_main.o(.text)
    tft_set_special_color                    0x080013b3   Thumb Code     6  lcd_main.o(.text)
    tft_set_text_color                       0x080013b9   Thumb Code     6  lcd_main.o(.text)
    tft_set_bg_color                         0x080013bf   Thumb Code     6  lcd_main.o(.text)
    tft_init                                 0x080013c5   Thumb Code   250  lcd_main.o(.text)
    tft_enable                               0x080014bf   Thumb Code     8  lcd_main.o(.text)
    tft_disable                              0x080014c7   Thumb Code     8  lcd_main.o(.text)
    tft_set_pixel_pos                        0x080014cf   Thumb Code    82  lcd_main.o(.text)
    tft_set_char_pos                         0x08001521   Thumb Code    90  lcd_main.o(.text)
    tft_force_clear                          0x0800157b   Thumb Code    66  lcd_main.o(.text)
    tft_clear_line                           0x080015bd   Thumb Code   116  lcd_main.o(.text)
    tft_clear                                0x08001631   Thumb Code    28  lcd_main.o(.text)
    tft_put_pixel                            0x0800164d   Thumb Code   100  lcd_main.o(.text)
    tft_char_is_changed                      0x080016b1   Thumb Code   292  lcd_main.o(.text)
    tft_prints                               0x080017d5   Thumb Code   222  lcd_main.o(.text)
    tft_println                              0x080018b3   Thumb Code   280  lcd_main.o(.text)
    tft_stream                               0x080019cb   Thumb Code     2  lcd_main.o(.text)
    tft_update                               0x080019cd   Thumb Code  1472  lcd_main.o(.text)
    ticks_init                               0x08001fa1   Thumb Code   100  ticks.o(.text)
    TIM6_DAC_IRQHandler                      0x08002005   Thumb Code    32  ticks.o(.text)
    _delay_us                                0x08002025   Thumb Code    26  ticks.o(.text)
    _delay_ms                                0x0800203f   Thumb Code    26  ticks.o(.text)
    chassis_init                             0x0800211b   Thumb Code    18  chassis.o(.text)
    chassis_operation                        0x0800212d   Thumb Code   608  chassis.o(.text)
    USART1_INIT                              0x080023b1   Thumb Code   150  usart.o(.text)
    DMA_config                               0x08002447   Thumb Code    88  usart.o(.text)
    DMA2_Stream5_IRQHandler                  0x0800249f   Thumb Code    74  usart.o(.text)
    USART1_IRQHandler                        0x080024e9   Thumb Code    70  usart.o(.text)
    Reset_Handler                            0x0800254d   Thumb Code     8  startup_stm32f40_41xxx.o(.text)
    ADC_IRQHandler                           0x08002567   Thumb Code     0  startup_stm32f40_41xxx.o(.text)
    CAN1_RX0_IRQHandler                      0x08002567   Thumb Code     0  startup_stm32f40_41xxx.o(.text)
    CAN1_RX1_IRQHandler                      0x08002567   Thumb Code     0  startup_stm32f40_41xxx.o(.text)
    CAN1_SCE_IRQHandler                      0x08002567   Thumb Code     0  startup_stm32f40_41xxx.o(.text)
    CAN1_TX_IRQHandler                       0x08002567   Thumb Code     0  startup_stm32f40_41xxx.o(.text)
    CAN2_RX0_IRQHandler                      0x08002567   Thumb Code     0  startup_stm32f40_41xxx.o(.text)
    CAN2_RX1_IRQHandler                      0x08002567   Thumb Code     0  startup_stm32f40_41xxx.o(.text)
    CAN2_SCE_IRQHandler                      0x08002567   Thumb Code     0  startup_stm32f40_41xxx.o(.text)
    CAN2_TX_IRQHandler                       0x08002567   Thumb Code     0  startup_stm32f40_41xxx.o(.text)
    CRYP_IRQHandler                          0x08002567   Thumb Code     0  startup_stm32f40_41xxx.o(.text)
    DCMI_IRQHandler                          0x08002567   Thumb Code     0  startup_stm32f40_41xxx.o(.text)
    DMA1_Stream0_IRQHandler                  0x08002567   Thumb Code     0  startup_stm32f40_41xxx.o(.text)
    DMA1_Stream1_IRQHandler                  0x08002567   Thumb Code     0  startup_stm32f40_41xxx.o(.text)
    DMA1_Stream2_IRQHandler                  0x08002567   Thumb Code     0  startup_stm32f40_41xxx.o(.text)
    DMA1_Stream3_IRQHandler                  0x08002567   Thumb Code     0  startup_stm32f40_41xxx.o(.text)
    DMA1_Stream4_IRQHandler                  0x08002567   Thumb Code     0  startup_stm32f40_41xxx.o(.text)
    DMA1_Stream5_IRQHandler                  0x08002567   Thumb Code     0  startup_stm32f40_41xxx.o(.text)
    DMA1_Stream6_IRQHandler                  0x08002567   Thumb Code     0  startup_stm32f40_41xxx.o(.text)
    DMA1_Stream7_IRQHandler                  0x08002567   Thumb Code     0  startup_stm32f40_41xxx.o(.text)
    DMA2_Stream0_IRQHandler                  0x08002567   Thumb Code     0  startup_stm32f40_41xxx.o(.text)
    DMA2_Stream1_IRQHandler                  0x08002567   Thumb Code     0  startup_stm32f40_41xxx.o(.text)
    DMA2_Stream2_IRQHandler                  0x08002567   Thumb Code     0  startup_stm32f40_41xxx.o(.text)
    DMA2_Stream3_IRQHandler                  0x08002567   Thumb Code     0  startup_stm32f40_41xxx.o(.text)
    DMA2_Stream4_IRQHandler                  0x08002567   Thumb Code     0  startup_stm32f40_41xxx.o(.text)
    DMA2_Stream6_IRQHandler                  0x08002567   Thumb Code     0  startup_stm32f40_41xxx.o(.text)
    DMA2_Stream7_IRQHandler                  0x08002567   Thumb Code     0  startup_stm32f40_41xxx.o(.text)
    ETH_IRQHandler                           0x08002567   Thumb Code     0  startup_stm32f40_41xxx.o(.text)
    ETH_WKUP_IRQHandler                      0x08002567   Thumb Code     0  startup_stm32f40_41xxx.o(.text)
    EXTI0_IRQHandler                         0x08002567   Thumb Code     0  startup_stm32f40_41xxx.o(.text)
    EXTI15_10_IRQHandler                     0x08002567   Thumb Code     0  startup_stm32f40_41xxx.o(.text)
    EXTI1_IRQHandler                         0x08002567   Thumb Code     0  startup_stm32f40_41xxx.o(.text)
    EXTI2_IRQHandler                         0x08002567   Thumb Code     0  startup_stm32f40_41xxx.o(.text)
    EXTI3_IRQHandler                         0x08002567   Thumb Code     0  startup_stm32f40_41xxx.o(.text)
    EXTI4_IRQHandler                         0x08002567   Thumb Code     0  startup_stm32f40_41xxx.o(.text)
    EXTI9_5_IRQHandler                       0x08002567   Thumb Code     0  startup_stm32f40_41xxx.o(.text)
    FLASH_IRQHandler                         0x08002567   Thumb Code     0  startup_stm32f40_41xxx.o(.text)
    FPU_IRQHandler                           0x08002567   Thumb Code     0  startup_stm32f40_41xxx.o(.text)
    FSMC_IRQHandler                          0x08002567   Thumb Code     0  startup_stm32f40_41xxx.o(.text)
    HASH_RNG_IRQHandler                      0x08002567   Thumb Code     0  startup_stm32f40_41xxx.o(.text)
    I2C1_ER_IRQHandler                       0x08002567   Thumb Code     0  startup_stm32f40_41xxx.o(.text)
    I2C1_EV_IRQHandler                       0x08002567   Thumb Code     0  startup_stm32f40_41xxx.o(.text)
    I2C2_ER_IRQHandler                       0x08002567   Thumb Code     0  startup_stm32f40_41xxx.o(.text)
    I2C2_EV_IRQHandler                       0x08002567   Thumb Code     0  startup_stm32f40_41xxx.o(.text)
    I2C3_ER_IRQHandler                       0x08002567   Thumb Code     0  startup_stm32f40_41xxx.o(.text)
    I2C3_EV_IRQHandler                       0x08002567   Thumb Code     0  startup_stm32f40_41xxx.o(.text)
    OTG_FS_IRQHandler                        0x08002567   Thumb Code     0  startup_stm32f40_41xxx.o(.text)
    OTG_FS_WKUP_IRQHandler                   0x08002567   Thumb Code     0  startup_stm32f40_41xxx.o(.text)
    OTG_HS_EP1_IN_IRQHandler                 0x08002567   Thumb Code     0  startup_stm32f40_41xxx.o(.text)
    OTG_HS_EP1_OUT_IRQHandler                0x08002567   Thumb Code     0  startup_stm32f40_41xxx.o(.text)
    OTG_HS_IRQHandler                        0x08002567   Thumb Code     0  startup_stm32f40_41xxx.o(.text)
    OTG_HS_WKUP_IRQHandler                   0x08002567   Thumb Code     0  startup_stm32f40_41xxx.o(.text)
    PVD_IRQHandler                           0x08002567   Thumb Code     0  startup_stm32f40_41xxx.o(.text)
    RCC_IRQHandler                           0x08002567   Thumb Code     0  startup_stm32f40_41xxx.o(.text)
    RTC_Alarm_IRQHandler                     0x08002567   Thumb Code     0  startup_stm32f40_41xxx.o(.text)
    RTC_WKUP_IRQHandler                      0x08002567   Thumb Code     0  startup_stm32f40_41xxx.o(.text)
    SDIO_IRQHandler                          0x08002567   Thumb Code     0  startup_stm32f40_41xxx.o(.text)
    SPI1_IRQHandler                          0x08002567   Thumb Code     0  startup_stm32f40_41xxx.o(.text)
    SPI2_IRQHandler                          0x08002567   Thumb Code     0  startup_stm32f40_41xxx.o(.text)
    SPI3_IRQHandler                          0x08002567   Thumb Code     0  startup_stm32f40_41xxx.o(.text)
    TAMP_STAMP_IRQHandler                    0x08002567   Thumb Code     0  startup_stm32f40_41xxx.o(.text)
    TIM1_BRK_TIM9_IRQHandler                 0x08002567   Thumb Code     0  startup_stm32f40_41xxx.o(.text)
    TIM1_CC_IRQHandler                       0x08002567   Thumb Code     0  startup_stm32f40_41xxx.o(.text)
    TIM1_TRG_COM_TIM11_IRQHandler            0x08002567   Thumb Code     0  startup_stm32f40_41xxx.o(.text)
    TIM1_UP_TIM10_IRQHandler                 0x08002567   Thumb Code     0  startup_stm32f40_41xxx.o(.text)
    TIM2_IRQHandler                          0x08002567   Thumb Code     0  startup_stm32f40_41xxx.o(.text)
    TIM5_IRQHandler                          0x08002567   Thumb Code     0  startup_stm32f40_41xxx.o(.text)
    TIM7_IRQHandler                          0x08002567   Thumb Code     0  startup_stm32f40_41xxx.o(.text)
    TIM8_BRK_TIM12_IRQHandler                0x08002567   Thumb Code     0  startup_stm32f40_41xxx.o(.text)
    TIM8_CC_IRQHandler                       0x08002567   Thumb Code     0  startup_stm32f40_41xxx.o(.text)
    TIM8_TRG_COM_TIM14_IRQHandler            0x08002567   Thumb Code     0  startup_stm32f40_41xxx.o(.text)
    TIM8_UP_TIM13_IRQHandler                 0x08002567   Thumb Code     0  startup_stm32f40_41xxx.o(.text)
    UART4_IRQHandler                         0x08002567   Thumb Code     0  startup_stm32f40_41xxx.o(.text)
    UART5_IRQHandler                         0x08002567   Thumb Code     0  startup_stm32f40_41xxx.o(.text)
    USART2_IRQHandler                        0x08002567   Thumb Code     0  startup_stm32f40_41xxx.o(.text)
    USART3_IRQHandler                        0x08002567   Thumb Code     0  startup_stm32f40_41xxx.o(.text)
    USART6_IRQHandler                        0x08002567   Thumb Code     0  startup_stm32f40_41xxx.o(.text)
    WWDG_IRQHandler                          0x08002567   Thumb Code     0  startup_stm32f40_41xxx.o(.text)
    __user_initial_stackheap                 0x08002569   Thumb Code     0  startup_stm32f40_41xxx.o(.text)
    NVIC_PriorityGroupConfig                 0x0800258d   Thumb Code    10  misc.o(.text)
    NVIC_Init                                0x08002597   Thumb Code   106  misc.o(.text)
    NVIC_SetVectorTable                      0x08002601   Thumb Code    14  misc.o(.text)
    NVIC_SystemLPConfig                      0x0800260f   Thumb Code    34  misc.o(.text)
    SysTick_CLKSourceConfig                  0x08002631   Thumb Code    40  misc.o(.text)
    DMA_DeInit                               0x0800266d   Thumb Code   324  stm32f4xx_dma.o(.text)
    DMA_Init                                 0x080027b1   Thumb Code    82  stm32f4xx_dma.o(.text)
    DMA_StructInit                           0x08002803   Thumb Code    34  stm32f4xx_dma.o(.text)
    DMA_Cmd                                  0x08002825   Thumb Code    22  stm32f4xx_dma.o(.text)
    DMA_PeriphIncOffsetSizeConfig            0x0800283b   Thumb Code    22  stm32f4xx_dma.o(.text)
    DMA_FlowControllerConfig                 0x08002851   Thumb Code    22  stm32f4xx_dma.o(.text)
    DMA_SetCurrDataCounter                   0x08002867   Thumb Code     4  stm32f4xx_dma.o(.text)
    DMA_GetCurrDataCounter                   0x0800286b   Thumb Code     8  stm32f4xx_dma.o(.text)
    DMA_DoubleBufferModeConfig               0x08002873   Thumb Code    24  stm32f4xx_dma.o(.text)
    DMA_DoubleBufferModeCmd                  0x0800288b   Thumb Code    22  stm32f4xx_dma.o(.text)
    DMA_MemoryTargetConfig                   0x080028a1   Thumb Code    10  stm32f4xx_dma.o(.text)
    DMA_GetCurrentMemoryTarget               0x080028ab   Thumb Code    20  stm32f4xx_dma.o(.text)
    DMA_GetCmdStatus                         0x080028bf   Thumb Code    20  stm32f4xx_dma.o(.text)
    DMA_GetFIFOStatus                        0x080028d3   Thumb Code    12  stm32f4xx_dma.o(.text)
    DMA_GetFlagStatus                        0x080028df   Thumb Code    56  stm32f4xx_dma.o(.text)
    DMA_ClearFlag                            0x08002917   Thumb Code    40  stm32f4xx_dma.o(.text)
    DMA_ITConfig                             0x0800293f   Thumb Code    58  stm32f4xx_dma.o(.text)
    DMA_GetITStatus                          0x08002979   Thumb Code    84  stm32f4xx_dma.o(.text)
    DMA_ClearITPendingBit                    0x080029cd   Thumb Code    40  stm32f4xx_dma.o(.text)
    EXTI_DeInit                              0x08002a15   Thumb Code    28  stm32f4xx_exti.o(.text)
    EXTI_Init                                0x08002a31   Thumb Code   142  stm32f4xx_exti.o(.text)
    EXTI_StructInit                          0x08002abf   Thumb Code    16  stm32f4xx_exti.o(.text)
    EXTI_GenerateSWInterrupt                 0x08002acf   Thumb Code    16  stm32f4xx_exti.o(.text)
    EXTI_GetFlagStatus                       0x08002adf   Thumb Code    22  stm32f4xx_exti.o(.text)
    EXTI_ClearFlag                           0x08002af5   Thumb Code     8  stm32f4xx_exti.o(.text)
    EXTI_GetITStatus                         0x08002afd   Thumb Code    22  stm32f4xx_exti.o(.text)
    EXTI_ClearITPendingBit                   0x08002b13   Thumb Code     8  stm32f4xx_exti.o(.text)
    GPIO_DeInit                              0x08002b25   Thumb Code   268  stm32f4xx_gpio.o(.text)
    GPIO_Init                                0x08002c31   Thumb Code   144  stm32f4xx_gpio.o(.text)
    GPIO_StructInit                          0x08002cc1   Thumb Code    18  stm32f4xx_gpio.o(.text)
    GPIO_PinLockConfig                       0x08002cd3   Thumb Code    34  stm32f4xx_gpio.o(.text)
    GPIO_ReadInputDataBit                    0x08002cf5   Thumb Code    18  stm32f4xx_gpio.o(.text)
    GPIO_ReadInputData                       0x08002d07   Thumb Code     8  stm32f4xx_gpio.o(.text)
    GPIO_ReadOutputDataBit                   0x08002d0f   Thumb Code    18  stm32f4xx_gpio.o(.text)
    GPIO_ReadOutputData                      0x08002d21   Thumb Code     8  stm32f4xx_gpio.o(.text)
    GPIO_SetBits                             0x08002d29   Thumb Code     4  stm32f4xx_gpio.o(.text)
    GPIO_ResetBits                           0x08002d2d   Thumb Code     4  stm32f4xx_gpio.o(.text)
    GPIO_WriteBit                            0x08002d31   Thumb Code    10  stm32f4xx_gpio.o(.text)
    GPIO_Write                               0x08002d3b   Thumb Code     4  stm32f4xx_gpio.o(.text)
    GPIO_ToggleBits                          0x08002d3f   Thumb Code     8  stm32f4xx_gpio.o(.text)
    GPIO_PinAFConfig                         0x08002d47   Thumb Code    70  stm32f4xx_gpio.o(.text)
    RCC_DeInit                               0x08002db9   Thumb Code    82  stm32f4xx_rcc.o(.text)
    RCC_HSEConfig                            0x08002e0b   Thumb Code    14  stm32f4xx_rcc.o(.text)
    RCC_GetFlagStatus                        0x08002e19   Thumb Code    60  stm32f4xx_rcc.o(.text)
    RCC_WaitForHSEStartUp                    0x08002e55   Thumb Code    56  stm32f4xx_rcc.o(.text)
    RCC_AdjustHSICalibrationValue            0x08002e8d   Thumb Code    20  stm32f4xx_rcc.o(.text)
    RCC_HSICmd                               0x08002ea1   Thumb Code     6  stm32f4xx_rcc.o(.text)
    RCC_LSEConfig                            0x08002ea7   Thumb Code    46  stm32f4xx_rcc.o(.text)
    RCC_LSICmd                               0x08002ed5   Thumb Code     6  stm32f4xx_rcc.o(.text)
    RCC_PLLConfig                            0x08002edb   Thumb Code    32  stm32f4xx_rcc.o(.text)
    RCC_PLLCmd                               0x08002efb   Thumb Code     6  stm32f4xx_rcc.o(.text)
    RCC_PLLI2SConfig                         0x08002f01   Thumb Code    14  stm32f4xx_rcc.o(.text)
    RCC_PLLI2SCmd                            0x08002f0f   Thumb Code     6  stm32f4xx_rcc.o(.text)
    RCC_PLLSAIConfig                         0x08002f15   Thumb Code    20  stm32f4xx_rcc.o(.text)
    RCC_PLLSAICmd                            0x08002f29   Thumb Code     6  stm32f4xx_rcc.o(.text)
    RCC_ClockSecuritySystemCmd               0x08002f2f   Thumb Code     6  stm32f4xx_rcc.o(.text)
    RCC_MCO1Config                           0x08002f35   Thumb Code    28  stm32f4xx_rcc.o(.text)
    RCC_MCO2Config                           0x08002f51   Thumb Code    28  stm32f4xx_rcc.o(.text)
    RCC_SYSCLKConfig                         0x08002f6d   Thumb Code    20  stm32f4xx_rcc.o(.text)
    RCC_GetSYSCLKSource                      0x08002f81   Thumb Code    12  stm32f4xx_rcc.o(.text)
    RCC_HCLKConfig                           0x08002f8d   Thumb Code    20  stm32f4xx_rcc.o(.text)
    RCC_PCLK1Config                          0x08002fa1   Thumb Code    20  stm32f4xx_rcc.o(.text)
    RCC_PCLK2Config                          0x08002fb5   Thumb Code    22  stm32f4xx_rcc.o(.text)
    RCC_GetClocksFreq                        0x08002fcb   Thumb Code   222  stm32f4xx_rcc.o(.text)
    RCC_RTCCLKConfig                         0x080030a9   Thumb Code    54  stm32f4xx_rcc.o(.text)
    RCC_RTCCLKCmd                            0x080030df   Thumb Code     8  stm32f4xx_rcc.o(.text)
    RCC_BackupResetCmd                       0x080030e7   Thumb Code     8  stm32f4xx_rcc.o(.text)
    RCC_I2SCLKConfig                         0x080030ef   Thumb Code     6  stm32f4xx_rcc.o(.text)
    RCC_SAIPLLI2SClkDivConfig                0x080030f5   Thumb Code    26  stm32f4xx_rcc.o(.text)
    RCC_SAIPLLSAIClkDivConfig                0x0800310f   Thumb Code    28  stm32f4xx_rcc.o(.text)
    RCC_SAIBlockACLKConfig                   0x0800312b   Thumb Code    20  stm32f4xx_rcc.o(.text)
    RCC_SAIBlockBCLKConfig                   0x0800313f   Thumb Code    20  stm32f4xx_rcc.o(.text)
    RCC_LTDCCLKDivConfig                     0x08003153   Thumb Code    20  stm32f4xx_rcc.o(.text)
    RCC_TIMCLKPresConfig                     0x08003167   Thumb Code     6  stm32f4xx_rcc.o(.text)
    RCC_AHB1PeriphClockCmd                   0x0800316d   Thumb Code    34  stm32f4xx_rcc.o(.text)
    RCC_AHB2PeriphClockCmd                   0x0800318f   Thumb Code    78  stm32f4xx_rcc.o(.text)
    RCC_AHB3PeriphClockCmd                   0x080031dd   Thumb Code    34  stm32f4xx_rcc.o(.text)
    RCC_APB1PeriphClockCmd                   0x080031ff   Thumb Code    34  stm32f4xx_rcc.o(.text)
    RCC_APB2PeriphClockCmd                   0x08003221   Thumb Code    34  stm32f4xx_rcc.o(.text)
    RCC_AHB1PeriphResetCmd                   0x08003243   Thumb Code    34  stm32f4xx_rcc.o(.text)
    RCC_AHB2PeriphResetCmd                   0x08003265   Thumb Code    34  stm32f4xx_rcc.o(.text)
    RCC_AHB3PeriphResetCmd                   0x08003287   Thumb Code    34  stm32f4xx_rcc.o(.text)
    RCC_APB1PeriphResetCmd                   0x080032a9   Thumb Code    34  stm32f4xx_rcc.o(.text)
    RCC_APB2PeriphResetCmd                   0x080032cb   Thumb Code    34  stm32f4xx_rcc.o(.text)
    RCC_AHB1PeriphClockLPModeCmd             0x080032ed   Thumb Code    34  stm32f4xx_rcc.o(.text)
    RCC_AHB2PeriphClockLPModeCmd             0x0800330f   Thumb Code    34  stm32f4xx_rcc.o(.text)
    RCC_AHB3PeriphClockLPModeCmd             0x08003331   Thumb Code    34  stm32f4xx_rcc.o(.text)
    RCC_APB1PeriphClockLPModeCmd             0x08003353   Thumb Code    34  stm32f4xx_rcc.o(.text)
    RCC_APB2PeriphClockLPModeCmd             0x08003375   Thumb Code    34  stm32f4xx_rcc.o(.text)
    RCC_LSEModeConfig                        0x08003397   Thumb Code    40  stm32f4xx_rcc.o(.text)
    RCC_ITConfig                             0x080033bf   Thumb Code    34  stm32f4xx_rcc.o(.text)
    RCC_ClearFlag                            0x080033e1   Thumb Code    18  stm32f4xx_rcc.o(.text)
    RCC_GetITStatus                          0x080033f3   Thumb Code    22  stm32f4xx_rcc.o(.text)
    RCC_ClearITPendingBit                    0x08003409   Thumb Code     8  stm32f4xx_rcc.o(.text)
    SPI_I2S_DeInit                           0x08003415   Thumb Code   152  stm32f4xx_spi.o(.text)
    SPI_Init                                 0x080034ad   Thumb Code    60  stm32f4xx_spi.o(.text)
    I2S_Init                                 0x080034e9   Thumb Code   396  stm32f4xx_spi.o(.text)
    SPI_StructInit                           0x08003675   Thumb Code    24  stm32f4xx_spi.o(.text)
    I2S_StructInit                           0x0800368d   Thumb Code    20  stm32f4xx_spi.o(.text)
    SPI_Cmd                                  0x080036a1   Thumb Code    24  stm32f4xx_spi.o(.text)
    I2S_Cmd                                  0x080036b9   Thumb Code    24  stm32f4xx_spi.o(.text)
    SPI_DataSizeConfig                       0x080036d1   Thumb Code    18  stm32f4xx_spi.o(.text)
    SPI_BiDirectionalLineConfig              0x080036e3   Thumb Code    28  stm32f4xx_spi.o(.text)
    SPI_NSSInternalSoftwareConfig            0x080036ff   Thumb Code    30  stm32f4xx_spi.o(.text)
    SPI_SSOutputCmd                          0x0800371d   Thumb Code    24  stm32f4xx_spi.o(.text)
    SPI_TIModeCmd                            0x08003735   Thumb Code    24  stm32f4xx_spi.o(.text)
    I2S_FullDuplexConfig                     0x0800374d   Thumb Code    80  stm32f4xx_spi.o(.text)
    SPI_I2S_ReceiveData                      0x0800379d   Thumb Code     6  stm32f4xx_spi.o(.text)
    SPI_I2S_SendData                         0x080037a3   Thumb Code     4  stm32f4xx_spi.o(.text)
    SPI_CalculateCRC                         0x080037a7   Thumb Code    24  stm32f4xx_spi.o(.text)
    SPI_TransmitCRC                          0x080037bf   Thumb Code    10  stm32f4xx_spi.o(.text)
    SPI_GetCRC                               0x080037c9   Thumb Code    16  stm32f4xx_spi.o(.text)
    SPI_GetCRCPolynomial                     0x080037d9   Thumb Code     6  stm32f4xx_spi.o(.text)
    SPI_I2S_DMACmd                           0x080037df   Thumb Code    18  stm32f4xx_spi.o(.text)
    SPI_I2S_ITConfig                         0x080037f1   Thumb Code    68  stm32f4xx_spi.o(.text)
    SPI_I2S_GetFlagStatus                    0x08003835   Thumb Code    18  stm32f4xx_spi.o(.text)
    SPI_I2S_ClearFlag                        0x08003847   Thumb Code     6  stm32f4xx_spi.o(.text)
    SPI_I2S_GetITStatus                      0x0800384d   Thumb Code    52  stm32f4xx_spi.o(.text)
    SPI_I2S_ClearITPendingBit                0x08003881   Thumb Code    20  stm32f4xx_spi.o(.text)
    TIM_DeInit                               0x08003895   Thumb Code   346  stm32f4xx_tim.o(.text)
    TIM_TimeBaseInit                         0x080039ef   Thumb Code   104  stm32f4xx_tim.o(.text)
    TIM_TimeBaseStructInit                   0x08003a57   Thumb Code    18  stm32f4xx_tim.o(.text)
    TIM_PrescalerConfig                      0x08003a69   Thumb Code     6  stm32f4xx_tim.o(.text)
    TIM_CounterModeConfig                    0x08003a6f   Thumb Code    18  stm32f4xx_tim.o(.text)
    TIM_SetCounter                           0x08003a81   Thumb Code     4  stm32f4xx_tim.o(.text)
    TIM_SetAutoreload                        0x08003a85   Thumb Code     4  stm32f4xx_tim.o(.text)
    TIM_GetCounter                           0x08003a89   Thumb Code     6  stm32f4xx_tim.o(.text)
    TIM_GetPrescaler                         0x08003a8f   Thumb Code     6  stm32f4xx_tim.o(.text)
    TIM_UpdateDisableConfig                  0x08003a95   Thumb Code    24  stm32f4xx_tim.o(.text)
    TIM_UpdateRequestConfig                  0x08003aad   Thumb Code    24  stm32f4xx_tim.o(.text)
    TIM_ARRPreloadConfig                     0x08003ac5   Thumb Code    24  stm32f4xx_tim.o(.text)
    TIM_SelectOnePulseMode                   0x08003add   Thumb Code    18  stm32f4xx_tim.o(.text)
    TIM_SetClockDivision                     0x08003aef   Thumb Code    18  stm32f4xx_tim.o(.text)
    TIM_Cmd                                  0x08003b01   Thumb Code    24  stm32f4xx_tim.o(.text)
    TIM_OC1Init                              0x08003b19   Thumb Code   114  stm32f4xx_tim.o(.text)
    TIM_OC2Init                              0x08003b8b   Thumb Code   154  stm32f4xx_tim.o(.text)
    TIM_OC3Init                              0x08003c25   Thumb Code   204  stm32f4xx_tim.o(.text)
    TIM_OC4Init                              0x08003cf1   Thumb Code   112  stm32f4xx_tim.o(.text)
    TIM_OCStructInit                         0x08003d61   Thumb Code    20  stm32f4xx_tim.o(.text)
    TIM_SelectOCxM                           0x08003d75   Thumb Code    86  stm32f4xx_tim.o(.text)
    TIM_SetCompare1                          0x08003dcb   Thumb Code     4  stm32f4xx_tim.o(.text)
    TIM_SetCompare2                          0x08003dcf   Thumb Code     4  stm32f4xx_tim.o(.text)
    TIM_SetCompare3                          0x08003dd3   Thumb Code     4  stm32f4xx_tim.o(.text)
    TIM_SetCompare4                          0x08003dd7   Thumb Code     4  stm32f4xx_tim.o(.text)
    TIM_ForcedOC1Config                      0x08003ddb   Thumb Code    18  stm32f4xx_tim.o(.text)
    TIM_ForcedOC2Config                      0x08003ded   Thumb Code    26  stm32f4xx_tim.o(.text)
    TIM_ForcedOC3Config                      0x08003e07   Thumb Code    18  stm32f4xx_tim.o(.text)
    TIM_ForcedOC4Config                      0x08003e19   Thumb Code    26  stm32f4xx_tim.o(.text)
    TIM_OC1PreloadConfig                     0x08003e33   Thumb Code    18  stm32f4xx_tim.o(.text)
    TIM_OC2PreloadConfig                     0x08003e45   Thumb Code    26  stm32f4xx_tim.o(.text)
    TIM_OC3PreloadConfig                     0x08003e5f   Thumb Code    18  stm32f4xx_tim.o(.text)
    TIM_OC4PreloadConfig                     0x08003e71   Thumb Code    26  stm32f4xx_tim.o(.text)
    TIM_OC1FastConfig                        0x08003e8b   Thumb Code    18  stm32f4xx_tim.o(.text)
    TIM_OC2FastConfig                        0x08003e9d   Thumb Code    26  stm32f4xx_tim.o(.text)
    TIM_OC3FastConfig                        0x08003eb7   Thumb Code    18  stm32f4xx_tim.o(.text)
    TIM_OC4FastConfig                        0x08003ec9   Thumb Code    26  stm32f4xx_tim.o(.text)
    TIM_ClearOC1Ref                          0x08003ee3   Thumb Code    18  stm32f4xx_tim.o(.text)
    TIM_ClearOC2Ref                          0x08003ef5   Thumb Code    24  stm32f4xx_tim.o(.text)
    TIM_ClearOC3Ref                          0x08003f0d   Thumb Code    18  stm32f4xx_tim.o(.text)
    TIM_ClearOC4Ref                          0x08003f1f   Thumb Code    24  stm32f4xx_tim.o(.text)
    TIM_OC1PolarityConfig                    0x08003f37   Thumb Code    18  stm32f4xx_tim.o(.text)
    TIM_OC1NPolarityConfig                   0x08003f49   Thumb Code    18  stm32f4xx_tim.o(.text)
    TIM_OC2PolarityConfig                    0x08003f5b   Thumb Code    26  stm32f4xx_tim.o(.text)
    TIM_OC2NPolarityConfig                   0x08003f75   Thumb Code    26  stm32f4xx_tim.o(.text)
    TIM_OC3PolarityConfig                    0x08003f8f   Thumb Code    26  stm32f4xx_tim.o(.text)
    TIM_OC3NPolarityConfig                   0x08003fa9   Thumb Code    26  stm32f4xx_tim.o(.text)
    TIM_OC4PolarityConfig                    0x08003fc3   Thumb Code    26  stm32f4xx_tim.o(.text)
    TIM_CCxCmd                               0x08003fdd   Thumb Code    30  stm32f4xx_tim.o(.text)
    TIM_CCxNCmd                              0x08003ffb   Thumb Code    30  stm32f4xx_tim.o(.text)
    TIM_SetIC4Prescaler                      0x08004019   Thumb Code    26  stm32f4xx_tim.o(.text)
    TIM_SetIC3Prescaler                      0x08004083   Thumb Code    18  stm32f4xx_tim.o(.text)
    TIM_SetIC2Prescaler                      0x080040dd   Thumb Code    26  stm32f4xx_tim.o(.text)
    TIM_SetIC1Prescaler                      0x08004151   Thumb Code    18  stm32f4xx_tim.o(.text)
    TIM_ICInit                               0x0800419d   Thumb Code   110  stm32f4xx_tim.o(.text)
    TIM_ICStructInit                         0x0800420b   Thumb Code    18  stm32f4xx_tim.o(.text)
    TIM_PWMIConfig                           0x0800421d   Thumb Code   124  stm32f4xx_tim.o(.text)
    TIM_GetCapture1                          0x08004299   Thumb Code     6  stm32f4xx_tim.o(.text)
    TIM_GetCapture2                          0x0800429f   Thumb Code     6  stm32f4xx_tim.o(.text)
    TIM_GetCapture3                          0x080042a5   Thumb Code     6  stm32f4xx_tim.o(.text)
    TIM_GetCapture4                          0x080042ab   Thumb Code     6  stm32f4xx_tim.o(.text)
    TIM_BDTRConfig                           0x080042b1   Thumb Code    32  stm32f4xx_tim.o(.text)
    TIM_BDTRStructInit                       0x080042d1   Thumb Code    18  stm32f4xx_tim.o(.text)
    TIM_CtrlPWMOutputs                       0x080042e3   Thumb Code    30  stm32f4xx_tim.o(.text)
    TIM_SelectCOM                            0x08004301   Thumb Code    24  stm32f4xx_tim.o(.text)
    TIM_CCPreloadControl                     0x08004319   Thumb Code    24  stm32f4xx_tim.o(.text)
    TIM_ITConfig                             0x08004331   Thumb Code    18  stm32f4xx_tim.o(.text)
    TIM_GenerateEvent                        0x08004343   Thumb Code     4  stm32f4xx_tim.o(.text)
    TIM_GetFlagStatus                        0x08004347   Thumb Code    18  stm32f4xx_tim.o(.text)
    TIM_ClearFlag                            0x08004359   Thumb Code     6  stm32f4xx_tim.o(.text)
    TIM_GetITStatus                          0x0800435f   Thumb Code    34  stm32f4xx_tim.o(.text)
    TIM_ClearITPendingBit                    0x08004381   Thumb Code     6  stm32f4xx_tim.o(.text)
    TIM_DMAConfig                            0x08004387   Thumb Code    10  stm32f4xx_tim.o(.text)
    TIM_DMACmd                               0x08004391   Thumb Code    18  stm32f4xx_tim.o(.text)
    TIM_SelectCCDMA                          0x080043a3   Thumb Code    24  stm32f4xx_tim.o(.text)
    TIM_InternalClockConfig                  0x080043bb   Thumb Code    12  stm32f4xx_tim.o(.text)
    TIM_SelectInputTrigger                   0x080043c7   Thumb Code    18  stm32f4xx_tim.o(.text)
    TIM_ITRxExternalClockConfig              0x080043d9   Thumb Code    24  stm32f4xx_tim.o(.text)
    TIM_TIxExternalClockConfig               0x080043f1   Thumb Code    62  stm32f4xx_tim.o(.text)
    TIM_ETRConfig                            0x0800442f   Thumb Code    28  stm32f4xx_tim.o(.text)
    TIM_ETRClockMode1Config                  0x0800444b   Thumb Code    54  stm32f4xx_tim.o(.text)
    TIM_ETRClockMode2Config                  0x08004481   Thumb Code    32  stm32f4xx_tim.o(.text)
    TIM_SelectOutputTrigger                  0x080044a1   Thumb Code    18  stm32f4xx_tim.o(.text)
    TIM_SelectSlaveMode                      0x080044b3   Thumb Code    18  stm32f4xx_tim.o(.text)
    TIM_SelectMasterSlaveMode                0x080044c5   Thumb Code    18  stm32f4xx_tim.o(.text)
    TIM_EncoderInterfaceConfig               0x080044d7   Thumb Code    66  stm32f4xx_tim.o(.text)
    TIM_SelectHallSensor                     0x08004519   Thumb Code    24  stm32f4xx_tim.o(.text)
    TIM_RemapConfig                          0x08004531   Thumb Code     6  stm32f4xx_tim.o(.text)
    USART_DeInit                             0x08004539   Thumb Code   206  stm32f4xx_usart.o(.text)
    USART_Init                               0x08004607   Thumb Code   204  stm32f4xx_usart.o(.text)
    USART_StructInit                         0x080046d3   Thumb Code    24  stm32f4xx_usart.o(.text)
    USART_ClockInit                          0x080046eb   Thumb Code    32  stm32f4xx_usart.o(.text)
    USART_ClockStructInit                    0x0800470b   Thumb Code    12  stm32f4xx_usart.o(.text)
    USART_Cmd                                0x08004717   Thumb Code    24  stm32f4xx_usart.o(.text)
    USART_SetPrescaler                       0x0800472f   Thumb Code    16  stm32f4xx_usart.o(.text)
    USART_OverSampling8Cmd                   0x0800473f   Thumb Code    22  stm32f4xx_usart.o(.text)
    USART_OneBitMethodCmd                    0x08004755   Thumb Code    24  stm32f4xx_usart.o(.text)
    USART_SendData                           0x0800476d   Thumb Code     8  stm32f4xx_usart.o(.text)
    USART_ReceiveData                        0x08004775   Thumb Code    10  stm32f4xx_usart.o(.text)
    USART_SetAddress                         0x0800477f   Thumb Code    18  stm32f4xx_usart.o(.text)
    USART_ReceiverWakeUpCmd                  0x08004791   Thumb Code    24  stm32f4xx_usart.o(.text)
    USART_WakeUpConfig                       0x080047a9   Thumb Code    18  stm32f4xx_usart.o(.text)
    USART_LINBreakDetectLengthConfig         0x080047bb   Thumb Code    18  stm32f4xx_usart.o(.text)
    USART_LINCmd                             0x080047cd   Thumb Code    24  stm32f4xx_usart.o(.text)
    USART_SendBreak                          0x080047e5   Thumb Code    10  stm32f4xx_usart.o(.text)
    USART_HalfDuplexCmd                      0x080047ef   Thumb Code    24  stm32f4xx_usart.o(.text)
    USART_SetGuardTime                       0x08004807   Thumb Code    16  stm32f4xx_usart.o(.text)
    USART_SmartCardCmd                       0x08004817   Thumb Code    24  stm32f4xx_usart.o(.text)
    USART_SmartCardNACKCmd                   0x0800482f   Thumb Code    24  stm32f4xx_usart.o(.text)
    USART_IrDAConfig                         0x08004847   Thumb Code    18  stm32f4xx_usart.o(.text)
    USART_IrDACmd                            0x08004859   Thumb Code    24  stm32f4xx_usart.o(.text)
    USART_DMACmd                             0x08004871   Thumb Code    18  stm32f4xx_usart.o(.text)
    USART_ITConfig                           0x08004883   Thumb Code    74  stm32f4xx_usart.o(.text)
    USART_GetFlagStatus                      0x080048cd   Thumb Code    26  stm32f4xx_usart.o(.text)
    USART_ClearFlag                          0x080048e7   Thumb Code    18  stm32f4xx_usart.o(.text)
    USART_GetITStatus                        0x080048f9   Thumb Code   118  stm32f4xx_usart.o(.text)
    USART_ClearITPendingBit                  0x0800496f   Thumb Code    30  stm32f4xx_usart.o(.text)
    vsprintf                                 0x0800498d   Thumb Code    32  vsprintf.o(.text)
    __2sprintf                               0x080049b1   Thumb Code    38  __2sprintf.o(.text)
    _printf_int_dec                          0x080049dd   Thumb Code   104  _printf_dec.o(.text)
    __printf                                 0x08004a55   Thumb Code   388  __printf_flags_ss_wp.o(.text)
    __use_two_region_memory                  0x08004bdd   Thumb Code     2  heapauxi.o(.text)
    __rt_heap_escrow$2region                 0x08004bdf   Thumb Code     2  heapauxi.o(.text)
    __rt_heap_expand$2region                 0x08004be1   Thumb Code     2  heapauxi.o(.text)
    _printf_pre_padding                      0x08004be3   Thumb Code    44  _printf_pad.o(.text)
    _printf_post_padding                     0x08004c0f   Thumb Code    34  _printf_pad.o(.text)
    _printf_truncate_signed                  0x08004c31   Thumb Code    18  _printf_truncate.o(.text)
    _printf_truncate_unsigned                0x08004c43   Thumb Code    18  _printf_truncate.o(.text)
    _printf_str                              0x08004c55   Thumb Code    82  _printf_str.o(.text)
    _printf_int_common                       0x08004ca7   Thumb Code   178  _printf_intcommon.o(.text)
    _printf_charcount                        0x08004d59   Thumb Code    40  _printf_charcount.o(.text)
    __lib_sel_fp_printf                      0x08004d81   Thumb Code     2  _printf_fp_dec.o(.text)
    _printf_fp_dec_real                      0x08004f2f   Thumb Code   620  _printf_fp_dec.o(.text)
    _printf_char_common                      0x080051a7   Thumb Code    32  _printf_char_common.o(.text)
    _sputc                                   0x080051cd   Thumb Code    10  _sputc.o(.text)
    _printf_wctomb                           0x080051d9   Thumb Code   182  _printf_wctomb.o(.text)
    _printf_longlong_dec                     0x08005295   Thumb Code   108  _printf_longlong_dec.o(.text)
    _printf_longlong_oct                     0x08005311   Thumb Code    66  _printf_oct_int_ll.o(.text)
    _printf_int_oct                          0x08005353   Thumb Code    24  _printf_oct_int_ll.o(.text)
    _printf_ll_oct                           0x0800536b   Thumb Code    12  _printf_oct_int_ll.o(.text)
    _printf_longlong_hex                     0x08005381   Thumb Code    86  _printf_hex_int_ll_ptr.o(.text)
    _printf_int_hex                          0x080053d7   Thumb Code    28  _printf_hex_int_ll_ptr.o(.text)
    _printf_ll_hex                           0x080053f3   Thumb Code    12  _printf_hex_int_ll_ptr.o(.text)
    _printf_hex_ptr                          0x080053ff   Thumb Code    18  _printf_hex_int_ll_ptr.o(.text)
    __rt_locale                              0x08005415   Thumb Code     8  rt_locale_intlibspace.o(.text)
    _ll_udiv10                               0x0800541d   Thumb Code   138  lludiv10.o(.text)
    _printf_fp_hex_real                      0x080054a9   Thumb Code   756  _printf_fp_hex.o(.text)
    _printf_fp_infnan                        0x080057a5   Thumb Code   112  _printf_fp_infnan.o(.text)
    _printf_cs_common                        0x08005825   Thumb Code    20  _printf_char.o(.text)
    _printf_char                             0x08005839   Thumb Code    16  _printf_char.o(.text)
    _printf_string                           0x08005849   Thumb Code     8  _printf_char.o(.text)
    _printf_lcs_common                       0x08005851   Thumb Code    20  _printf_wchar.o(.text)
    _printf_wchar                            0x08005865   Thumb Code    16  _printf_wchar.o(.text)
    _printf_wstring                          0x08005875   Thumb Code     8  _printf_wchar.o(.text)
    _btod_etento                             0x0800587d   Thumb Code   216  bigflt0.o(.text)
    _wcrtomb                                 0x08005959   Thumb Code    64  _wcrtomb.o(.text)
    __user_libspace                          0x08005999   Thumb Code     8  libspace.o(.text)
    __user_perproc_libspace                  0x08005999   Thumb Code     0  libspace.o(.text)
    __user_perthread_libspace                0x08005999   Thumb Code     0  libspace.o(.text)
    __user_setup_stackheap                   0x080059a1   Thumb Code    74  sys_stackheap_outer.o(.text)
    __rt_ctype_table                         0x080059ed   Thumb Code    16  rt_ctype_table.o(.text)
    exit                                     0x080059fd   Thumb Code    18  exit.o(.text)
    strcmp                                   0x08005a11   Thumb Code   128  strcmpv7m.o(.text)
    _sys_exit                                0x08005a91   Thumb Code     8  sys_exit.o(.text)
    __I$use$semihosting                      0x08005a9d   Thumb Code     0  use_no_semi.o(.text)
    __use_no_semihosting_swi                 0x08005a9d   Thumb Code     2  use_no_semi.o(.text)
    __semihosting_library_function           0x08005a9f   Thumb Code     0  indicate_semi.o(.text)
    _btod_d2e                                0x08005a9f   Thumb Code    62  btod.o(CL$$btod_d2e)
    _d2e_denorm_low                          0x08005add   Thumb Code    70  btod.o(CL$$btod_d2e_denorm_low)
    _d2e_norm_op1                            0x08005b23   Thumb Code    96  btod.o(CL$$btod_d2e_norm_op1)
    __btod_div_common                        0x08005b83   Thumb Code   696  btod.o(CL$$btod_div_common)
    _e2e                                     0x08005ebb   Thumb Code   198  btod.o(CL$$btod_e2e)
    _btod_ediv                               0x08005f81   Thumb Code    40  btod.o(CL$$btod_ediv)
    _btod_emul                               0x08005fa9   Thumb Code    40  btod.o(CL$$btod_emul)
    __btod_mult_common                       0x08005fd1   Thumb Code   580  btod.o(CL$$btod_mult_common)
    __ARM_fpclassify                         0x08006215   Thumb Code    48  fpclassify.o(i.__ARM_fpclassify)
    _is_digit                                0x08006245   Thumb Code    14  __printf_wp.o(i._is_digit)
    _get_lc_numeric                          0x08006255   Thumb Code    44  lc_numeric_c.o(locale$$code)
    _get_lc_ctype                            0x08006281   Thumb Code    44  lc_ctype_c.o(locale$$code)
    __aeabi_d2uiz                            0x080062ad   Thumb Code     0  dfixu.o(x$fpl$dfixu)
    _dfixu                                   0x080062ad   Thumb Code    90  dfixu.o(x$fpl$dfixu)
    __aeabi_i2d                              0x08006307   Thumb Code     0  dflt_clz.o(x$fpl$dflt)
    _dflt                                    0x08006307   Thumb Code    46  dflt_clz.o(x$fpl$dflt)
    __fpl_dnaninf                            0x08006335   Thumb Code   156  dnaninf.o(x$fpl$dnaninf)
    __fpl_dretinf                            0x080063d1   Thumb Code    12  dretinf.o(x$fpl$dretinf)
    __aeabi_f2d                              0x080063dd   Thumb Code     0  f2d.o(x$fpl$f2d)
    _f2d                                     0x080063dd   Thumb Code    86  f2d.o(x$fpl$f2d)
    __fpl_fnaninf                            0x08006433   Thumb Code   140  fnaninf.o(x$fpl$fnaninf)
    _fp_init                                 0x080064bf   Thumb Code    10  fpinit.o(x$fpl$fpinit)
    __fplib_config_fpu_vfp                   0x080064c7   Thumb Code     0  fpinit.o(x$fpl$fpinit)
    __fplib_config_pureend_doubles           0x080064c7   Thumb Code     0  fpinit.o(x$fpl$fpinit)
    _printf_fp_dec                           0x080064c9   Thumb Code     4  printf1.o(x$fpl$printf1)
    _printf_fp_hex                           0x080064cd   Thumb Code     4  printf2.o(x$fpl$printf2)
    __I$use$fp                               0x080064d0   Number         0  usenofp.o(x$fpl$usenofp)
    Region$$Table$$Base                      0x080065d0   Number         0  anon$$obj.o(Region$$Table)
    Region$$Table$$Limit                     0x080065f0   Number         0  anon$$obj.o(Region$$Table)
    __ctype                                  0x08006619   Data           0  lc_ctype_c.o(locale$$data)
    SystemCoreClock                          0x20000000   Data           4  system_stm32f4xx.o(.data)
    AHBPrescTable                            0x20000004   Data          16  system_stm32f4xx.o(.data)
    ascii_8x16                               0x20000026   Data        1536  lcd_main.o(.data)
    curr_bg_color                            0x20000626   Data           2  lcd_main.o(.data)
    curr_text_color                          0x20000628   Data           2  lcd_main.o(.data)
    curr_text_color_sp                       0x2000062a   Data           2  lcd_main.o(.data)
    tft_orientation                          0x2000062c   Data           1  lcd_main.o(.data)
    tft_enabled                              0x2000062d   Data           1  lcd_main.o(.data)
    tft_width                                0x2000062e   Data           1  lcd_main.o(.data)
    tft_height                               0x2000062f   Data           1  lcd_main.o(.data)
    tft_y_index                              0x20000630   Data           1  lcd_main.o(.data)
    char_max_x                               0x20000631   Data           1  lcd_main.o(.data)
    char_max_y                               0x20000632   Data           1  lcd_main.o(.data)
    pointer_to_curr_screen                   0x20000633   Data           1  lcd_main.o(.data)
    print_pos                                0x20000634   Data           2  lcd_main.o(.data)
    msTicks                                  0x20000638   Data           4  ticks.o(.data)
    ReceiveBuff                              0x2000063c   Data           8  usart.o(.data)
    UART1_ReceiveSize                        0x20000644   Data           2  usart.o(.data)
    encoder_count                            0x200006a8   Data          16  encoder.o(.bss)
    text                                     0x200006b8   Data         400  lcd_main.o(.bss)
    text_color                               0x20000848   Data         800  lcd_main.o(.bss)
    bg_color                                 0x20000b68   Data         800  lcd_main.o(.bss)
    chassis                                  0x20000e88   Data          48  chassis.o(.bss)
    __libspace_start                         0x20000eb8   Data          96  libspace.o(.bss)
    __temporary_stack_top$libspace           0x20000f18   Data           0  libspace.o(.bss)



==============================================================================

Memory Map of the image

  Image Entry point : 0x08000189

  Load Region LR_IROM1 (Base: 0x08000000, Size: 0x00006d74, Max: 0x00100000, ABSOLUTE, COMPRESSED[0x000069ec])

    Execution Region ER_IROM1 (Base: 0x08000000, Size: 0x0000671c, Max: 0x00100000, ABSOLUTE)

    Base Addr    Size         Type   Attr      Idx    E Section Name        Object

    0x08000000   0x00000188   Data   RO          452    RESET               startup_stm32f40_41xxx.o
    0x08000188   0x00000008   Code   RO         1211  * !!!main             c_w.l(__main.o)
    0x08000190   0x00000034   Code   RO         1525    !!!scatter          c_w.l(__scatter.o)
    0x080001c4   0x0000005a   Code   RO         1523    !!dczerorl2         c_w.l(__dczerorl2.o)
    0x0800021e   0x00000002   PAD
    0x08000220   0x0000001c   Code   RO         1527    !!handler_zi        c_w.l(__scatter_zi.o)
    0x0800023c   0x00000000   Code   RO         1208    .ARM.Collect$$_printf_percent$$00000000  c_w.l(_printf_percent.o)
    0x0800023c   0x00000006   Code   RO         1278    .ARM.Collect$$_printf_percent$$00000001  c_w.l(_printf_n.o)
    0x08000242   0x00000006   Code   RO         1280    .ARM.Collect$$_printf_percent$$00000002  c_w.l(_printf_p.o)
    0x08000248   0x00000006   Code   RO         1207    .ARM.Collect$$_printf_percent$$00000003  c_w.l(_printf_f.o)
    0x0800024e   0x00000006   Code   RO         1284    .ARM.Collect$$_printf_percent$$00000004  c_w.l(_printf_e.o)
    0x08000254   0x00000006   Code   RO         1285    .ARM.Collect$$_printf_percent$$00000005  c_w.l(_printf_g.o)
    0x0800025a   0x00000006   Code   RO         1286    .ARM.Collect$$_printf_percent$$00000006  c_w.l(_printf_a.o)
    0x08000260   0x0000000a   Code   RO         1291    .ARM.Collect$$_printf_percent$$00000007  c_w.l(_printf_ll.o)
    0x0800026a   0x00000006   Code   RO         1282    .ARM.Collect$$_printf_percent$$00000008  c_w.l(_printf_i.o)
    0x08000270   0x00000006   Code   RO         1206    .ARM.Collect$$_printf_percent$$00000009  c_w.l(_printf_d.o)
    0x08000276   0x00000006   Code   RO         1283    .ARM.Collect$$_printf_percent$$0000000A  c_w.l(_printf_u.o)
    0x0800027c   0x00000006   Code   RO         1281    .ARM.Collect$$_printf_percent$$0000000B  c_w.l(_printf_o.o)
    0x08000282   0x00000006   Code   RO         1279    .ARM.Collect$$_printf_percent$$0000000C  c_w.l(_printf_x.o)
    0x08000288   0x00000006   Code   RO         1288    .ARM.Collect$$_printf_percent$$0000000D  c_w.l(_printf_lli.o)
    0x0800028e   0x00000006   Code   RO         1289    .ARM.Collect$$_printf_percent$$0000000E  c_w.l(_printf_lld.o)
    0x08000294   0x00000006   Code   RO         1290    .ARM.Collect$$_printf_percent$$0000000F  c_w.l(_printf_llu.o)
    0x0800029a   0x00000006   Code   RO         1295    .ARM.Collect$$_printf_percent$$00000010  c_w.l(_printf_llo.o)
    0x080002a0   0x00000006   Code   RO         1296    .ARM.Collect$$_printf_percent$$00000011  c_w.l(_printf_llx.o)
    0x080002a6   0x0000000a   Code   RO         1292    .ARM.Collect$$_printf_percent$$00000012  c_w.l(_printf_l.o)
    0x080002b0   0x00000006   Code   RO         1276    .ARM.Collect$$_printf_percent$$00000013  c_w.l(_printf_c.o)
    0x080002b6   0x00000006   Code   RO         1277    .ARM.Collect$$_printf_percent$$00000014  c_w.l(_printf_s.o)
    0x080002bc   0x00000006   Code   RO         1293    .ARM.Collect$$_printf_percent$$00000015  c_w.l(_printf_lc.o)
    0x080002c2   0x00000006   Code   RO         1294    .ARM.Collect$$_printf_percent$$00000016  c_w.l(_printf_ls.o)
    0x080002c8   0x00000004   Code   RO         1287    .ARM.Collect$$_printf_percent$$00000017  c_w.l(_printf_percent_end.o)
    0x080002cc   0x00000002   Code   RO         1393    .ARM.Collect$$libinit$$00000000  c_w.l(libinit.o)
    0x080002ce   0x00000004   Code   RO         1394    .ARM.Collect$$libinit$$00000001  c_w.l(libinit2.o)
    0x080002d2   0x00000000   Code   RO         1397    .ARM.Collect$$libinit$$00000004  c_w.l(libinit2.o)
    0x080002d2   0x00000000   Code   RO         1400    .ARM.Collect$$libinit$$0000000A  c_w.l(libinit2.o)
    0x080002d2   0x00000000   Code   RO         1402    .ARM.Collect$$libinit$$0000000C  c_w.l(libinit2.o)
    0x080002d2   0x00000000   Code   RO         1404    .ARM.Collect$$libinit$$0000000E  c_w.l(libinit2.o)
    0x080002d2   0x00000006   Code   RO         1405    .ARM.Collect$$libinit$$0000000F  c_w.l(libinit2.o)
    0x080002d8   0x00000000   Code   RO         1407    .ARM.Collect$$libinit$$00000011  c_w.l(libinit2.o)
    0x080002d8   0x0000000c   Code   RO         1408    .ARM.Collect$$libinit$$00000012  c_w.l(libinit2.o)
    0x080002e4   0x00000000   Code   RO         1409    .ARM.Collect$$libinit$$00000013  c_w.l(libinit2.o)
    0x080002e4   0x00000000   Code   RO         1411    .ARM.Collect$$libinit$$00000015  c_w.l(libinit2.o)
    0x080002e4   0x0000000a   Code   RO         1412    .ARM.Collect$$libinit$$00000016  c_w.l(libinit2.o)
    0x080002ee   0x00000000   Code   RO         1413    .ARM.Collect$$libinit$$00000017  c_w.l(libinit2.o)
    0x080002ee   0x00000000   Code   RO         1415    .ARM.Collect$$libinit$$00000019  c_w.l(libinit2.o)
    0x080002ee   0x00000000   Code   RO         1417    .ARM.Collect$$libinit$$0000001B  c_w.l(libinit2.o)
    0x080002ee   0x00000000   Code   RO         1419    .ARM.Collect$$libinit$$0000001D  c_w.l(libinit2.o)
    0x080002ee   0x00000000   Code   RO         1421    .ARM.Collect$$libinit$$0000001F  c_w.l(libinit2.o)
    0x080002ee   0x00000000   Code   RO         1423    .ARM.Collect$$libinit$$00000021  c_w.l(libinit2.o)
    0x080002ee   0x00000000   Code   RO         1425    .ARM.Collect$$libinit$$00000023  c_w.l(libinit2.o)
    0x080002ee   0x00000000   Code   RO         1427    .ARM.Collect$$libinit$$00000025  c_w.l(libinit2.o)
    0x080002ee   0x00000000   Code   RO         1431    .ARM.Collect$$libinit$$0000002C  c_w.l(libinit2.o)
    0x080002ee   0x00000000   Code   RO         1433    .ARM.Collect$$libinit$$0000002E  c_w.l(libinit2.o)
    0x080002ee   0x00000000   Code   RO         1435    .ARM.Collect$$libinit$$00000030  c_w.l(libinit2.o)
    0x080002ee   0x00000000   Code   RO         1437    .ARM.Collect$$libinit$$00000032  c_w.l(libinit2.o)
    0x080002ee   0x00000002   Code   RO         1438    .ARM.Collect$$libinit$$00000033  c_w.l(libinit2.o)
    0x080002f0   0x00000002   Code   RO         1471    .ARM.Collect$$libshutdown$$00000000  c_w.l(libshutdown.o)
    0x080002f2   0x00000000   Code   RO         1482    .ARM.Collect$$libshutdown$$00000002  c_w.l(libshutdown2.o)
    0x080002f2   0x00000000   Code   RO         1484    .ARM.Collect$$libshutdown$$00000004  c_w.l(libshutdown2.o)
    0x080002f2   0x00000000   Code   RO         1487    .ARM.Collect$$libshutdown$$00000007  c_w.l(libshutdown2.o)
    0x080002f2   0x00000000   Code   RO         1490    .ARM.Collect$$libshutdown$$0000000A  c_w.l(libshutdown2.o)
    0x080002f2   0x00000000   Code   RO         1492    .ARM.Collect$$libshutdown$$0000000C  c_w.l(libshutdown2.o)
    0x080002f2   0x00000000   Code   RO         1495    .ARM.Collect$$libshutdown$$0000000F  c_w.l(libshutdown2.o)
    0x080002f2   0x00000002   Code   RO         1496    .ARM.Collect$$libshutdown$$00000010  c_w.l(libshutdown2.o)
    0x080002f4   0x00000000   Code   RO         1227    .ARM.Collect$$rtentry$$00000000  c_w.l(__rtentry.o)
    0x080002f4   0x00000000   Code   RO         1311    .ARM.Collect$$rtentry$$00000002  c_w.l(__rtentry2.o)
    0x080002f4   0x00000006   Code   RO         1323    .ARM.Collect$$rtentry$$00000004  c_w.l(__rtentry4.o)
    0x080002fa   0x00000000   Code   RO         1313    .ARM.Collect$$rtentry$$00000009  c_w.l(__rtentry2.o)
    0x080002fa   0x00000004   Code   RO         1314    .ARM.Collect$$rtentry$$0000000A  c_w.l(__rtentry2.o)
    0x080002fe   0x00000000   Code   RO         1316    .ARM.Collect$$rtentry$$0000000C  c_w.l(__rtentry2.o)
    0x080002fe   0x00000008   Code   RO         1317    .ARM.Collect$$rtentry$$0000000D  c_w.l(__rtentry2.o)
    0x08000306   0x00000002   Code   RO         1439    .ARM.Collect$$rtexit$$00000000  c_w.l(rtexit.o)
    0x08000308   0x00000000   Code   RO         1449    .ARM.Collect$$rtexit$$00000002  c_w.l(rtexit2.o)
    0x08000308   0x00000004   Code   RO         1450    .ARM.Collect$$rtexit$$00000003  c_w.l(rtexit2.o)
    0x0800030c   0x00000006   Code   RO         1451    .ARM.Collect$$rtexit$$00000004  c_w.l(rtexit2.o)
    0x08000312   0x00000002   PAD
    0x08000314   0x00000220   Code   RO            3    .text               main.o
    0x08000534   0x00000070   Code   RO          171    .text               stm32f4xx_it.o
    0x080005a4   0x00000210   Code   RO          191    .text               system_stm32f4xx.o
    0x080007b4   0x00000038   Code   RO          217    .text               led.o
    0x080007ec   0x0000031c   Code   RO          263    .text               motor.o
    0x08000b08   0x0000044c   Code   RO          285    .text               encoder.o
    0x08000f54   0x0000104c   Code   RO          312    .text               lcd_main.o
    0x08001fa0   0x000000c0   Code   RO          349    .text               ticks.o
    0x08002060   0x00000350   Code   RO          401    .text               chassis.o
    0x080023b0   0x0000019c   Code   RO          426    .text               usart.o
    0x0800254c   0x00000040   Code   RO          453    .text               startup_stm32f40_41xxx.o
    0x0800258c   0x000000e0   Code   RO          459    .text               misc.o
    0x0800266c   0x000003a8   Code   RO          702    .text               stm32f4xx_dma.o
    0x08002a14   0x00000110   Code   RO          722    .text               stm32f4xx_exti.o
    0x08002b24   0x00000294   Code   RO          808    .text               stm32f4xx_gpio.o
    0x08002db8   0x0000065c   Code   RO          971    .text               stm32f4xx_rcc.o
    0x08003414   0x00000480   Code   RO         1076    .text               stm32f4xx_spi.o
    0x08003894   0x00000ca2   Code   RO         1116    .text               stm32f4xx_tim.o
    0x08004536   0x00000002   PAD
    0x08004538   0x00000454   Code   RO         1136    .text               stm32f4xx_usart.o
    0x0800498c   0x00000024   Code   RO         1176    .text               c_w.l(vsprintf.o)
    0x080049b0   0x0000002c   Code   RO         1178    .text               c_w.l(__2sprintf.o)
    0x080049dc   0x00000078   Code   RO         1184    .text               c_w.l(_printf_dec.o)
    0x08004a54   0x00000188   Code   RO         1203    .text               c_w.l(__printf_flags_ss_wp.o)
    0x08004bdc   0x00000006   Code   RO         1209    .text               c_w.l(heapauxi.o)
    0x08004be2   0x0000004e   Code   RO         1228    .text               c_w.l(_printf_pad.o)
    0x08004c30   0x00000024   Code   RO         1230    .text               c_w.l(_printf_truncate.o)
    0x08004c54   0x00000052   Code   RO         1232    .text               c_w.l(_printf_str.o)
    0x08004ca6   0x000000b2   Code   RO         1234    .text               c_w.l(_printf_intcommon.o)
    0x08004d58   0x00000028   Code   RO         1236    .text               c_w.l(_printf_charcount.o)
    0x08004d80   0x0000041a   Code   RO         1238    .text               c_w.l(_printf_fp_dec.o)
    0x0800519a   0x00000002   PAD
    0x0800519c   0x00000030   Code   RO         1240    .text               c_w.l(_printf_char_common.o)
    0x080051cc   0x0000000a   Code   RO         1242    .text               c_w.l(_sputc.o)
    0x080051d6   0x00000002   PAD
    0x080051d8   0x000000bc   Code   RO         1244    .text               c_w.l(_printf_wctomb.o)
    0x08005294   0x0000007c   Code   RO         1247    .text               c_w.l(_printf_longlong_dec.o)
    0x08005310   0x00000070   Code   RO         1253    .text               c_w.l(_printf_oct_int_ll.o)
    0x08005380   0x00000094   Code   RO         1273    .text               c_w.l(_printf_hex_int_ll_ptr.o)
    0x08005414   0x00000008   Code   RO         1328    .text               c_w.l(rt_locale_intlibspace.o)
    0x0800541c   0x0000008a   Code   RO         1330    .text               c_w.l(lludiv10.o)
    0x080054a6   0x00000002   PAD
    0x080054a8   0x000002fc   Code   RO         1332    .text               c_w.l(_printf_fp_hex.o)
    0x080057a4   0x00000080   Code   RO         1335    .text               c_w.l(_printf_fp_infnan.o)
    0x08005824   0x0000002c   Code   RO         1339    .text               c_w.l(_printf_char.o)
    0x08005850   0x0000002c   Code   RO         1341    .text               c_w.l(_printf_wchar.o)
    0x0800587c   0x000000dc   Code   RO         1343    .text               c_w.l(bigflt0.o)
    0x08005958   0x00000040   Code   RO         1368    .text               c_w.l(_wcrtomb.o)
    0x08005998   0x00000008   Code   RO         1377    .text               c_w.l(libspace.o)
    0x080059a0   0x0000004a   Code   RO         1380    .text               c_w.l(sys_stackheap_outer.o)
    0x080059ea   0x00000002   PAD
    0x080059ec   0x00000010   Code   RO         1382    .text               c_w.l(rt_ctype_table.o)
    0x080059fc   0x00000012   Code   RO         1384    .text               c_w.l(exit.o)
    0x08005a0e   0x00000002   PAD
    0x08005a10   0x00000080   Code   RO         1386    .text               c_w.l(strcmpv7m.o)
    0x08005a90   0x0000000c   Code   RO         1461    .text               c_w.l(sys_exit.o)
    0x08005a9c   0x00000002   Code   RO         1472    .text               c_w.l(use_no_semi.o)
    0x08005a9e   0x00000000   Code   RO         1474    .text               c_w.l(indicate_semi.o)
    0x08005a9e   0x0000003e   Code   RO         1346    CL$$btod_d2e        c_w.l(btod.o)
    0x08005adc   0x00000046   Code   RO         1348    CL$$btod_d2e_denorm_low  c_w.l(btod.o)
    0x08005b22   0x00000060   Code   RO         1347    CL$$btod_d2e_norm_op1  c_w.l(btod.o)
    0x08005b82   0x00000338   Code   RO         1356    CL$$btod_div_common  c_w.l(btod.o)
    0x08005eba   0x000000c6   Code   RO         1353    CL$$btod_e2e        c_w.l(btod.o)
    0x08005f80   0x00000028   Code   RO         1350    CL$$btod_ediv       c_w.l(btod.o)
    0x08005fa8   0x00000028   Code   RO         1349    CL$$btod_emul       c_w.l(btod.o)
    0x08005fd0   0x00000244   Code   RO         1355    CL$$btod_mult_common  c_w.l(btod.o)
    0x08006214   0x00000030   Code   RO         1375    i.__ARM_fpclassify  m_wm.l(fpclassify.o)
    0x08006244   0x0000000e   Code   RO         1196    i._is_digit         c_w.l(__printf_wp.o)
    0x08006252   0x00000002   PAD
    0x08006254   0x0000002c   Code   RO         1371    locale$$code        c_w.l(lc_numeric_c.o)
    0x08006280   0x0000002c   Code   RO         1442    locale$$code        c_w.l(lc_ctype_c.o)
    0x080062ac   0x0000005a   Code   RO         1213    x$fpl$dfixu         fz_wm.l(dfixu.o)
    0x08006306   0x0000002e   Code   RO         1218    x$fpl$dflt          fz_wm.l(dflt_clz.o)
    0x08006334   0x0000009c   Code   RO         1297    x$fpl$dnaninf       fz_wm.l(dnaninf.o)
    0x080063d0   0x0000000c   Code   RO         1299    x$fpl$dretinf       fz_wm.l(dretinf.o)
    0x080063dc   0x00000056   Code   RO         1223    x$fpl$f2d           fz_wm.l(f2d.o)
    0x08006432   0x0000008c   Code   RO         1301    x$fpl$fnaninf       fz_wm.l(fnaninf.o)
    0x080064be   0x0000000a   Code   RO         1446    x$fpl$fpinit        fz_wm.l(fpinit.o)
    0x080064c8   0x00000004   Code   RO         1225    x$fpl$printf1       fz_wm.l(printf1.o)
    0x080064cc   0x00000004   Code   RO         1303    x$fpl$printf2       fz_wm.l(printf2.o)
    0x080064d0   0x00000000   Code   RO         1309    x$fpl$usenofp       fz_wm.l(usenofp.o)
    0x080064d0   0x00000011   Data   RO         1204    .constdata          c_w.l(__printf_flags_ss_wp.o)
    0x080064e1   0x00000003   PAD
    0x080064e4   0x00000008   Data   RO         1245    .constdata          c_w.l(_printf_wctomb.o)
    0x080064ec   0x00000028   Data   RO         1274    .constdata          c_w.l(_printf_hex_int_ll_ptr.o)
    0x08006514   0x00000026   Data   RO         1333    .constdata          c_w.l(_printf_fp_hex.o)
    0x0800653a   0x00000002   PAD
    0x0800653c   0x00000094   Data   RO         1344    .constdata          c_w.l(bigflt0.o)
    0x080065d0   0x00000020   Data   RO         1521    Region$$Table       anon$$obj.o
    0x080065f0   0x0000001c   Data   RO         1370    locale$$data        c_w.l(lc_numeric_c.o)
    0x0800660c   0x00000110   Data   RO         1441    locale$$data        c_w.l(lc_ctype_c.o)


    Execution Region RW_IRAM1 (Base: 0x20000000, Size: 0x00001518, Max: 0x00020000, ABSOLUTE, COMPRESSED[0x000002d0])

    Base Addr    Size         Type   Attr      Idx    E Section Name        Object

    0x20000000   0x00000014   Data   RW          192    .data               system_stm32f4xx.o
    0x20000014   0x00000012   Data   RW          287    .data               encoder.o
    0x20000026   0x00000610   Data   RW          314    .data               lcd_main.o
    0x20000636   0x00000002   PAD
    0x20000638   0x00000004   Data   RW          350    .data               ticks.o
    0x2000063c   0x0000000a   Data   RW          427    .data               usart.o
    0x20000646   0x00000010   Data   RW          972    .data               stm32f4xx_rcc.o
    0x20000656   0x00000002   PAD
    0x20000658   0x00000050   Zero   RW          264    .bss                motor.o
    0x200006a8   0x00000010   Zero   RW          286    .bss                encoder.o
    0x200006b8   0x000007d0   Zero   RW          313    .bss                lcd_main.o
    0x20000e88   0x00000030   Zero   RW          402    .bss                chassis.o
    0x20000eb8   0x00000060   Zero   RW         1378    .bss                c_w.l(libspace.o)
    0x20000f18   0x00000200   Zero   RW          451    HEAP                startup_stm32f40_41xxx.o
    0x20001118   0x00000400   Zero   RW          450    STACK               startup_stm32f40_41xxx.o


==============================================================================

Image component sizes


      Code (inc. data)   RO Data    RW Data    ZI Data      Debug   Object Name

       848         44          0          0         48       2819   chassis.o
      1100         72          0         18         16       5962   encoder.o
      4172        150          0       1552       2000      11440   lcd_main.o
        56          6          0          0          0        514   led.o
       544         34          0          0          0     303909   main.o
       224         20          0          0          0       1837   misc.o
       796         32          0          0         80       1722   motor.o
        64         26        392          0       1536        848   startup_stm32f40_41xxx.o
       936         32          0          0          0       6413   stm32f4xx_dma.o
       272         10          0          0          0       2307   stm32f4xx_exti.o
       660         44          0          0          0       4177   stm32f4xx_gpio.o
       112          8          0          0          0       1478   stm32f4xx_it.o
      1628         52          0         16          0      13064   stm32f4xx_rcc.o
      1152         36          0          0          0       6929   stm32f4xx_spi.o
      3234         60          0          0          0      23036   stm32f4xx_tim.o
      1108         34          0          0          0       7904   stm32f4xx_usart.o
       528         46          0         20          0       1807   system_stm32f4xx.o
       192          8          0          4          0     233111   ticks.o
       412         30          0         10          0       1795   usart.o

    ----------------------------------------------------------------------
     18040        744        424       1624       3680     631072   Object Totals
         0          0         32          0          0          0   (incl. Generated)
         2          0          0          4          0          0   (incl. Padding)

    ----------------------------------------------------------------------

      Code (inc. data)   RO Data    RW Data    ZI Data      Debug   Library Member Name

        44          6          0          0          0         84   __2sprintf.o
        90          0          0          0          0          0   __dczerorl2.o
         8          0          0          0          0         68   __main.o
       392          4         17          0          0         92   __printf_flags_ss_wp.o
        14          0          0          0          0         68   __printf_wp.o
         0          0          0          0          0          0   __rtentry.o
        12          0          0          0          0          0   __rtentry2.o
         6          0          0          0          0          0   __rtentry4.o
        52          8          0          0          0          0   __scatter.o
        28          0          0          0          0          0   __scatter_zi.o
         6          0          0          0          0          0   _printf_a.o
         6          0          0          0          0          0   _printf_c.o
        44          0          0          0          0        108   _printf_char.o
        48          6          0          0          0         96   _printf_char_common.o
        40          0          0          0          0         68   _printf_charcount.o
         6          0          0          0          0          0   _printf_d.o
       120         16          0          0          0         92   _printf_dec.o
         6          0          0          0          0          0   _printf_e.o
         6          0          0          0          0          0   _printf_f.o
      1050          0          0          0          0        216   _printf_fp_dec.o
       764          8         38          0          0        100   _printf_fp_hex.o
       128         16          0          0          0         84   _printf_fp_infnan.o
         6          0          0          0          0          0   _printf_g.o
       148          4         40          0          0        160   _printf_hex_int_ll_ptr.o
         6          0          0          0          0          0   _printf_i.o
       178          0          0          0          0         88   _printf_intcommon.o
        10          0          0          0          0          0   _printf_l.o
         6          0          0          0          0          0   _printf_lc.o
        10          0          0          0          0          0   _printf_ll.o
         6          0          0          0          0          0   _printf_lld.o
         6          0          0          0          0          0   _printf_lli.o
         6          0          0          0          0          0   _printf_llo.o
         6          0          0          0          0          0   _printf_llu.o
         6          0          0          0          0          0   _printf_llx.o
       124         16          0          0          0         92   _printf_longlong_dec.o
         6          0          0          0          0          0   _printf_ls.o
         6          0          0          0          0          0   _printf_n.o
         6          0          0          0          0          0   _printf_o.o
       112         10          0          0          0        124   _printf_oct_int_ll.o
         6          0          0          0          0          0   _printf_p.o
        78          0          0          0          0        108   _printf_pad.o
         0          0          0          0          0          0   _printf_percent.o
         4          0          0          0          0          0   _printf_percent_end.o
         6          0          0          0          0          0   _printf_s.o
        82          0          0          0          0         80   _printf_str.o
        36          0          0          0          0         84   _printf_truncate.o
         6          0          0          0          0          0   _printf_u.o
        44          0          0          0          0        108   _printf_wchar.o
       188          6          8          0          0         92   _printf_wctomb.o
         6          0          0          0          0          0   _printf_x.o
        10          0          0          0          0         68   _sputc.o
        64          0          0          0          0         92   _wcrtomb.o
       220          4        148          0          0         96   bigflt0.o
      1910        128          0          0          0        672   btod.o
        18          0          0          0          0         80   exit.o
         6          0          0          0          0        152   heapauxi.o
         0          0          0          0          0          0   indicate_semi.o
        44         10        272          0          0         76   lc_ctype_c.o
        44         10         28          0          0         76   lc_numeric_c.o
         2          0          0          0          0          0   libinit.o
        34          0          0          0          0          0   libinit2.o
         2          0          0          0          0          0   libshutdown.o
         2          0          0          0          0          0   libshutdown2.o
         8          4          0          0         96         68   libspace.o
       138          0          0          0          0         80   lludiv10.o
        16          4          0          0          0         76   rt_ctype_table.o
         8          4          0          0          0         68   rt_locale_intlibspace.o
         2          0          0          0          0          0   rtexit.o
        10          0          0          0          0          0   rtexit2.o
       128          0          0          0          0         68   strcmpv7m.o
        12          4          0          0          0         68   sys_exit.o
        74          0          0          0          0         80   sys_stackheap_outer.o
         2          0          0          0          0         68   use_no_semi.o
        36          4          0          0          0         76   vsprintf.o
        90          4          0          0          0        140   dfixu.o
        46          0          0          0          0        116   dflt_clz.o
       156          4          0          0          0        140   dnaninf.o
        12          0          0          0          0        116   dretinf.o
        86          4          0          0          0        132   f2d.o
       140          4          0          0          0        132   fnaninf.o
        10          0          0          0          0        116   fpinit.o
         4          0          0          0          0        116   printf1.o
         4          0          0          0          0        116   printf2.o
         0          0          0          0          0          0   usenofp.o
        48          0          0          0          0        124   fpclassify.o

    ----------------------------------------------------------------------
      7376        288        556          0         96       5224   Library Totals
        16          0          5          0          0          0   (incl. Padding)

    ----------------------------------------------------------------------

      Code (inc. data)   RO Data    RW Data    ZI Data      Debug   Library Name

      6764        272        551          0         96       3976   c_w.l
       548         16          0          0          0       1124   fz_wm.l
        48          0          0          0          0        124   m_wm.l

    ----------------------------------------------------------------------
      7376        288        556          0         96       5224   Library Totals

    ----------------------------------------------------------------------

==============================================================================


      Code (inc. data)   RO Data    RW Data    ZI Data      Debug   

     25416       1032        980       1624       3776     629264   Grand Totals
     25416       1032        980        720       3776     629264   ELF Image Totals (compressed)
     25416       1032        980        720          0          0   ROM Totals

==============================================================================

    Total RO  Size (Code + RO Data)                26396 (  25.78kB)
    Total RW  Size (RW Data + ZI Data)              5400 (   5.27kB)
    Total ROM Size (Code + RO Data + RW Data)      27116 (  26.48kB)

==============================================================================

