Component: ARM Compiler 5.06 update 4 (build 422) Tool: armlink [4d35d2]

==============================================================================

Section Cross References

    main.o(.text) refers to _printf_percent.o(.ARM.Collect$$_printf_percent$$00000000) for _printf_percent
    main.o(.text) refers to _printf_d.o(.ARM.Collect$$_printf_percent$$00000009) for _printf_d
    main.o(.text) refers to _printf_dec.o(.text) for _printf_int_dec
    main.o(.text) refers to stm32f4xx_rcc.o(.text) for RCC_AHB1PeriphClockCmd
    main.o(.text) refers to stm32f4xx_gpio.o(.text) for GPIO_Init
    main.o(.text) refers to chassis.o(.text) for chassis_init
    main.o(.text) refers to led.o(.text) for LED_GPIO_Config
    main.o(.text) refers to motor.o(.text) for TIM3_PWM_Config
    main.o(.text) refers to encoder.o(.text) for encoder_1_init
    main.o(.text) refers to ticks.o(.text) for ticks_init
    main.o(.text) refers to lcd_main.o(.text) for tft_init
    main.o(.text) refers to __2sprintf.o(.text) for __2sprintf
    main.o(.text) refers to usart.o(.text) for USART1_INIT
    main.o(.text) refers to mpu6500_spi.o(.text) for SPI_MPU6500_init
    main.o(.text) refers to servo.o(.text) for servo_timer_config
    main.o(.text) refers to ahrs.o(.text) for MadgwickAHRSupdateIMU
    main.o(.text) refers to ticks.o(.data) for msTicks
    main.o(.text) refers to usart.o(.bss) for channel
    main.o(.text) refers to ahrs.o(.bss) for rpy
    stm32f4xx_it.o(.text) refers to stm32f4xx_tim.o(.text) for TIM_GetITStatus
    stm32f4xx_it.o(.text) refers to stm32f4xx_gpio.o(.text) for GPIO_ReadOutputDataBit
    system_stm32f4xx.o(.text) refers to system_stm32f4xx.o(.data) for SystemCoreClock
    led.o(.text) refers to stm32f4xx_rcc.o(.text) for RCC_AHB1PeriphClockCmd
    led.o(.text) refers to stm32f4xx_gpio.o(.text) for GPIO_Init
    motor.o(.text) refers to stm32f4xx_rcc.o(.text) for RCC_AHB1PeriphClockCmd
    motor.o(.text) refers to stm32f4xx_gpio.o(.text) for GPIO_Init
    motor.o(.text) refers to stm32f4xx_tim.o(.text) for TIM_TimeBaseInit
    motor.o(.text) refers to dflt_clz.o(x$fpl$dflt) for __aeabi_i2d
    motor.o(.text) refers to dfixu.o(x$fpl$dfixu) for __aeabi_d2uiz
    motor.o(.text) refers to motor.o(.bss) for TIM_OCInitStructure1
    encoder.o(.text) refers to stm32f4xx_rcc.o(.text) for RCC_APB1PeriphClockCmd
    encoder.o(.text) refers to stm32f4xx_gpio.o(.text) for GPIO_PinAFConfig
    encoder.o(.text) refers to stm32f4xx_tim.o(.text) for TIM_TimeBaseInit
    encoder.o(.text) refers to stm32f4xx_exti.o(.text) for EXTI_GetITStatus
    encoder.o(.text) refers to encoder.o(.data) for enc4Count
    encoder.o(.text) refers to encoder.o(.bss) for encoder_count
    lcd_main.o(.text) refers to stm32f4xx_rcc.o(.text) for RCC_AHB1PeriphClockCmd
    lcd_main.o(.text) refers to stm32f4xx_gpio.o(.text) for GPIO_PinAFConfig
    lcd_main.o(.text) refers to stm32f4xx_spi.o(.text) for SPI_Init
    lcd_main.o(.text) refers to ticks.o(.text) for _delay_ms
    lcd_main.o(.text) refers to lcd_main.o(.data) for tft_orientation
    lcd_main.o(.text) refers to lcd_main.o(.bss) for text
    lcd_main.o(.text) refers to vsprintf.o(.text) for vsprintf
    ticks.o(.text) refers to stm32f4xx_rcc.o(.text) for RCC_APB1PeriphClockCmd
    ticks.o(.text) refers to stm32f4xx_tim.o(.text) for TIM_TimeBaseInit
    ticks.o(.text) refers to misc.o(.text) for NVIC_Init
    ticks.o(.text) refers to ticks.o(.data) for msTicks
    chassis.o(.text) refers to encoder.o(.text) for encoder_1_update
    chassis.o(.text) refers to motor.o(.text) for drive_motor
    chassis.o(.text) refers to chassis.o(.bss) for chassis
    usart.o(.text) refers to stm32f4xx_rcc.o(.text) for RCC_AHB1PeriphClockCmd
    usart.o(.text) refers to stm32f4xx_gpio.o(.text) for GPIO_PinAFConfig
    usart.o(.text) refers to stm32f4xx_usart.o(.text) for USART_Init
    usart.o(.text) refers to misc.o(.text) for NVIC_Init
    usart.o(.text) refers to stm32f4xx_dma.o(.text) for DMA_Init
    usart.o(.text) refers to usart.o(.data) for ReceiveBuff
    usart.o(.text) refers to usart.o(.bss) for channel
    mpu6500_spi.o(.text) refers to stm32f4xx_gpio.o(.text) for GPIO_Init
    mpu6500_spi.o(.text) refers to stm32f4xx_rcc.o(.text) for RCC_APB1PeriphClockCmd
    mpu6500_spi.o(.text) refers to stm32f4xx_spi.o(.text) for SPI_I2S_GetFlagStatus
    mpu6500_spi.o(.text) refers to ticks.o(.text) for waitms
    mpu6500_spi.o(.text) refers to mpu6500_spi.o(.data) for BUF
    mpu6500_spi.o(.text) refers to ahrs.o(.text) for MadgwickAHRSupdateIMU
    servo.o(.text) refers to stm32f4xx_rcc.o(.text) for RCC_AHB1PeriphClockCmd
    servo.o(.text) refers to stm32f4xx_gpio.o(.text) for GPIO_PinAFConfig
    servo.o(.text) refers to stm32f4xx_tim.o(.text) for TIM_TimeBaseInit
    servo.o(.text) refers to servo.o(.bss) for TIM_OCInitStructure1
    ahrs.o(.text) refers to ahrs.o(.data) for q1
    ahrs.o(.text) refers to f2d.o(x$fpl$f2d) for __aeabi_f2d
[...]
    _printf_l                                0x080002a7   Thumb Code     0  _printf_l.o(.ARM.Collect$$_printf_percent$$00000012)
    _printf_c                                0x080002b1   Thumb Code     0  _printf_c.o(.ARM.Collect$$_printf_percent$$00000013)
    _printf_s                                0x080002b7   Thumb Code     0  _printf_s.o(.ARM.Collect$$_printf_percent$$00000014)
    _printf_lc                               0x080002bd   Thumb Code     0  _printf_lc.o(.ARM.Collect$$_printf_percent$$00000015)
    _printf_ls                               0x080002c3   Thumb Code     0  _printf_ls.o(.ARM.Collect$$_printf_percent$$00000016)
    _printf_percent_end                      0x080002c9   Thumb Code     0  _printf_percent_end.o(.ARM.Collect$$_printf_percent$$00000017)
    __rt_lib_init                            0x080002cd   Thumb Code     0  libinit.o(.ARM.Collect$$libinit$$00000000)
    __rt_lib_init_fp_1                       0x080002cf   Thumb Code     0  libinit2.o(.ARM.Collect$$libinit$$00000001)
    __rt_lib_init_heap_1                     0x080002d3   Thumb Code     0  libinit2.o(.ARM.Collect$$libinit$$0000000A)
    __rt_lib_init_lc_common                  0x080002d3   Thumb Code     0  libinit2.o(.ARM.Collect$$libinit$$0000000F)
    __rt_lib_init_preinit_1                  0x080002d3   Thumb Code     0  libinit2.o(.ARM.Collect$$libinit$$00000004)
    __rt_lib_init_rand_1                     0x080002d3   Thumb Code     0  libinit2.o(.ARM.Collect$$libinit$$0000000E)
    __rt_lib_init_user_alloc_1               0x080002d3   Thumb Code     0  libinit2.o(.ARM.Collect$$libinit$$0000000C)
    __rt_lib_init_lc_collate_1               0x080002d9   Thumb Code     0  libinit2.o(.ARM.Collect$$libinit$$00000011)
    __rt_lib_init_lc_ctype_2                 0x080002d9   Thumb Code     0  libinit2.o(.ARM.Collect$$libinit$$00000012)
    __rt_lib_init_lc_ctype_1                 0x080002e5   Thumb Code     0  libinit2.o(.ARM.Collect$$libinit$$00000013)
    __rt_lib_init_lc_monetary_1              0x080002e5   Thumb Code     0  libinit2.o(.ARM.Collect$$libinit$$00000015)
    __rt_lib_init_lc_numeric_2               0x080002e5   Thumb Code     0  libinit2.o(.ARM.Collect$$libinit$$00000016)
    __rt_lib_init_alloca_1                   0x080002ef   Thumb Code     0  libinit2.o(.ARM.Collect$$libinit$$0000002E)
    __rt_lib_init_argv_1                     0x080002ef   Thumb Code     0  libinit2.o(.ARM.Collect$$libinit$$0000002C)
    __rt_lib_init_atexit_1                   0x080002ef   Thumb Code     0  libinit2.o(.ARM.Collect$$libinit$$0000001B)
    __rt_lib_init_clock_1                    0x080002ef   Thumb Code     0  libinit2.o(.ARM.Collect$$libinit$$00000021)
    __rt_lib_init_cpp_1                      0x080002ef   Thumb Code     0  libinit2.o(.ARM.Collect$$libinit$$00000032)
    __rt_lib_init_exceptions_1               0x080002ef   Thumb Code     0  libinit2.o(.ARM.Collect$$libinit$$00000030)
    __rt_lib_init_fp_trap_1                  0x080002ef   Thumb Code     0  libinit2.o(.ARM.Collect$$libinit$$0000001F)
    __rt_lib_init_getenv_1                   0x080002ef   Thumb Code     0  libinit2.o(.ARM.Collect$$libinit$$00000023)
    __rt_lib_init_lc_numeric_1               0x080002ef   Thumb Code     0  libinit2.o(.ARM.Collect$$libinit$$00000017)
    __rt_lib_init_lc_time_1                  0x080002ef   Thumb Code     0  libinit2.o(.ARM.Collect$$libinit$$00000019)
    __rt_lib_init_return                     0x080002ef   Thumb Code     0  libinit2.o(.ARM.Collect$$libinit$$00000033)
    __rt_lib_init_signal_1                   0x080002ef   Thumb Code     0  libinit2.o(.ARM.Collect$$libinit$$0000001D)
    __rt_lib_init_stdio_1                    0x080002ef   Thumb Code     0  libinit2.o(.ARM.Collect$$libinit$$00000025)
    __rt_lib_shutdown                        0x080002f1   Thumb Code     0  libshutdown.o(.ARM.Collect$$libshutdown$$00000000)
    __rt_lib_shutdown_cpp_1                  0x080002f3   Thumb Code     0  libshutdown2.o(.ARM.Collect$$libshutdown$$00000002)
    __rt_lib_shutdown_fp_trap_1              0x080002f3   Thumb Code     0  libshutdown2.o(.ARM.Collect$$libshutdown$$00000007)
    __rt_lib_shutdown_heap_1                 0x080002f3   Thumb Code     0  libshutdown2.o(.ARM.Collect$$libshutdown$$0000000F)
    __rt_lib_shutdown_return                 0x080002f3   Thumb Code     0  libshutdown2.o(.ARM.Collect$$libshutdown$$00000010)
    __rt_lib_shutdown_signal_1               0x080002f3   Thumb Code     0  libshutdown2.o(.ARM.Collect$$libshutdown$$0000000A)
    __rt_lib_shutdown_stdio_1                0x080002f3   Thumb Code     0  libshutdown2.o(.ARM.Collect$$libshutdown$$00000004)
    __rt_lib_shutdown_user_alloc_1           0x080002f3   Thumb Code     0  libshutdown2.o(.ARM.Collect$$libshutdown$$0000000C)
    __rt_entry                               0x080002f5   Thumb Code     0  __rtentry.o(.ARM.Collect$$rtentry$$00000000)
    __rt_entry_presh_1                       0x080002f5   Thumb Code     0  __rtentry2.o(.ARM.Collect$$rtentry$$00000002)
    __rt_entry_sh                            0x080002f5   Thumb Code     0  __rtentry4.o(.ARM.Collect$$rtentry$$00000004)
    __rt_entry_li                            0x080002fb   Thumb Code     0  __rtentry2.o(.ARM.Collect$$rtentry$$0000000A)
    __rt_entry_postsh_1                      0x080002fb   Thumb Code     0  __rtentry2.o(.ARM.Collect$$rtentry$$00000009)
    __rt_entry_main                          0x080002ff   Thumb Code     0  __rtentry2.o(.ARM.Collect$$rtentry$$0000000D)
    __rt_entry_postli_1                      0x080002ff   Thumb Code     0  __rtentry2.o(.ARM.Collect$$rtentry$$0000000C)
    __rt_exit                                0x08000307   Thumb Code     0  rtexit.o(.ARM.Collect$$rtexit$$00000000)
    __rt_exit_ls                             0x08000309   Thumb Code     0  rtexit2.o(.ARM.Collect$$rtexit$$00000003)
    __rt_exit_prels_1                        0x08000309   Thumb Code     0  rtexit2.o(.ARM.Collect$$rtexit$$00000002)
    __rt_exit_exit                           0x0800030d   Thumb Code     0  rtexit2.o(.ARM.Collect$$rtexit$$00000004)
    Key_GPIO_Config                          0x08000315   Thumb Code    42  main.o(.text)
    main                                     0x0800033f   Thumb Code   428  main.o(.text)
    NMI_Handler                              0x0800050d   Thumb Code     2  stm32f4xx_it.o(.text)
    HardFault_Handler                        0x0800050f   Thumb Code     4  stm32f4xx_it.o(.text)
    MemManage_Handler                        0x08000513   Thumb Code     4  stm32f4xx_it.o(.text)
    BusFault_Handler                         0x08000517   Thumb Code     4  stm32f4xx_it.o(.text)
    UsageFault_Handler                       0x0800051b   Thumb Code     4  stm32f4xx_it.o(.text)
    SVC_Handler                              0x0800051f   Thumb Code     2  stm32f4xx_it.o(.text)
    DebugMon_Handler                         0x08000521   Thumb Code     2  stm32f4xx_it.o(.text)
    PendSV_Handler                           0x08000523   Thumb Code     2  stm32f4xx_it.o(.text)
    SysTick_Handler                          0x08000525   Thumb Code     2  stm32f4xx_it.o(.text)
    TIM3_IRQHandler                          0x08000527   Thumb Code    78  stm32f4xx_it.o(.text)
    SystemInit                               0x08000659   Thumb Code    88  system_stm32f4xx.o(.text)
    SystemCoreClockUpdate                    0x080006b1   Thumb Code   174  system_stm32f4xx.o(.text)
    LED_GPIO_Config                          0x0800078d   Thumb Code    50  led.o(.text)
    motor_GPIO_Config                        0x080007c5   Thumb Code   204  motor.o(.text)
    TIM3_PWM_Config                          0x08000891   Thumb Code   288  motor.o(.text)
    drive_motor                              0x080009b1   Thumb Code   292  motor.o(.text)
    encoder_4_init                           0x08000af5   Thumb Code   214  encoder.o(.text)
    encoder_1_init                           0x08000bcb   Thumb Code   156  encoder.o(.text)
    encoder_2_init                           0x08000c67   Thumb Code   154  encoder.o(.text)
    encoder_3_init                           0x08000d01   Thumb Code   158  encoder.o(.text)
    TIM4_IRQHandler                          0x08000d9f   Thumb Code   180  encoder.o(.text)
    encoder_2_update                         0x08000e53   Thumb Code    24  encoder.o(.text)
    encoder_1_update                         0x08000e6b   Thumb Code    24  encoder.o(.text)
    encoder_3_update                         0x08000e83   Thumb Code    24  encoder.o(.text)
    encoder_4_update                         0x08000e9b   Thumb Code    28  encoder.o(.text)
    get_encoder_count                        0x08000eb7   Thumb Code    92  encoder.o(.text)
    reset_encoder                            0x08000f13   Thumb Code    30  encoder.o(.text)
    tft_get_orientation                      0x08000f41   Thumb Code     6  lcd_main.o(.text)
    tft_spi_init                             0x08000f47   Thumb Code   278  lcd_main.o(.text)
    tft_write_command                        0x0800105d   Thumb Code    72  lcd_main.o(.text)
    tft_write_data                           0x080010a5   Thumb Code    72  lcd_main.o(.text)
    tft_config                               0x080010ed   Thumb Code   532  lcd_main.o(.text)
    tft_reset                                0x08001301   Thumb Code    60  lcd_main.o(.text)
    tft_fill_color                           0x0800133d   Thumb Code    98  lcd_main.o(.text)
    tft_set_special_color                    0x0800139f   Thumb Code     6  lcd_main.o(.text)
    tft_set_text_color                       0x080013a5   Thumb Code     6  lcd_main.o(.text)
    tft_set_bg_color                         0x080013ab   Thumb Code     6  lcd_main.o(.text)
    tft_init                                 0x080013b1   Thumb Code   250  lcd_main.o(.text)
    tft_enable                               0x080014ab   Thumb Code     8  lcd_main.o(.text)
    tft_disable                              0x080014b3   Thumb Code     8  lcd_main.o(.text)
    tft_set_pixel_pos                        0x080014bb   Thumb Code    82  lcd_main.o(.text)
    tft_set_char_pos                         0x0800150d   Thumb Code    90  lcd_main.o(.text)
    tft_force_clear                          0x08001567   Thumb Code    66  lcd_main.o(.text)
    tft_clear_line                           0x080015a9   Thumb Code   116  lcd_main.o(.text)
    tft_clear                                0x0800161d   Thumb Code    28  lcd_main.o(.text)
    tft_put_pixel                            0x08001639   Thumb Code   100  lcd_main.o(.text)
    tft_char_is_changed                      0x0800169d   Thumb Code   292  lcd_main.o(.text)
    tft_prints                               0x080017c1   Thumb Code   222  lcd_main.o(.text)
    tft_println                              0x0800189f   Thumb Code   280  lcd_main.o(.text)
    tft_stream                               0x080019b7   Thumb Code     2  lcd_main.o(.text)
    tft_update                               0x080019b9   Thumb Code  1472  lcd_main.o(.text)
    ticks_init                               0x08001f8d   Thumb Code   100  ticks.o(.text)
    waitms                                   0x08001ff1   Thumb Code    18  ticks.o(.text)
    TIM6_DAC_IRQHandler                      0x08002003   Thumb Code    32  ticks.o(.text)
    _delay_us                                0x08002023   Thumb Code    26  ticks.o(.text)
    _delay_ms                                0x0800203d   Thumb Code    26  ticks.o(.text)
    chassis_init                             0x0800211b   Thumb Code    18  chassis.o(.text)
    chassis_operation                        0x0800212d   Thumb Code   336  chassis.o(.text)
    USART1_INIT                              0x08002289   Thumb Code   208  usart.o(.text)
    DMA_config                               0x08002359   Thumb Code    88  usart.o(.text)
    DMA2_Stream5_IRQHandler                  0x080023b1   Thumb Code    74  usart.o(.text)
    USART1_IRQHandler                        0x080023fb   Thumb Code   278  usart.o(.text)
    SPI_GPIO_Configuration                   0x08002535   Thumb Code   118  mpu6500_spi.o(.text)
    mySPI_SendData                           0x080025ab   Thumb Code   108  mpu6500_spi.o(.text)
    SPI_MPU6500_init                         0x08002617   Thumb Code   176  mpu6500_spi.o(.text)
    mySPI_GetData                            0x080026c7   Thumb Code   118  mpu6500_spi.o(.text)
    IMUGetDataRaw                            0x0800273d   Thumb Code   600  mpu6500_spi.o(.text)
    calibrateGyro                            0x08002995   Thumb Code   150  mpu6500_spi.o(.text)
    DataConverge                             0x08002a2b   Thumb Code    78  mpu6500_spi.o(.text)
    servo_timer_config                       0x08002a89   Thumb Code   194  servo.o(.text)
    servo_change                             0x08002b4b   Thumb Code    72  servo.o(.text)
    invSqrt                                  0x08002ba5   Thumb Code    56  ahrs.o(.text)
    MadgwickAHRSupdateIMU                    0x08002bdd   Thumb Code   996  ahrs.o(.text)
    getRollPitchYaw                          0x08002fc1   Thumb Code   650  ahrs.o(.text)
    getEangle                                0x0800324b   Thumb Code   590  ahrs.o(.text)
    Reset_Handler                            0x080034ad   Thumb Code     8  startup_stm32f40_41xxx.o(.text)
    ADC_IRQHandler                           0x080034c7   Thumb Code     0  startup_stm32f40_41xxx.o(.text)
    CAN1_RX0_IRQHandler                      0x080034c7   Thumb Code     0  startup_stm32f40_41xxx.o(.text)
    CAN1_RX1_IRQHandler                      0x080034c7   Thumb Code     0  startup_stm32f40_41xxx.o(.text)
    CAN1_SCE_IRQHandler                      0x080034c7   Thumb Code     0  startup_stm32f40_41xxx.o(.text)
    CAN1_TX_IRQHandler                       0x080034c7   Thumb Code     0  startup_stm32f40_41xxx.o(.text)
    CAN2_RX0_IRQHandler                      0x080034c7   Thumb Code     0  startup_stm32f40_41xxx.o(.text)
    CAN2_RX1_IRQHandler                      0x080034c7   Thumb Code     0  startup_stm32f40_41xxx.o(.text)
    CAN2_SCE_IRQHandler                      0x080034c7   Thumb Code     0  startup_stm32f40_41xxx.o(.text)
    CAN2_TX_IRQHandler                       0x080034c7   Thumb Code     0  startup_stm32f40_41xxx.o(.text)
    CRYP_IRQHandler                          0x080034c7   Thumb Code     0  startup_stm32f40_41xxx.o(.text)
    DCMI_IRQHandler                          0x080034c7   Thumb Code     0  startup_stm32f40_41xxx.o(.text)
    DMA1_Stream0_IRQHandler                  0x080034c7   Thumb Code     0  startup_stm32f40_41xxx.o(.text)
    DMA1_Stream1_IRQHandler                  0x080034c7   Thumb Code     0  startup_stm32f40_41xxx.o(.text)
    DMA1_Stream2_IRQHandler                  0x080034c7   Thumb Code     0  startup_stm32f40_41xxx.o(.text)
    DMA1_Stream3_IRQHandler                  0x080034c7   Thumb Code     0  startup_stm32f40_41xxx.o(.text)
    DMA1_Stream4_IRQHandler                  0x080034c7   Thumb Code     0  startup_stm32f40_41xxx.o(.text)
    DMA1_Stream5_IRQHandler                  0x080034c7   Thumb Code     0  startup_stm32f40_41xxx.o(.text)
    DMA1_Stream6_IRQHandler                  0x080034c7   Thumb Code     0  startup_stm32f40_41xxx.o(.text)
    DMA1_Stream7_IRQHandler                  0x080034c7   Thumb Code     0  startup_stm32f40_41xxx.o(.text)
    DMA2_Stream0_IRQHandler                  0x080034c7   Thumb Code     0  startup_stm32f40_41xxx.o(.text)
    DMA2_Stream1_IRQHandler                  0x080034c7   Thumb Code     0  startup_stm32f40_41xxx.o(.text)
    DMA2_Stream2_IRQHandler                  0x080034c7   Thumb Code     0  startup_stm32f40_41xxx.o(.text)
    DMA2_Stream3_IRQHandler                  0x080034c7   Thumb Code     0  startup_stm32f40_41xxx.o(.text)
    DMA2_Stream4_IRQHandler                  0x080034c7   Thumb Code     0  startup_stm32f40_41xxx.o(.text)
    DMA2_Stream6_IRQHandler                  0x080034c7   Thumb Code     0  startup_stm32f40_41xxx.o(.text)
    DMA2_Stream7_IRQHandler                  0x080034c7   Thumb Code     0  startup_stm32f40_41xxx.o(.text)
    ETH_IRQHandler                           0x080034c7   Thumb Code     0  startup_stm32f40_41xxx.o(.text)
    ETH_WKUP_IRQHandler                      0x080034c7   Thumb Code     0  startup_stm32f40_41xxx.o(.text)
    EXTI0_IRQHandler                         0x080034c7   Thumb Code     0  startup_stm32f40_41xxx.o(.text)
    EXTI15_10_IRQHandler                     0x080034c7   Thumb Code     0  startup_stm32f40_41xxx.o(.text)
    EXTI1_IRQHandler                         0x080034c7   Thumb Code     0  startup_stm32f40_41xxx.o(.text)
    EXTI2_IRQHandler                         0x080034c7   Thumb Code     0  startup_stm32f40_41xxx.o(.text)
    EXTI3_IRQHandler                         0x080034c7   Thumb Code     0  startup_stm32f40_41xxx.o(.text)
    EXTI4_IRQHandler                         0x080034c7   Thumb Code     0  startup_stm32f40_41xxx.o(.text)
    EXTI9_5_IRQHandler                       0x080034c7   Thumb Code     0  startup_stm32f40_41xxx.o(.text)
    FLASH_IRQHandler                         0x080034c7   Thumb Code     0  startup_stm32f40_41xxx.o(.text)
    FPU_IRQHandler                           0x080034c7   Thumb Code     0  startup_stm32f40_41xxx.o(.text)
    FSMC_IRQHandler                          0x080034c7   Thumb Code     0  startup_stm32f40_41xxx.o(.text)
    HASH_RNG_IRQHandler                      0x080034c7   Thumb Code     0  startup_stm32f40_41xxx.o(.text)
    I2C1_ER_IRQHandler                       0x080034c7   Thumb Code     0  startup_stm32f40_41xxx.o(.text)
    I2C1_EV_IRQHandler                       0x080034c7   Thumb Code     0  startup_stm32f40_41xxx.o(.text)
    I2C2_ER_IRQHandler                       0x080034c7   Thumb Code     0  startup_stm32f40_41xxx.o(.text)
    I2C2_EV_IRQHandler                       0x080034c7   Thumb Code     0  startup_stm32f40_41xxx.o(.text)
    I2C3_ER_IRQHandler                       0x080034c7   Thumb Code     0  startup_stm32f40_41xxx.o(.text)
    I2C3_EV_IRQHandler                       0x080034c7   Thumb Code     0  startup_stm32f40_41xxx.o(.text)
    OTG_FS_IRQHandler                        0x080034c7   Thumb Code     0  startup_stm32f40_41xxx.o(.text)
    OTG_FS_WKUP_IRQHandler                   0x080034c7   Thumb Code     0  startup_stm32f40_41xxx.o(.text)
    OTG_HS_EP1_IN_IRQHandler                 0x080034c7   Thumb Code     0  startup_stm32f40_41xxx.o(.text)
    OTG_HS_EP1_OUT_IRQHandler                0x080034c7   Thumb Code     0  startup_stm32f40_41xxx.o(.text)
    OTG_HS_IRQHandler                        0x080034c7   Thumb Code     0  startup_stm32f40_41xxx.o(.text)
    OTG_HS_WKUP_IRQHandler                   0x080034c7   Thumb Code     0  startup_stm32f40_41xxx.o(.text)
    PVD_IRQHandler                           0x080034c7   Thumb Code     0  startup_stm32f40_41xxx.o(.text)
    RCC_IRQHandler                           0x080034c7   Thumb Code     0  startup_stm32f40_41xxx.o(.text)
    RTC_Alarm_IRQHandler                     0x080034c7   Thumb Code     0  startup_stm32f40_41xxx.o(.text)
    RTC_WKUP_IRQHandler                      0x080034c7   Thumb Code     0  startup_stm32f40_41xxx.o(.text)
    SDIO_IRQHandler                          0x080034c7   Thumb Code     0  startup_stm32f40_41xxx.o(.text)
    SPI1_IRQHandler                          0x080034c7   Thumb Code     0  startup_stm32f40_41xxx.o(.text)
    SPI2_IRQHandler                          0x080034c7   Thumb Code     0  startup_stm32f40_41xxx.o(.text)
    SPI3_IRQHandler                          0x080034c7   Thumb Code     0  startup_stm32f40_41xxx.o(.text)
    TAMP_STAMP_IRQHandler                    0x080034c7   Thumb Code     0  startup_stm32f40_41xxx.o(.text)
    TIM1_BRK_TIM9_IRQHandler                 0x080034c7   Thumb Code     0  startup_stm32f40_41xxx.o(.text)
    TIM1_CC_IRQHandler                       0x080034c7   Thumb Code     0  startup_stm32f40_41xxx.o(.text)
    TIM1_TRG_COM_TIM11_IRQHandler            0x080034c7   Thumb Code     0  startup_stm32f40_41xxx.o(.text)
    TIM1_UP_TIM10_IRQHandler                 0x080034c7   Thumb Code     0  startup_stm32f40_41xxx.o(.text)
    TIM2_IRQHandler                          0x080034c7   Thumb Code     0  startup_stm32f40_41xxx.o(.text)
    TIM5_IRQHandler                          0x080034c7   Thumb Code     0  startup_stm32f40_41xxx.o(.text)
    TIM7_IRQHandler                          0x080034c7   Thumb Code     0  startup_stm32f40_41xxx.o(.text)
    TIM8_BRK_TIM12_IRQHandler                0x080034c7   Thumb Code     0  startup_stm32f40_41xxx.o(.text)
    TIM8_CC_IRQHandler                       0x080034c7   Thumb Code     0  startup_stm32f40_41xxx.o(.text)
    TIM8_TRG_COM_TIM14_IRQHandler            0x080034c7   Thumb Code     0  startup_stm32f40_41xxx.o(.text)
    TIM8_UP_TIM13_IRQHandler                 0x080034c7   Thumb Code     0  startup_stm32f40_41xxx.o(.text)
    UART4_IRQHandler                         0x080034c7   Thumb Code     0  startup_stm32f40_41xxx.o(.text)
    UART5_IRQHandler                         0x080034c7   Thumb Code     0  startup_stm32f40_41xxx.o(.text)
    USART2_IRQHandler                        0x080034c7   Thumb Code     0  startup_stm32f40_41xxx.o(.text)
    USART3_IRQHandler                        0x080034c7   Thumb Code     0  startup_stm32f40_41xxx.o(.text)
    USART6_IRQHandler                        0x080034c7   Thumb Code     0  startup_stm32f40_41xxx.o(.text)
    WWDG_IRQHandler                          0x080034c7   Thumb Code     0  startup_stm32f40_41xxx.o(.text)
    __user_initial_stackheap                 0x080034c9   Thumb Code     0  startup_stm32f40_41xxx.o(.text)
    NVIC_PriorityGroupConfig                 0x080034ed   Thumb Code    10  misc.o(.text)
    NVIC_Init                                0x080034f7   Thumb Code   106  misc.o(.text)
    NVIC_SetVectorTable                      0x08003561   Thumb Code    14  misc.o(.text)
    NVIC_SystemLPConfig                      0x0800356f   Thumb Code    34  misc.o(.text)
    SysTick_CLKSourceConfig                  0x08003591   Thumb Code    40  misc.o(.text)
    DMA_DeInit                               0x080035cd   Thumb Code   324  stm32f4xx_dma.o(.text)
    DMA_Init                                 0x08003711   Thumb Code    82  stm32f4xx_dma.o(.text)
    DMA_StructInit                           0x08003763   Thumb Code    34  stm32f4xx_dma.o(.text)
    DMA_Cmd                                  0x08003785   Thumb Code    22  stm32f4xx_dma.o(.text)
    DMA_PeriphIncOffsetSizeConfig            0x0800379b   Thumb Code    22  stm32f4xx_dma.o(.text)
    DMA_FlowControllerConfig                 0x080037b1   Thumb Code    22  stm32f4xx_dma.o(.text)
    DMA_SetCurrDataCounter                   0x080037c7   Thumb Code     4  stm32f4xx_dma.o(.text)
    DMA_GetCurrDataCounter                   0x080037cb   Thumb Code     8  stm32f4xx_dma.o(.text)
    DMA_DoubleBufferModeConfig               0x080037d3   Thumb Code    24  stm32f4xx_dma.o(.text)
    DMA_DoubleBufferModeCmd                  0x080037eb   Thumb Code    22  stm32f4xx_dma.o(.text)
    DMA_MemoryTargetConfig                   0x08003801   Thumb Code    10  stm32f4xx_dma.o(.text)
    DMA_GetCurrentMemoryTarget               0x0800380b   Thumb Code    20  stm32f4xx_dma.o(.text)
    DMA_GetCmdStatus                         0x0800381f   Thumb Code    20  stm32f4xx_dma.o(.text)
    DMA_GetFIFOStatus                        0x08003833   Thumb Code    12  stm32f4xx_dma.o(.text)
    DMA_GetFlagStatus                        0x0800383f   Thumb Code    56  stm32f4xx_dma.o(.text)
    DMA_ClearFlag                            0x08003877   Thumb Code    40  stm32f4xx_dma.o(.text)
    DMA_ITConfig                             0x0800389f   Thumb Code    58  stm32f4xx_dma.o(.text)
    DMA_GetITStatus                          0x080038d9   Thumb Code    84  stm32f4xx_dma.o(.text)
    DMA_ClearITPendingBit                    0x0800392d   Thumb Code    40  stm32f4xx_dma.o(.text)
    EXTI_DeInit                              0x08003975   Thumb Code    28  stm32f4xx_exti.o(.text)
    EXTI_Init                                0x08003991   Thumb Code   142  stm32f4xx_exti.o(.text)
    EXTI_StructInit                          0x08003a1f   Thumb Code    16  stm32f4xx_exti.o(.text)
    EXTI_GenerateSWInterrupt                 0x08003a2f   Thumb Code    16  stm32f4xx_exti.o(.text)
    EXTI_GetFlagStatus                       0x08003a3f   Thumb Code    22  stm32f4xx_exti.o(.text)
    EXTI_ClearFlag                           0x08003a55   Thumb Code     8  stm32f4xx_exti.o(.text)
    EXTI_GetITStatus                         0x08003a5d   Thumb Code    22  stm32f4xx_exti.o(.text)
    EXTI_ClearITPendingBit                   0x08003a73   Thumb Code     8  stm32f4xx_exti.o(.text)
    GPIO_DeInit                              0x08003a85   Thumb Code   268  stm32f4xx_gpio.o(.text)
    GPIO_Init                                0x08003b91   Thumb Code   144  stm32f4xx_gpio.o(.text)
    GPIO_StructInit                          0x08003c21   Thumb Code    18  stm32f4xx_gpio.o(.text)
    GPIO_PinLockConfig                       0x08003c33   Thumb Code    34  stm32f4xx_gpio.o(.text)
    GPIO_ReadInputDataBit                    0x08003c55   Thumb Code    18  stm32f4xx_gpio.o(.text)
    GPIO_ReadInputData                       0x08003c67   Thumb Code     8  stm32f4xx_gpio.o(.text)
    GPIO_ReadOutputDataBit                   0x08003c6f   Thumb Code    18  stm32f4xx_gpio.o(.text)
    GPIO_ReadOutputData                      0x08003c81   Thumb Code     8  stm32f4xx_gpio.o(.text)
    GPIO_SetBits                             0x08003c89   Thumb Code     4  stm32f4xx_gpio.o(.text)
    GPIO_ResetBits                           0x08003c8d   Thumb Code     4  stm32f4xx_gpio.o(.text)
    GPIO_WriteBit                            0x08003c91   Thumb Code    10  stm32f4xx_gpio.o(.text)
    GPIO_Write                               0x08003c9b   Thumb Code     4  stm32f4xx_gpio.o(.text)
    GPIO_ToggleBits                          0x08003c9f   Thumb Code     8  stm32f4xx_gpio.o(.text)
    GPIO_PinAFConfig                         0x08003ca7   Thumb Code    70  stm32f4xx_gpio.o(.text)
    RCC_DeInit                               0x08003d19   Thumb Code    82  stm32f4xx_rcc.o(.text)
    RCC_HSEConfig                            0x08003d6b   Thumb Code    14  stm32f4xx_rcc.o(.text)
    RCC_GetFlagStatus                        0x08003d79   Thumb Code    60  stm32f4xx_rcc.o(.text)
    RCC_WaitForHSEStartUp                    0x08003db5   Thumb Code    56  stm32f4xx_rcc.o(.text)
    RCC_AdjustHSICalibrationValue            0x08003ded   Thumb Code    20  stm32f4xx_rcc.o(.text)
    RCC_HSICmd                               0x08003e01   Thumb Code     6  stm32f4xx_rcc.o(.text)
    RCC_LSEConfig                            0x08003e07   Thumb Code    46  stm32f4xx_rcc.o(.text)
    RCC_LSICmd                               0x08003e35   Thumb Code     6  stm32f4xx_rcc.o(.text)
    RCC_PLLConfig                            0x08003e3b   Thumb Code    32  stm32f4xx_rcc.o(.text)
    RCC_PLLCmd                               0x08003e5b   Thumb Code     6  stm32f4xx_rcc.o(.text)
    RCC_PLLI2SConfig                         0x08003e61   Thumb Code    14  stm32f4xx_rcc.o(.text)
    RCC_PLLI2SCmd                            0x08003e6f   Thumb Code     6  stm32f4xx_rcc.o(.text)
    RCC_PLLSAIConfig                         0x08003e75   Thumb Code    20  stm32f4xx_rcc.o(.text)
    RCC_PLLSAICmd                            0x08003e89   Thumb Code     6  stm32f4xx_rcc.o(.text)
    RCC_ClockSecuritySystemCmd               0x08003e8f   Thumb Code     6  stm32f4xx_rcc.o(.text)
    RCC_MCO1Config                           0x08003e95   Thumb Code    28  stm32f4xx_rcc.o(.text)
    RCC_MCO2Config                           0x08003eb1   Thumb Code    28  stm32f4xx_rcc.o(.text)
    RCC_SYSCLKConfig                         0x08003ecd   Thumb Code    20  stm32f4xx_rcc.o(.text)
    RCC_GetSYSCLKSource                      0x08003ee1   Thumb Code    12  stm32f4xx_rcc.o(.text)
    RCC_HCLKConfig                           0x08003eed   Thumb Code    20  stm32f4xx_rcc.o(.text)
    RCC_PCLK1Config                          0x08003f01   Thumb Code    20  stm32f4xx_rcc.o(.text)
    RCC_PCLK2Config                          0x08003f15   Thumb Code    22  stm32f4xx_rcc.o(.text)
    RCC_GetClocksFreq                        0x08003f2b   Thumb Code   222  stm32f4xx_rcc.o(.text)
    RCC_RTCCLKConfig                         0x08004009   Thumb Code    54  stm32f4xx_rcc.o(.text)
    RCC_RTCCLKCmd                            0x0800403f   Thumb Code     8  stm32f4xx_rcc.o(.text)
    RCC_BackupResetCmd                       0x08004047   Thumb Code     8  stm32f4xx_rcc.o(.text)
    RCC_I2SCLKConfig                         0x0800404f   Thumb Code     6  stm32f4xx_rcc.o(.text)
    RCC_SAIPLLI2SClkDivConfig                0x08004055   Thumb Code    26  stm32f4xx_rcc.o(.text)
    RCC_SAIPLLSAIClkDivConfig                0x0800406f   Thumb Code    28  stm32f4xx_rcc.o(.text)
    RCC_SAIBlockACLKConfig                   0x0800408b   Thumb Code    20  stm32f4xx_rcc.o(.text)
    RCC_SAIBlockBCLKConfig                   0x0800409f   Thumb Code    20  stm32f4xx_rcc.o(.text)
    RCC_LTDCCLKDivConfig                     0x080040b3   Thumb Code    20  stm32f4xx_rcc.o(.text)
    RCC_TIMCLKPresConfig                     0x080040c7   Thumb Code     6  stm32f4xx_rcc.o(.text)
    RCC_AHB1PeriphClockCmd                   0x080040cd   Thumb Code    34  stm32f4xx_rcc.o(.text)
    RCC_AHB2PeriphClockCmd                   0x080040ef   Thumb Code    78  stm32f4xx_rcc.o(.text)
    RCC_AHB3PeriphClockCmd                   0x0800413d   Thumb Code    34  stm32f4xx_rcc.o(.text)
    RCC_APB1PeriphClockCmd                   0x0800415f   Thumb Code    34  stm32f4xx_rcc.o(.text)
    RCC_APB2PeriphClockCmd                   0x08004181   Thumb Code    34  stm32f4xx_rcc.o(.text)
    RCC_AHB1PeriphResetCmd                   0x080041a3   Thumb Code    34  stm32f4xx_rcc.o(.text)
    RCC_AHB2PeriphResetCmd                   0x080041c5   Thumb Code    34  stm32f4xx_rcc.o(.text)
    RCC_AHB3PeriphResetCmd                   0x080041e7   Thumb Code    34  stm32f4xx_rcc.o(.text)
    RCC_APB1PeriphResetCmd                   0x08004209   Thumb Code    34  stm32f4xx_rcc.o(.text)
    RCC_APB2PeriphResetCmd                   0x0800422b   Thumb Code    34  stm32f4xx_rcc.o(.text)
    RCC_AHB1PeriphClockLPModeCmd             0x0800424d   Thumb Code    34  stm32f4xx_rcc.o(.text)
    RCC_AHB2PeriphClockLPModeCmd             0x0800426f   Thumb Code    34  stm32f4xx_rcc.o(.text)
    RCC_AHB3PeriphClockLPModeCmd             0x08004291   Thumb Code    34  stm32f4xx_rcc.o(.text)
    RCC_APB1PeriphClockLPModeCmd             0x080042b3   Thumb Code    34  stm32f4xx_rcc.o(.text)
    RCC_APB2PeriphClockLPModeCmd             0x080042d5   Thumb Code    34  stm32f4xx_rcc.o(.text)
    RCC_LSEModeConfig                        0x080042f7   Thumb Code    40  stm32f4xx_rcc.o(.text)
    RCC_ITConfig                             0x0800431f   Thumb Code    34  stm32f4xx_rcc.o(.text)
    RCC_ClearFlag                            0x08004341   Thumb Code    18  stm32f4xx_rcc.o(.text)
    RCC_GetITStatus                          0x08004353   Thumb Code    22  stm32f4xx_rcc.o(.text)
    RCC_ClearITPendingBit                    0x08004369   Thumb Code     8  stm32f4xx_rcc.o(.text)
    SPI_I2S_DeInit                           0x08004375   Thumb Code   152  stm32f4xx_spi.o(.text)
    SPI_Init                                 0x0800440d   Thumb Code    60  stm32f4xx_spi.o(.text)
    I2S_Init                                 0x08004449   Thumb Code   396  stm32f4xx_spi.o(.text)
    SPI_StructInit                           0x080045d5   Thumb Code    24  stm32f4xx_spi.o(.text)
    I2S_StructInit                           0x080045ed   Thumb Code    20  stm32f4xx_spi.o(.text)
    SPI_Cmd                                  0x08004601   Thumb Code    24  stm32f4xx_spi.o(.text)
    I2S_Cmd                                  0x08004619   Thumb Code    24  stm32f4xx_spi.o(.text)
    SPI_DataSizeConfig                       0x08004631   Thumb Code    18  stm32f4xx_spi.o(.text)
    SPI_BiDirectionalLineConfig              0x08004643   Thumb Code    28  stm32f4xx_spi.o(.text)
    SPI_NSSInternalSoftwareConfig            0x0800465f   Thumb Code    30  stm32f4xx_spi.o(.text)
    SPI_SSOutputCmd                          0x0800467d   Thumb Code    24  stm32f4xx_spi.o(.text)
    SPI_TIModeCmd                            0x08004695   Thumb Code    24  stm32f4xx_spi.o(.text)
    I2S_FullDuplexConfig                     0x080046ad   Thumb Code    80  stm32f4xx_spi.o(.text)
    SPI_I2S_ReceiveData                      0x080046fd   Thumb Code     6  stm32f4xx_spi.o(.text)
    SPI_I2S_SendData                         0x08004703   Thumb Code     4  stm32f4xx_spi.o(.text)
    SPI_CalculateCRC                         0x08004707   Thumb Code    24  stm32f4xx_spi.o(.text)
    SPI_TransmitCRC                          0x0800471f   Thumb Code    10  stm32f4xx_spi.o(.text)
    SPI_GetCRC                               0x08004729   Thumb Code    16  stm32f4xx_spi.o(.text)
    SPI_GetCRCPolynomial                     0x08004739   Thumb Code     6  stm32f4xx_spi.o(.text)
    SPI_I2S_DMACmd                           0x0800473f   Thumb Code    18  stm32f4xx_spi.o(.text)
    SPI_I2S_ITConfig                         0x08004751   Thumb Code    68  stm32f4xx_spi.o(.text)
    SPI_I2S_GetFlagStatus                    0x08004795   Thumb Code    18  stm32f4xx_spi.o(.text)
    SPI_I2S_ClearFlag                        0x080047a7   Thumb Code     6  stm32f4xx_spi.o(.text)
    SPI_I2S_GetITStatus                      0x080047ad   Thumb Code    52  stm32f4xx_spi.o(.text)
    SPI_I2S_ClearITPendingBit                0x080047e1   Thumb Code    20  stm32f4xx_spi.o(.text)
    TIM_DeInit                               0x080047f5   Thumb Code   346  stm32f4xx_tim.o(.text)
    TIM_TimeBaseInit                         0x0800494f   Thumb Code   104  stm32f4xx_tim.o(.text)
    TIM_TimeBaseStructInit                   0x080049b7   Thumb Code    18  stm32f4xx_tim.o(.text)
    TIM_PrescalerConfig                      0x080049c9   Thumb Code     6  stm32f4xx_tim.o(.text)
    TIM_CounterModeConfig                    0x080049cf   Thumb Code    18  stm32f4xx_tim.o(.text)
    TIM_SetCounter                           0x080049e1   Thumb Code     4  stm32f4xx_tim.o(.text)
    TIM_SetAutoreload                        0x080049e5   Thumb Code     4  stm32f4xx_tim.o(.text)
    TIM_GetCounter                           0x080049e9   Thumb Code     6  stm32f4xx_tim.o(.text)
    TIM_GetPrescaler                         0x080049ef   Thumb Code     6  stm32f4xx_tim.o(.text)
    TIM_UpdateDisableConfig                  0x080049f5   Thumb Code    24  stm32f4xx_tim.o(.text)
    TIM_UpdateRequestConfig                  0x08004a0d   Thumb Code    24  stm32f4xx_tim.o(.text)
    TIM_ARRPreloadConfig                     0x08004a25   Thumb Code    24  stm32f4xx_tim.o(.text)
    TIM_SelectOnePulseMode                   0x08004a3d   Thumb Code    18  stm32f4xx_tim.o(.text)
    TIM_SetClockDivision                     0x08004a4f   Thumb Code    18  stm32f4xx_tim.o(.text)
    TIM_Cmd                                  0x08004a61   Thumb Code    24  stm32f4xx_tim.o(.text)
    TIM_OC1Init                              0x08004a79   Thumb Code   114  stm32f4xx_tim.o(.text)
    TIM_OC2Init                              0x08004aeb   Thumb Code   154  stm32f4xx_tim.o(.text)
    TIM_OC3Init                              0x08004b85   Thumb Code   204  stm32f4xx_tim.o(.text)
    TIM_OC4Init                              0x08004c51   Thumb Code   112  stm32f4xx_tim.o(.text)
    TIM_OCStructInit                         0x08004cc1   Thumb Code    20  stm32f4xx_tim.o(.text)
    TIM_SelectOCxM                           0x08004cd5   Thumb Code    86  stm32f4xx_tim.o(.text)
    TIM_SetCompare1                          0x08004d2b   Thumb Code     4  stm32f4xx_tim.o(.text)
    TIM_SetCompare2                          0x08004d2f   Thumb Code     4  stm32f4xx_tim.o(.text)
    TIM_SetCompare3                          0x08004d33   Thumb Code     4  stm32f4xx_tim.o(.text)
    TIM_SetCompare4                          0x08004d37   Thumb Code     4  stm32f4xx_tim.o(.text)
    TIM_ForcedOC1Config                      0x08004d3b   Thumb Code    18  stm32f4xx_tim.o(.text)
    TIM_ForcedOC2Config                      0x08004d4d   Thumb Code    26  stm32f4xx_tim.o(.text)
    TIM_ForcedOC3Config                      0x08004d67   Thumb Code    18  stm32f4xx_tim.o(.text)
    TIM_ForcedOC4Config                      0x08004d79   Thumb Code    26  stm32f4xx_tim.o(.text)
    TIM_OC1PreloadConfig                     0x08004d93   Thumb Code    18  stm32f4xx_tim.o(.text)
    TIM_OC2PreloadConfig                     0x08004da5   Thumb Code    26  stm32f4xx_tim.o(.text)
    TIM_OC3PreloadConfig                     0x08004dbf   Thumb Code    18  stm32f4xx_tim.o(.text)
    TIM_OC4PreloadConfig                     0x08004dd1   Thumb Code    26  stm32f4xx_tim.o(.text)
    TIM_OC1FastConfig                        0x08004deb   Thumb Code    18  stm32f4xx_tim.o(.text)
    TIM_OC2FastConfig                        0x08004dfd   Thumb Code    26  stm32f4xx_tim.o(.text)
    TIM_OC3FastConfig                        0x08004e17   Thumb Code    18  stm32f4xx_tim.o(.text)
    TIM_OC4FastConfig                        0x08004e29   Thumb Code    26  stm32f4xx_tim.o(.text)
    TIM_ClearOC1Ref                          0x08004e43   Thumb Code    18  stm32f4xx_tim.o(.text)
    TIM_ClearOC2Ref                          0x08004e55   Thumb Code    24  stm32f4xx_tim.o(.text)
    TIM_ClearOC3Ref                          0x08004e6d   Thumb Code    18  stm32f4xx_tim.o(.text)
    TIM_ClearOC4Ref                          0x08004e7f   Thumb Code    24  stm32f4xx_tim.o(.text)
    TIM_OC1PolarityConfig                    0x08004e97   Thumb Code    18  stm32f4xx_tim.o(.text)
    TIM_OC1NPolarityConfig                   0x08004ea9   Thumb Code    18  stm32f4xx_tim.o(.text)
    TIM_OC2PolarityConfig                    0x08004ebb   Thumb Code    26  stm32f4xx_tim.o(.text)
    TIM_OC2NPolarityConfig                   0x08004ed5   Thumb Code    26  stm32f4xx_tim.o(.text)
    TIM_OC3PolarityConfig                    0x08004eef   Thumb Code    26  stm32f4xx_tim.o(.text)
    TIM_OC3NPolarityConfig                   0x08004f09   Thumb Code    26  stm32f4xx_tim.o(.text)
    TIM_OC4PolarityConfig                    0x08004f23   Thumb Code    26  stm32f4xx_tim.o(.text)
    TIM_CCxCmd                               0x08004f3d   Thumb Code    30  stm32f4xx_tim.o(.text)
    TIM_CCxNCmd                              0x08004f5b   Thumb Code    30  stm32f4xx_tim.o(.text)
    TIM_SetIC4Prescaler                      0x08004f79   Thumb Code    26  stm32f4xx_tim.o(.text)
    TIM_SetIC3Prescaler                      0x08004fe3   Thumb Code    18  stm32f4xx_tim.o(.text)
    TIM_SetIC2Prescaler                      0x0800503d   Thumb Code    26  stm32f4xx_tim.o(.text)
    TIM_SetIC1Prescaler                      0x080050b1   Thumb Code    18  stm32f4xx_tim.o(.text)
    TIM_ICInit                               0x080050fd   Thumb Code   110  stm32f4xx_tim.o(.text)
    TIM_ICStructInit                         0x0800516b   Thumb Code    18  stm32f4xx_tim.o(.text)
    TIM_PWMIConfig                           0x0800517d   Thumb Code   124  stm32f4xx_tim.o(.text)
    TIM_GetCapture1                          0x080051f9   Thumb Code     6  stm32f4xx_tim.o(.text)
    TIM_GetCapture2                          0x080051ff   Thumb Code     6  stm32f4xx_tim.o(.text)
    TIM_GetCapture3                          0x08005205   Thumb Code     6  stm32f4xx_tim.o(.text)
    TIM_GetCapture4                          0x0800520b   Thumb Code     6  stm32f4xx_tim.o(.text)
    TIM_BDTRConfig                           0x08005211   Thumb Code    32  stm32f4xx_tim.o(.text)
    TIM_BDTRStructInit                       0x08005231   Thumb Code    18  stm32f4xx_tim.o(.text)
    TIM_CtrlPWMOutputs                       0x08005243   Thumb Code    30  stm32f4xx_tim.o(.text)
    TIM_SelectCOM                            0x08005261   Thumb Code    24  stm32f4xx_tim.o(.text)
    TIM_CCPreloadControl                     0x08005279   Thumb Code    24  stm32f4xx_tim.o(.text)
    TIM_ITConfig                             0x08005291   Thumb Code    18  stm32f4xx_tim.o(.text)
    TIM_GenerateEvent                        0x080052a3   Thumb Code     4  stm32f4xx_tim.o(.text)
    TIM_GetFlagStatus                        0x080052a7   Thumb Code    18  stm32f4xx_tim.o(.text)
    TIM_ClearFlag                            0x080052b9   Thumb Code     6  stm32f4xx_tim.o(.text)
    TIM_GetITStatus                          0x080052bf   Thumb Code    34  stm32f4xx_tim.o(.text)
    TIM_ClearITPendingBit                    0x080052e1   Thumb Code     6  stm32f4xx_tim.o(.text)
    TIM_DMAConfig                            0x080052e7   Thumb Code    10  stm32f4xx_tim.o(.text)
    TIM_DMACmd                               0x080052f1   Thumb Code    18  stm32f4xx_tim.o(.text)
    TIM_SelectCCDMA                          0x08005303   Thumb Code    24  stm32f4xx_tim.o(.text)
    TIM_InternalClockConfig                  0x0800531b   Thumb Code    12  stm32f4xx_tim.o(.text)
    TIM_SelectInputTrigger                   0x08005327   Thumb Code    18  stm32f4xx_tim.o(.text)
    TIM_ITRxExternalClockConfig              0x08005339   Thumb Code    24  stm32f4xx_tim.o(.text)
    TIM_TIxExternalClockConfig               0x08005351   Thumb Code    62  stm32f4xx_tim.o(.text)
    TIM_ETRConfig                            0x0800538f   Thumb Code    28  stm32f4xx_tim.o(.text)
    TIM_ETRClockMode1Config                  0x080053ab   Thumb Code    54  stm32f4xx_tim.o(.text)
    TIM_ETRClockMode2Config                  0x080053e1   Thumb Code    32  stm32f4xx_tim.o(.text)
    TIM_SelectOutputTrigger                  0x08005401   Thumb Code    18  stm32f4xx_tim.o(.text)
    TIM_SelectSlaveMode                      0x08005413   Thumb Code    18  stm32f4xx_tim.o(.text)
    TIM_SelectMasterSlaveMode                0x08005425   Thumb Code    18  stm32f4xx_tim.o(.text)
    TIM_EncoderInterfaceConfig               0x08005437   Thumb Code    66  stm32f4xx_tim.o(.text)
    TIM_SelectHallSensor                     0x08005479   Thumb Code    24  stm32f4xx_tim.o(.text)
    TIM_RemapConfig                          0x08005491   Thumb Code     6  stm32f4xx_tim.o(.text)
    USART_DeInit                             0x08005499   Thumb Code   206  stm32f4xx_usart.o(.text)
    USART_Init                               0x08005567   Thumb Code   204  stm32f4xx_usart.o(.text)
    USART_StructInit                         0x08005633   Thumb Code    24  stm32f4xx_usart.o(.text)
    USART_ClockInit                          0x0800564b   Thumb Code    32  stm32f4xx_usart.o(.text)
    USART_ClockStructInit                    0x0800566b   Thumb Code    12  stm32f4xx_usart.o(.text)
    USART_Cmd                                0x08005677   Thumb Code    24  stm32f4xx_usart.o(.text)
    USART_SetPrescaler                       0x0800568f   Thumb Code    16  stm32f4xx_usart.o(.text)
    USART_OverSampling8Cmd                   0x0800569f   Thumb Code    22  stm32f4xx_usart.o(.text)
    USART_OneBitMethodCmd                    0x080056b5   Thumb Code    24  stm32f4xx_usart.o(.text)
    USART_SendData                           0x080056cd   Thumb Code     8  stm32f4xx_usart.o(.text)
    USART_ReceiveData                        0x080056d5   Thumb Code    10  stm32f4xx_usart.o(.text)
    USART_SetAddress                         0x080056df   Thumb Code    18  stm32f4xx_usart.o(.text)
    USART_ReceiverWakeUpCmd                  0x080056f1   Thumb Code    24  stm32f4xx_usart.o(.text)
    USART_WakeUpConfig                       0x08005709   Thumb Code    18  stm32f4xx_usart.o(.text)
    USART_LINBreakDetectLengthConfig         0x0800571b   Thumb Code    18  stm32f4xx_usart.o(.text)
    USART_LINCmd                             0x0800572d   Thumb Code    24  stm32f4xx_usart.o(.text)
    USART_SendBreak                          0x08005745   Thumb Code    10  stm32f4xx_usart.o(.text)
    USART_HalfDuplexCmd                      0x0800574f   Thumb Code    24  stm32f4xx_usart.o(.text)
    USART_SetGuardTime                       0x08005767   Thumb Code    16  stm32f4xx_usart.o(.text)
    USART_SmartCardCmd                       0x08005777   Thumb Code    24  stm32f4xx_usart.o(.text)
    USART_SmartCardNACKCmd                   0x0800578f   Thumb Code    24  stm32f4xx_usart.o(.text)
    USART_IrDAConfig                         0x080057a7   Thumb Code    18  stm32f4xx_usart.o(.text)
    USART_IrDACmd                            0x080057b9   Thumb Code    24  stm32f4xx_usart.o(.text)
    USART_DMACmd                             0x080057d1   Thumb Code    18  stm32f4xx_usart.o(.text)
    USART_ITConfig                           0x080057e3   Thumb Code    74  stm32f4xx_usart.o(.text)
    USART_GetFlagStatus                      0x0800582d   Thumb Code    26  stm32f4xx_usart.o(.text)
    USART_ClearFlag                          0x08005847   Thumb Code    18  stm32f4xx_usart.o(.text)
    USART_GetITStatus                        0x08005859   Thumb Code   118  stm32f4xx_usart.o(.text)
    USART_ClearITPendingBit                  0x080058cf   Thumb Code    30  stm32f4xx_usart.o(.text)
    vsprintf                                 0x080058ed   Thumb Code    32  vsprintf.o(.text)
    __2sprintf                               0x08005911   Thumb Code    38  __2sprintf.o(.text)
    _printf_int_dec                          0x0800593d   Thumb Code   104  _printf_dec.o(.text)
    __printf                                 0x080059b5   Thumb Code   388  __printf_flags_ss_wp.o(.text)
    __use_two_region_memory                  0x08005b3d   Thumb Code     2  heapauxi.o(.text)
    __rt_heap_escrow$2region                 0x08005b3f   Thumb Code     2  heapauxi.o(.text)
    __rt_heap_expand$2region                 0x08005b41   Thumb Code     2  heapauxi.o(.text)
    __read_errno                             0x08005b43   Thumb Code    10  _rserrno.o(.text)
    __set_errno                              0x08005b4d   Thumb Code    12  _rserrno.o(.text)
    _printf_pre_padding                      0x08005b59   Thumb Code    44  _printf_pad.o(.text)
    _printf_post_padding                     0x08005b85   Thumb Code    34  _printf_pad.o(.text)
    _printf_truncate_signed                  0x08005ba7   Thumb Code    18  _printf_truncate.o(.text)
    _printf_truncate_unsigned                0x08005bb9   Thumb Code    18  _printf_truncate.o(.text)
    _printf_str                              0x08005bcb   Thumb Code    82  _printf_str.o(.text)
    _printf_int_common                       0x08005c1d   Thumb Code   178  _printf_intcommon.o(.text)
    _printf_charcount                        0x08005ccf   Thumb Code    40  _printf_charcount.o(.text)
    _printf_char_common                      0x08005d03   Thumb Code    32  _printf_char_common.o(.text)
    _sputc                                   0x08005d29   Thumb Code    10  _sputc.o(.text)
    _printf_wctomb                           0x08005d35   Thumb Code   182  _printf_wctomb.o(.text)
    _printf_longlong_dec                     0x08005df1   Thumb Code   108  _printf_longlong_dec.o(.text)
    _printf_longlong_oct                     0x08005e6d   Thumb Code    66  _printf_oct_int_ll.o(.text)
    _printf_int_oct                          0x08005eaf   Thumb Code    24  _printf_oct_int_ll.o(.text)
    _printf_ll_oct                           0x08005ec7   Thumb Code    12  _printf_oct_int_ll.o(.text)
    _printf_longlong_hex                     0x08005edd   Thumb Code    86  _printf_hex_int_ll_ptr.o(.text)
    _printf_int_hex                          0x08005f33   Thumb Code    28  _printf_hex_int_ll_ptr.o(.text)
    _printf_ll_hex                           0x08005f4f   Thumb Code    12  _printf_hex_int_ll_ptr.o(.text)
    _printf_hex_ptr                          0x08005f5b   Thumb Code    18  _printf_hex_int_ll_ptr.o(.text)
    __aeabi_errno_addr                       0x08005f71   Thumb Code     8  rt_errno_addr_intlibspace.o(.text)
    __errno$intlibspace                      0x08005f71   Thumb Code     0  rt_errno_addr_intlibspace.o(.text)
    __rt_errno_addr$intlibspace              0x08005f71   Thumb Code     0  rt_errno_addr_intlibspace.o(.text)
    _ll_udiv10                               0x08005f79   Thumb Code   138  lludiv10.o(.text)
    __lib_sel_fp_printf                      0x08006003   Thumb Code     2  _printf_fp_dec.o(.text)
    _printf_fp_dec_real                      0x080061b1   Thumb Code   620  _printf_fp_dec.o(.text)
    _printf_fp_hex_real                      0x0800641d   Thumb Code   756  _printf_fp_hex.o(.text)
    _printf_cs_common                        0x08006719   Thumb Code    20  _printf_char.o(.text)
    _printf_char                             0x0800672d   Thumb Code    16  _printf_char.o(.text)
    _printf_string                           0x0800673d   Thumb Code     8  _printf_char.o(.text)
    _printf_lcs_common                       0x08006745   Thumb Code    20  _printf_wchar.o(.text)
    _printf_wchar                            0x08006759   Thumb Code    16  _printf_wchar.o(.text)
    _printf_wstring                          0x08006769   Thumb Code     8  _printf_wchar.o(.text)
    _wcrtomb                                 0x08006771   Thumb Code    64  _wcrtomb.o(.text)
    __user_libspace                          0x080067b1   Thumb Code     8  libspace.o(.text)
    __user_perproc_libspace                  0x080067b1   Thumb Code     0  libspace.o(.text)
    __user_perthread_libspace                0x080067b1   Thumb Code     0  libspace.o(.text)
    __user_setup_stackheap                   0x080067b9   Thumb Code    74  sys_stackheap_outer.o(.text)
    __rt_ctype_table                         0x08006805   Thumb Code    16  rt_ctype_table.o(.text)
    __rt_locale                              0x08006815   Thumb Code     8  rt_locale_intlibspace.o(.text)
    _printf_fp_infnan                        0x0800681d   Thumb Code   112  _printf_fp_infnan.o(.text)
    _btod_etento                             0x0800689d   Thumb Code   216  bigflt0.o(.text)
    exit                                     0x08006979   Thumb Code    18  exit.o(.text)
    strcmp                                   0x0800698d   Thumb Code   128  strcmpv7m.o(.text)
    _sys_exit                                0x08006a0d   Thumb Code     8  sys_exit.o(.text)
    __I$use$semihosting                      0x08006a19   Thumb Code     0  use_no_semi.o(.text)
    __use_no_semihosting_swi                 0x08006a19   Thumb Code     2  use_no_semi.o(.text)
    __semihosting_library_function           0x08006a1b   Thumb Code     0  indicate_semi.o(.text)
    _btod_d2e                                0x08006a1b   Thumb Code    62  btod.o(CL$$btod_d2e)
    _d2e_denorm_low                          0x08006a59   Thumb Code    70  btod.o(CL$$btod_d2e_denorm_low)
    _d2e_norm_op1                            0x08006a9f   Thumb Code    96  btod.o(CL$$btod_d2e_norm_op1)
    __btod_div_common                        0x08006aff   Thumb Code   696  btod.o(CL$$btod_div_common)
    _e2e                                     0x08006e37   Thumb Code   198  btod.o(CL$$btod_e2e)
    _btod_ediv                               0x08006efd   Thumb Code    40  btod.o(CL$$btod_ediv)
    _btod_emul                               0x08006f25   Thumb Code    40  btod.o(CL$$btod_emul)
    __btod_mult_common                       0x08006f4d   Thumb Code   580  btod.o(CL$$btod_mult_common)
    __ARM_fpclassify                         0x08007191   Thumb Code    48  fpclassify.o(i.__ARM_fpclassify)
    __hardfp_asin                            0x080071c1   Thumb Code   770  asin.o(i.__hardfp_asin)
    __hardfp_atan                            0x08007521   Thumb Code   622  atan.o(i.__hardfp_atan)
    __hardfp_atan2                           0x080077f9   Thumb Code   432  atan2.o(i.__hardfp_atan2)
    __hardfp_sqrt                            0x080079e9   Thumb Code   122  sqrt.o(i.__hardfp_sqrt)
    __kernel_poly                            0x08007a63   Thumb Code   248  poly.o(i.__kernel_poly)
    __mathlib_dbl_infnan                     0x08007b5b   Thumb Code    20  dunder.o(i.__mathlib_dbl_infnan)
    __mathlib_dbl_infnan2                    0x08007b6f   Thumb Code    20  dunder.o(i.__mathlib_dbl_infnan2)
    __mathlib_dbl_invalid                    0x08007b89   Thumb Code    24  dunder.o(i.__mathlib_dbl_invalid)
    __mathlib_dbl_underflow                  0x08007ba9   Thumb Code    24  dunder.o(i.__mathlib_dbl_underflow)
    _is_digit                                0x08007bc9   Thumb Code    14  __printf_wp.o(i._is_digit)
    atan                                     0x08007bd7   Thumb Code    16  atan.o(i.atan)
    fabs                                     0x08007be7   Thumb Code    24  fabs.o(i.fabs)
    sqrt                                     0x08007bff   Thumb Code   110  sqrt.o(i.sqrt)
    _get_lc_numeric                          0x08007c6d   Thumb Code    44  lc_numeric_c.o(locale$$code)
    _get_lc_ctype                            0x08007c99   Thumb Code    44  lc_ctype_c.o(locale$$code)
    __aeabi_dneg                             0x08007cc5   Thumb Code     0  basic.o(x$fpl$basic)
    _dneg                                    0x08007cc5   Thumb Code     6  basic.o(x$fpl$basic)
    __aeabi_fneg                             0x08007ccb   Thumb Code     0  basic.o(x$fpl$basic)
    _fneg                                    0x08007ccb   Thumb Code     6  basic.o(x$fpl$basic)
    _dabs                                    0x08007cd1   Thumb Code     6  basic.o(x$fpl$basic)
    _fabs                                    0x08007cd7   Thumb Code     6  basic.o(x$fpl$basic)
    __aeabi_d2f                              0x08007cdd   Thumb Code     0  d2f.o(x$fpl$d2f)
    _d2f                                     0x08007cdd   Thumb Code    98  d2f.o(x$fpl$d2f)
    __aeabi_dadd                             0x08007d41   Thumb Code     0  daddsub_clz.o(x$fpl$dadd)
    _dadd                                    0x08007d41   Thumb Code   332  daddsub_clz.o(x$fpl$dadd)
    __aeabi_ddiv                             0x08007e91   Thumb Code     0  ddiv.o(x$fpl$ddiv)
    _ddiv                                    0x08007e91   Thumb Code   552  ddiv.o(x$fpl$ddiv)
    __aeabi_d2uiz                            0x08008141   Thumb Code     0  dfixu.o(x$fpl$dfixu)
    _dfixu                                   0x08008141   Thumb Code    90  dfixu.o(x$fpl$dfixu)
    __aeabi_i2d                              0x0800819b   Thumb Code     0  dflt_clz.o(x$fpl$dflt)
    _dflt                                    0x0800819b   Thumb Code    46  dflt_clz.o(x$fpl$dflt)
    __aeabi_dmul                             0x080081c9   Thumb Code     0  dmul.o(x$fpl$dmul)
    _dmul                                    0x080081c9   Thumb Code   332  dmul.o(x$fpl$dmul)
    __fpl_dnaninf                            0x0800831d   Thumb Code   156  dnaninf.o(x$fpl$dnaninf)
    __fpl_dretinf                            0x080083b9   Thumb Code    12  dretinf.o(x$fpl$dretinf)
    __aeabi_drsub                            0x080083c5   Thumb Code     0  daddsub_clz.o(x$fpl$drsb)
    _drsb                                    0x080083c5   Thumb Code    22  daddsub_clz.o(x$fpl$drsb)
    _dsqrt                                   0x080083dd   Thumb Code   404  dsqrt_umaal.o(x$fpl$dsqrt)
    __aeabi_dsub                             0x08008575   Thumb Code     0  daddsub_clz.o(x$fpl$dsub)
    _dsub                                    0x08008575   Thumb Code   464  daddsub_clz.o(x$fpl$dsub)
    __aeabi_f2d                              0x08008749   Thumb Code     0  f2d.o(x$fpl$f2d)
    _f2d                                     0x08008749   Thumb Code    86  f2d.o(x$fpl$f2d)
    __fpl_fnaninf                            0x0800879f   Thumb Code   140  fnaninf.o(x$fpl$fnaninf)
    _fp_init                                 0x0800882b   Thumb Code    10  fpinit.o(x$fpl$fpinit)
    __fplib_config_fpu_vfp                   0x08008833   Thumb Code     0  fpinit.o(x$fpl$fpinit)
    __fplib_config_pureend_doubles           0x08008833   Thumb Code     0  fpinit.o(x$fpl$fpinit)
    __fpl_fretinf                            0x08008835   Thumb Code    10  fretinf.o(x$fpl$fretinf)
    _printf_fp_dec                           0x0800883f   Thumb Code     4  printf1.o(x$fpl$printf1)
    _printf_fp_hex                           0x08008843   Thumb Code     4  printf2.o(x$fpl$printf2)
    __I$use$fp                               0x08008846   Number         0  usenofp.o(x$fpl$usenofp)
    __mathlib_zero                           0x08008970   Data           8  qnan.o(.constdata)
    Region$$Table$$Base                      0x08008a34   Number         0  anon$$obj.o(Region$$Table)
    Region$$Table$$Limit                     0x08008a54   Number         0  anon$$obj.o(Region$$Table)
    __ctype                                  0x08008a7d   Data           0  lc_ctype_c.o(locale$$data)
    SystemCoreClock                          0x20000000   Data           4  system_stm32f4xx.o(.data)
    AHBPrescTable                            0x20000004   Data          16  system_stm32f4xx.o(.data)
    ascii_8x16                               0x20000026   Data        1536  lcd_main.o(.data)
    curr_bg_color                            0x20000626   Data           2  lcd_main.o(.data)
    curr_text_color                          0x20000628   Data           2  lcd_main.o(.data)
    curr_text_color_sp                       0x2000062a   Data           2  lcd_main.o(.data)
    tft_orientation                          0x2000062c   Data           1  lcd_main.o(.data)
    tft_enabled                              0x2000062d   Data           1  lcd_main.o(.data)
    tft_width                                0x2000062e   Data           1  lcd_main.o(.data)
    tft_height                               0x2000062f   Data           1  lcd_main.o(.data)
    tft_y_index                              0x20000630   Data           1  lcd_main.o(.data)
    char_max_x                               0x20000631   Data           1  lcd_main.o(.data)
    char_max_y                               0x20000632   Data           1  lcd_main.o(.data)
    pointer_to_curr_screen                   0x20000633   Data           1  lcd_main.o(.data)
    print_pos                                0x20000634   Data           2  lcd_main.o(.data)
    msTicks                                  0x20000638   Data           4  ticks.o(.data)
    ReceiveBuff                              0x2000063c   Data           8  usart.o(.data)
    UART1_ReceiveSize                        0x20000644   Data           2  usart.o(.data)
    Gyro_x                                   0x20000648   Data           2  mpu6500_spi.o(.data)
    Gyro_y                                   0x2000064a   Data           2  mpu6500_spi.o(.data)
    Gyro_z                                   0x2000064c   Data           2  mpu6500_spi.o(.data)
    A_x                                      0x2000064e   Data           2  mpu6500_spi.o(.data)
    A_y                                      0x20000650   Data           2  mpu6500_spi.o(.data)
    A_z                                      0x20000652   Data           2  mpu6500_spi.o(.data)
    BUF                                      0x20000654   Data           2  mpu6500_spi.o(.data)
    beta                                     0x20000664   Data           4  ahrs.o(.data)
    q0                                       0x20000668   Data           4  ahrs.o(.data)
    q1                                       0x2000066c   Data           4  ahrs.o(.data)
    q2                                       0x20000670   Data           4  ahrs.o(.data)
    q3                                       0x20000674   Data           4  ahrs.o(.data)
    encoder_count                            0x200006d8   Data          16  encoder.o(.bss)
    text                                     0x200006e8   Data         400  lcd_main.o(.bss)
    text_color                               0x20000878   Data         800  lcd_main.o(.bss)
    bg_color                                 0x20000b98   Data         800  lcd_main.o(.bss)
    chassis                                  0x20000eb8   Data          48  chassis.o(.bss)
    channel                                  0x20000ee8   Data          16  usart.o(.bss)
    rpy                                      0x20000f20   Data          12  ahrs.o(.bss)
    Eangle                                   0x20000f2c   Data          12  ahrs.o(.bss)
    __libspace_start                         0x20000f38   Data          96  libspace.o(.bss)
    __temporary_stack_top$libspace           0x20000f98   Data           0  libspace.o(.bss)



==============================================================================

Memory Map of the image

  Image Entry point : 0x08000189

  Load Region LR_IROM1 (Base: 0x08000000, Size: 0x00009208, Max: 0x00100000, ABSOLUTE, COMPRESSED[0x00008e5c])

    Execution Region ER_IROM1 (Base: 0x08000000, Size: 0x00008b80, Max: 0x00100000, ABSOLUTE)

    Base Addr    Size         Type   Attr      Idx    E Section Name        Object

    0x08000000   0x00000188   Data   RO          508    RESET               startup_stm32f40_41xxx.o
    0x08000188   0x00000008   Code   RO         1266  * !!!main             c_w.l(__main.o)
    0x08000190   0x00000034   Code   RO         1687    !!!scatter          c_w.l(__scatter.o)
    0x080001c4   0x0000005a   Code   RO         1685    !!dczerorl2         c_w.l(__dczerorl2.o)
    0x0800021e   0x00000002   PAD
    0x08000220   0x0000001c   Code   RO         1689    !!handler_zi        c_w.l(__scatter_zi.o)
    0x0800023c   0x00000000   Code   RO         1263    .ARM.Collect$$_printf_percent$$00000000  c_w.l(_printf_percent.o)
    0x0800023c   0x00000006   Code   RO         1393    .ARM.Collect$$_printf_percent$$00000001  c_w.l(_printf_n.o)
    0x08000242   0x00000006   Code   RO         1395    .ARM.Collect$$_printf_percent$$00000002  c_w.l(_printf_p.o)
    0x08000248   0x00000006   Code   RO         1399    .ARM.Collect$$_printf_percent$$00000003  c_w.l(_printf_f.o)
    0x0800024e   0x00000006   Code   RO         1400    .ARM.Collect$$_printf_percent$$00000004  c_w.l(_printf_e.o)
    0x08000254   0x00000006   Code   RO         1401    .ARM.Collect$$_printf_percent$$00000005  c_w.l(_printf_g.o)
    0x0800025a   0x00000006   Code   RO         1402    .ARM.Collect$$_printf_percent$$00000006  c_w.l(_printf_a.o)
    0x08000260   0x0000000a   Code   RO         1407    .ARM.Collect$$_printf_percent$$00000007  c_w.l(_printf_ll.o)
    0x0800026a   0x00000006   Code   RO         1397    .ARM.Collect$$_printf_percent$$00000008  c_w.l(_printf_i.o)
    0x08000270   0x00000006   Code   RO         1262    .ARM.Collect$$_printf_percent$$00000009  c_w.l(_printf_d.o)
    0x08000276   0x00000006   Code   RO         1398    .ARM.Collect$$_printf_percent$$0000000A  c_w.l(_printf_u.o)
    0x0800027c   0x00000006   Code   RO         1396    .ARM.Collect$$_printf_percent$$0000000B  c_w.l(_printf_o.o)
    0x08000282   0x00000006   Code   RO         1394    .ARM.Collect$$_printf_percent$$0000000C  c_w.l(_printf_x.o)
    0x08000288   0x00000006   Code   RO         1404    .ARM.Collect$$_printf_percent$$0000000D  c_w.l(_printf_lli.o)
    0x0800028e   0x00000006   Code   RO         1405    .ARM.Collect$$_printf_percent$$0000000E  c_w.l(_printf_lld.o)
    0x08000294   0x00000006   Code   RO         1406    .ARM.Collect$$_printf_percent$$0000000F  c_w.l(_printf_llu.o)
    0x0800029a   0x00000006   Code   RO         1411    .ARM.Collect$$_printf_percent$$00000010  c_w.l(_printf_llo.o)
    0x080002a0   0x00000006   Code   RO         1412    .ARM.Collect$$_printf_percent$$00000011  c_w.l(_printf_llx.o)
    0x080002a6   0x0000000a   Code   RO         1408    .ARM.Collect$$_printf_percent$$00000012  c_w.l(_printf_l.o)
    0x080002b0   0x00000006   Code   RO         1391    .ARM.Collect$$_printf_percent$$00000013  c_w.l(_printf_c.o)
    0x080002b6   0x00000006   Code   RO         1392    .ARM.Collect$$_printf_percent$$00000014  c_w.l(_printf_s.o)
    0x080002bc   0x00000006   Code   RO         1409    .ARM.Collect$$_printf_percent$$00000015  c_w.l(_printf_lc.o)
    0x080002c2   0x00000006   Code   RO         1410    .ARM.Collect$$_printf_percent$$00000016  c_w.l(_printf_ls.o)
    0x080002c8   0x00000004   Code   RO         1403    .ARM.Collect$$_printf_percent$$00000017  c_w.l(_printf_percent_end.o)
    0x080002cc   0x00000002   Code   RO         1551    .ARM.Collect$$libinit$$00000000  c_w.l(libinit.o)
    0x080002ce   0x00000004   Code   RO         1561    .ARM.Collect$$libinit$$00000001  c_w.l(libinit2.o)
    0x080002d2   0x00000000   Code   RO         1564    .ARM.Collect$$libinit$$00000004  c_w.l(libinit2.o)
    0x080002d2   0x00000000   Code   RO         1567    .ARM.Collect$$libinit$$0000000A  c_w.l(libinit2.o)
    0x080002d2   0x00000000   Code   RO         1569    .ARM.Collect$$libinit$$0000000C  c_w.l(libinit2.o)
    0x080002d2   0x00000000   Code   RO         1571    .ARM.Collect$$libinit$$0000000E  c_w.l(libinit2.o)
    0x080002d2   0x00000006   Code   RO         1572    .ARM.Collect$$libinit$$0000000F  c_w.l(libinit2.o)
    0x080002d8   0x00000000   Code   RO         1574    .ARM.Collect$$libinit$$00000011  c_w.l(libinit2.o)
    0x080002d8   0x0000000c   Code   RO         1575    .ARM.Collect$$libinit$$00000012  c_w.l(libinit2.o)
    0x080002e4   0x00000000   Code   RO         1576    .ARM.Collect$$libinit$$00000013  c_w.l(libinit2.o)
    0x080002e4   0x00000000   Code   RO         1578    .ARM.Collect$$libinit$$00000015  c_w.l(libinit2.o)
    0x080002e4   0x0000000a   Code   RO         1579    .ARM.Collect$$libinit$$00000016  c_w.l(libinit2.o)
    0x080002ee   0x00000000   Code   RO         1580    .ARM.Collect$$libinit$$00000017  c_w.l(libinit2.o)
    0x080002ee   0x00000000   Code   RO         1582    .ARM.Collect$$libinit$$00000019  c_w.l(libinit2.o)
    0x080002ee   0x00000000   Code   RO         1584    .ARM.Collect$$libinit$$0000001B  c_w.l(libinit2.o)
    0x080002ee   0x00000000   Code   RO         1586    .ARM.Collect$$libinit$$0000001D  c_w.l(libinit2.o)
    0x080002ee   0x00000000   Code   RO         1588    .ARM.Collect$$libinit$$0000001F  c_w.l(libinit2.o)
    0x080002ee   0x00000000   Code   RO         1590    .ARM.Collect$$libinit$$00000021  c_w.l(libinit2.o)
    0x080002ee   0x00000000   Code   RO         1592    .ARM.Collect$$libinit$$00000023  c_w.l(libinit2.o)
    0x080002ee   0x00000000   Code   RO         1594    .ARM.Collect$$libinit$$00000025  c_w.l(libinit2.o)
    0x080002ee   0x00000000   Code   RO         1598    .ARM.Collect$$libinit$$0000002C  c_w.l(libinit2.o)
    0x080002ee   0x00000000   Code   RO         1600    .ARM.Collect$$libinit$$0000002E  c_w.l(libinit2.o)
    0x080002ee   0x00000000   Code   RO         1602    .ARM.Collect$$libinit$$00000030  c_w.l(libinit2.o)
    0x080002ee   0x00000000   Code   RO         1604    .ARM.Collect$$libinit$$00000032  c_w.l(libinit2.o)
    0x080002ee   0x00000002   Code   RO         1605    .ARM.Collect$$libinit$$00000033  c_w.l(libinit2.o)
    0x080002f0   0x00000002   Code   RO         1625    .ARM.Collect$$libshutdown$$00000000  c_w.l(libshutdown.o)
    0x080002f2   0x00000000   Code   RO         1638    .ARM.Collect$$libshutdown$$00000002  c_w.l(libshutdown2.o)
    0x080002f2   0x00000000   Code   RO         1640    .ARM.Collect$$libshutdown$$00000004  c_w.l(libshutdown2.o)
    0x080002f2   0x00000000   Code   RO         1643    .ARM.Collect$$libshutdown$$00000007  c_w.l(libshutdown2.o)
    0x080002f2   0x00000000   Code   RO         1646    .ARM.Collect$$libshutdown$$0000000A  c_w.l(libshutdown2.o)
    0x080002f2   0x00000000   Code   RO         1648    .ARM.Collect$$libshutdown$$0000000C  c_w.l(libshutdown2.o)
    0x080002f2   0x00000000   Code   RO         1651    .ARM.Collect$$libshutdown$$0000000F  c_w.l(libshutdown2.o)
    0x080002f2   0x00000002   Code   RO         1652    .ARM.Collect$$libshutdown$$00000010  c_w.l(libshutdown2.o)
    0x080002f4   0x00000000   Code   RO         1342    .ARM.Collect$$rtentry$$00000000  c_w.l(__rtentry.o)
    0x080002f4   0x00000000   Code   RO         1466    .ARM.Collect$$rtentry$$00000002  c_w.l(__rtentry2.o)
    0x080002f4   0x00000006   Code   RO         1478    .ARM.Collect$$rtentry$$00000004  c_w.l(__rtentry4.o)
    0x080002fa   0x00000000   Code   RO         1468    .ARM.Collect$$rtentry$$00000009  c_w.l(__rtentry2.o)
    0x080002fa   0x00000004   Code   RO         1469    .ARM.Collect$$rtentry$$0000000A  c_w.l(__rtentry2.o)
    0x080002fe   0x00000000   Code   RO         1471    .ARM.Collect$$rtentry$$0000000C  c_w.l(__rtentry2.o)
    0x080002fe   0x00000008   Code   RO         1472    .ARM.Collect$$rtentry$$0000000D  c_w.l(__rtentry2.o)
    0x08000306   0x00000002   Code   RO         1554    .ARM.Collect$$rtexit$$00000000  c_w.l(rtexit.o)
    0x08000308   0x00000000   Code   RO         1607    .ARM.Collect$$rtexit$$00000002  c_w.l(rtexit2.o)
    0x08000308   0x00000004   Code   RO         1608    .ARM.Collect$$rtexit$$00000003  c_w.l(rtexit2.o)
    0x0800030c   0x00000006   Code   RO         1609    .ARM.Collect$$rtexit$$00000004  c_w.l(rtexit2.o)
    0x08000312   0x00000002   PAD
    0x08000314   0x000001f8   Code   RO            3    .text               main.o
    0x0800050c   0x00000070   Code   RO          185    .text               stm32f4xx_it.o
    0x0800057c   0x00000210   Code   RO          205    .text               system_stm32f4xx.o
    0x0800078c   0x00000038   Code   RO          231    .text               led.o
    0x080007c4   0x00000330   Code   RO          254    .text               motor.o
    0x08000af4   0x0000044c   Code   RO          276    .text               encoder.o
    0x08000f40   0x0000104c   Code   RO          303    .text               lcd_main.o
    0x08001f8c   0x000000d4   Code   RO          340    .text               ticks.o
    0x08002060   0x00000228   Code   RO          392    .text               chassis.o
    0x08002288   0x000002ac   Code   RO          417    .text               usart.o
    0x08002534   0x00000554   Code   RO          444    .text               mpu6500_spi.o
    0x08002a88   0x0000011c   Code   RO          467    .text               servo.o
    0x08002ba4   0x00000908   Code   RO          487    .text               ahrs.o
    0x080034ac   0x00000040   Code   RO          509    .text               startup_stm32f40_41xxx.o
    0x080034ec   0x000000e0   Code   RO          515    .text               misc.o
    0x080035cc   0x000003a8   Code   RO          758    .text               stm32f4xx_dma.o
    0x08003974   0x00000110   Code   RO          778    .text               stm32f4xx_exti.o
    0x08003a84   0x00000294   Code   RO          864    .text               stm32f4xx_gpio.o
    0x08003d18   0x0000065c   Code   RO         1027    .text               stm32f4xx_rcc.o
    0x08004374   0x00000480   Code   RO         1132    .text               stm32f4xx_spi.o
    0x080047f4   0x00000ca2   Code   RO         1172    .text               stm32f4xx_tim.o
    0x08005496   0x00000002   PAD
    0x08005498   0x00000454   Code   RO         1192    .text               stm32f4xx_usart.o
    0x080058ec   0x00000024   Code   RO         1232    .text               c_w.l(vsprintf.o)
    0x08005910   0x0000002c   Code   RO         1234    .text               c_w.l(__2sprintf.o)
    0x0800593c   0x00000078   Code   RO         1240    .text               c_w.l(_printf_dec.o)
    0x080059b4   0x00000188   Code   RO         1259    .text               c_w.l(__printf_flags_ss_wp.o)
    0x08005b3c   0x00000006   Code   RO         1264    .text               c_w.l(heapauxi.o)
    0x08005b42   0x00000016   Code   RO         1343    .text               c_w.l(_rserrno.o)
    0x08005b58   0x0000004e   Code   RO         1345    .text               c_w.l(_printf_pad.o)
    0x08005ba6   0x00000024   Code   RO         1347    .text               c_w.l(_printf_truncate.o)
    0x08005bca   0x00000052   Code   RO         1349    .text               c_w.l(_printf_str.o)
    0x08005c1c   0x000000b2   Code   RO         1351    .text               c_w.l(_printf_intcommon.o)
    0x08005cce   0x00000028   Code   RO         1353    .text               c_w.l(_printf_charcount.o)
    0x08005cf6   0x00000002   PAD
    0x08005cf8   0x00000030   Code   RO         1355    .text               c_w.l(_printf_char_common.o)
    0x08005d28   0x0000000a   Code   RO         1357    .text               c_w.l(_sputc.o)
    0x08005d32   0x00000002   PAD
    0x08005d34   0x000000bc   Code   RO         1359    .text               c_w.l(_printf_wctomb.o)
    0x08005df0   0x0000007c   Code   RO         1362    .text               c_w.l(_printf_longlong_dec.o)
    0x08005e6c   0x00000070   Code   RO         1368    .text               c_w.l(_printf_oct_int_ll.o)
    0x08005edc   0x00000094   Code   RO         1388    .text               c_w.l(_printf_hex_int_ll_ptr.o)
    0x08005f70   0x00000008   Code   RO         1483    .text               c_w.l(rt_errno_addr_intlibspace.o)
    0x08005f78   0x0000008a   Code   RO         1485    .text               c_w.l(lludiv10.o)
    0x08006002   0x0000041a   Code   RO         1487    .text               c_w.l(_printf_fp_dec.o)
    0x0800641c   0x000002fc   Code   RO         1489    .text               c_w.l(_printf_fp_hex.o)
    0x08006718   0x0000002c   Code   RO         1494    .text               c_w.l(_printf_char.o)
    0x08006744   0x0000002c   Code   RO         1496    .text               c_w.l(_printf_wchar.o)
    0x08006770   0x00000040   Code   RO         1498    .text               c_w.l(_wcrtomb.o)
    0x080067b0   0x00000008   Code   RO         1502    .text               c_w.l(libspace.o)
    0x080067b8   0x0000004a   Code   RO         1505    .text               c_w.l(sys_stackheap_outer.o)
    0x08006802   0x00000002   PAD
    0x08006804   0x00000010   Code   RO         1507    .text               c_w.l(rt_ctype_table.o)
    0x08006814   0x00000008   Code   RO         1512    .text               c_w.l(rt_locale_intlibspace.o)
    0x0800681c   0x00000080   Code   RO         1514    .text               c_w.l(_printf_fp_infnan.o)
    0x0800689c   0x000000dc   Code   RO         1516    .text               c_w.l(bigflt0.o)
    0x08006978   0x00000012   Code   RO         1544    .text               c_w.l(exit.o)
    0x0800698a   0x00000002   PAD
    0x0800698c   0x00000080   Code   RO         1559    .text               c_w.l(strcmpv7m.o)
    0x08006a0c   0x0000000c   Code   RO         1617    .text               c_w.l(sys_exit.o)
    0x08006a18   0x00000002   Code   RO         1628    .text               c_w.l(use_no_semi.o)
    0x08006a1a   0x00000000   Code   RO         1630    .text               c_w.l(indicate_semi.o)
    0x08006a1a   0x0000003e   Code   RO         1519    CL$$btod_d2e        c_w.l(btod.o)
    0x08006a58   0x00000046   Code   RO         1521    CL$$btod_d2e_denorm_low  c_w.l(btod.o)
    0x08006a9e   0x00000060   Code   RO         1520    CL$$btod_d2e_norm_op1  c_w.l(btod.o)
    0x08006afe   0x00000338   Code   RO         1529    CL$$btod_div_common  c_w.l(btod.o)
    0x08006e36   0x000000c6   Code   RO         1526    CL$$btod_e2e        c_w.l(btod.o)
    0x08006efc   0x00000028   Code   RO         1523    CL$$btod_ediv       c_w.l(btod.o)
    0x08006f24   0x00000028   Code   RO         1522    CL$$btod_emul       c_w.l(btod.o)
    0x08006f4c   0x00000244   Code   RO         1528    CL$$btod_mult_common  c_w.l(btod.o)
    0x08007190   0x00000030   Code   RO         1460    i.__ARM_fpclassify  m_wm.l(fpclassify.o)
    0x080071c0   0x00000360   Code   RO         1290    i.__hardfp_asin     m_wm.l(asin.o)
    0x08007520   0x000002d8   Code   RO         1304    i.__hardfp_atan     m_wm.l(atan.o)
    0x080077f8   0x000001f0   Code   RO         1318    i.__hardfp_atan2    m_wm.l(atan2.o)
    0x080079e8   0x0000007a   Code   RO         1330    i.__hardfp_sqrt     m_wm.l(sqrt.o)
    0x08007a62   0x000000f8   Code   RO         1462    i.__kernel_poly     m_wm.l(poly.o)
    0x08007b5a   0x00000014   Code   RO         1441    i.__mathlib_dbl_infnan  m_wm.l(dunder.o)
    0x08007b6e   0x00000014   Code   RO         1442    i.__mathlib_dbl_infnan2  m_wm.l(dunder.o)
    0x08007b82   0x00000006   PAD
    0x08007b88   0x00000020   Code   RO         1443    i.__mathlib_dbl_invalid  m_wm.l(dunder.o)
    0x08007ba8   0x00000020   Code   RO         1446    i.__mathlib_dbl_underflow  m_wm.l(dunder.o)
    0x08007bc8   0x0000000e   Code   RO         1252    i._is_digit         c_w.l(__printf_wp.o)
    0x08007bd6   0x00000010   Code   RO         1306    i.atan              m_wm.l(atan.o)
    0x08007be6   0x00000018   Code   RO         1456    i.fabs              m_wm.l(fabs.o)
    0x08007bfe   0x0000006e   Code   RO         1332    i.sqrt              m_wm.l(sqrt.o)
    0x08007c6c   0x0000002c   Code   RO         1542    locale$$code        c_w.l(lc_numeric_c.o)
    0x08007c98   0x0000002c   Code   RO         1557    locale$$code        c_w.l(lc_ctype_c.o)
    0x08007cc4   0x00000018   Code   RO         1268    x$fpl$basic         fz_wm.l(basic.o)
    0x08007cdc   0x00000062   Code   RO         1270    x$fpl$d2f           fz_wm.l(d2f.o)
    0x08007d3e   0x00000002   PAD
    0x08007d40   0x00000150   Code   RO         1413    x$fpl$dadd          fz_wm.l(daddsub_clz.o)
    0x08007e90   0x000002b0   Code   RO         1273    x$fpl$ddiv          fz_wm.l(ddiv.o)
    0x08008140   0x0000005a   Code   RO         1276    x$fpl$dfixu         fz_wm.l(dfixu.o)
    0x0800819a   0x0000002e   Code   RO         1281    x$fpl$dflt          fz_wm.l(dflt_clz.o)
    0x080081c8   0x00000154   Code   RO         1286    x$fpl$dmul          fz_wm.l(dmul.o)
    0x0800831c   0x0000009c   Code   RO         1421    x$fpl$dnaninf       fz_wm.l(dnaninf.o)
    0x080083b8   0x0000000c   Code   RO         1423    x$fpl$dretinf       fz_wm.l(dretinf.o)
    0x080083c4   0x00000016   Code   RO         1414    x$fpl$drsb          fz_wm.l(daddsub_clz.o)
    0x080083da   0x00000002   PAD
    0x080083dc   0x00000198   Code   RO         1425    x$fpl$dsqrt         fz_wm.l(dsqrt_umaal.o)
    0x08008574   0x000001d4   Code   RO         1415    x$fpl$dsub          fz_wm.l(daddsub_clz.o)
    0x08008748   0x00000056   Code   RO         1288    x$fpl$f2d           fz_wm.l(f2d.o)
    0x0800879e   0x0000008c   Code   RO         1427    x$fpl$fnaninf       fz_wm.l(fnaninf.o)
    0x0800882a   0x0000000a   Code   RO         1615    x$fpl$fpinit        fz_wm.l(fpinit.o)
    0x08008834   0x0000000a   Code   RO         1429    x$fpl$fretinf       fz_wm.l(fretinf.o)
    0x0800883e   0x00000004   Code   RO         1431    x$fpl$printf1       fz_wm.l(printf1.o)
    0x08008842   0x00000004   Code   RO         1433    x$fpl$printf2       fz_wm.l(printf2.o)
    0x08008846   0x00000000   Code   RO         1439    x$fpl$usenofp       fz_wm.l(usenofp.o)
    0x08008846   0x00000011   Data   RO         1260    .constdata          c_w.l(__printf_flags_ss_wp.o)
    0x08008857   0x00000001   PAD
    0x08008858   0x00000050   Data   RO         1293    .constdata          m_wm.l(asin.o)
    0x080088a8   0x00000098   Data   RO         1307    .constdata          m_wm.l(atan.o)
    0x08008940   0x00000008   Data   RO         1360    .constdata          c_w.l(_printf_wctomb.o)
    0x08008948   0x00000028   Data   RO         1389    .constdata          c_w.l(_printf_hex_int_ll_ptr.o)
    0x08008970   0x00000008   Data   RO         1464    .constdata          m_wm.l(qnan.o)
    0x08008978   0x00000026   Data   RO         1490    .constdata          c_w.l(_printf_fp_hex.o)
    0x0800899e   0x00000002   PAD
    0x080089a0   0x00000094   Data   RO         1517    .constdata          c_w.l(bigflt0.o)
    0x08008a34   0x00000020   Data   RO         1683    Region$$Table       anon$$obj.o
    0x08008a54   0x0000001c   Data   RO         1541    locale$$data        c_w.l(lc_numeric_c.o)
    0x08008a70   0x00000110   Data   RO         1556    locale$$data        c_w.l(lc_ctype_c.o)


    Execution Region RW_IRAM1 (Base: 0x20000000, Size: 0x00001598, Max: 0x00020000, ABSOLUTE, COMPRESSED[0x000002dc])

    Base Addr    Size         Type   Attr      Idx    E Section Name        Object

    0x20000000   0x00000014   Data   RW          206    .data               system_stm32f4xx.o
    0x20000014   0x00000012   Data   RW          278    .data               encoder.o
    0x20000026   0x00000610   Data   RW          305    .data               lcd_main.o
    0x20000636   0x00000002   PAD
    0x20000638   0x00000004   Data   RW          341    .data               ticks.o
    0x2000063c   0x0000000a   Data   RW          419    .data               usart.o
    0x20000646   0x00000002   PAD
    0x20000648   0x0000001c   Data   RW          445    .data               mpu6500_spi.o
    0x20000664   0x00000014   Data   RW          489    .data               ahrs.o
    0x20000678   0x00000010   Data   RW         1028    .data               stm32f4xx_rcc.o
    0x20000688   0x00000050   Zero   RW          255    .bss                motor.o
    0x200006d8   0x00000010   Zero   RW          277    .bss                encoder.o
    0x200006e8   0x000007d0   Zero   RW          304    .bss                lcd_main.o
    0x20000eb8   0x00000030   Zero   RW          393    .bss                chassis.o
    0x20000ee8   0x00000010   Zero   RW          418    .bss                usart.o
    0x20000ef8   0x00000028   Zero   RW          468    .bss                servo.o
    0x20000f20   0x00000018   Zero   RW          488    .bss                ahrs.o
    0x20000f38   0x00000060   Zero   RW         1503    .bss                c_w.l(libspace.o)
    0x20000f98   0x00000200   Zero   RW          507    HEAP                startup_stm32f40_41xxx.o
    0x20001198   0x00000400   Zero   RW          506    STACK               startup_stm32f40_41xxx.o


==============================================================================

Image component sizes


      Code (inc. data)   RO Data    RW Data    ZI Data      Debug   Object Name

      2312         88          0         20         24       3164   ahrs.o
       552         12          0          0         48       2699   chassis.o
      1100         72          0         18         16       5962   encoder.o
      4172        150          0       1552       2000      11440   lcd_main.o
        56          6          0          0          0        514   led.o
       504         34          0          0          0     305145   main.o
       224         20          0          0          0       1837   misc.o
       816         32          0          0         80       1752   motor.o
      1364         58          0         28          0       2991   mpu6500_spi.o
       284         18          0          0         40       1162   servo.o
        64         26        392          0       1536        848   startup_stm32f40_41xxx.o
       936         32          0          0          0       6413   stm32f4xx_dma.o
       272         10          0          0          0       2307   stm32f4xx_exti.o
       660         44          0          0          0       4177   stm32f4xx_gpio.o
       112          8          0          0          0       1478   stm32f4xx_it.o
      1628         52          0         16          0      13064   stm32f4xx_rcc.o
      1152         36          0          0          0       6929   stm32f4xx_spi.o
      3234         60          0          0          0      23036   stm32f4xx_tim.o
      1108         34          0          0          0       7904   stm32f4xx_usart.o
       528         46          0         20          0       1807   system_stm32f4xx.o
       212         10          0          4          0     233350   ticks.o
       684         36          0         10         16       1995   usart.o

    ----------------------------------------------------------------------
     21976        884        424       1672       3760     639974   Object Totals
         0          0         32          0          0          0   (incl. Generated)
         2          0          0          4          0          0   (incl. Padding)

    ----------------------------------------------------------------------

      Code (inc. data)   RO Data    RW Data    ZI Data      Debug   Library Member Name

        44          6          0          0          0         84   __2sprintf.o
        90          0          0          0          0          0   __dczerorl2.o
         8          0          0          0          0         68   __main.o
       392          4         17          0          0         92   __printf_flags_ss_wp.o
        14          0          0          0          0         68   __printf_wp.o
         0          0          0          0          0          0   __rtentry.o
        12          0          0          0          0          0   __rtentry2.o
         6          0          0          0          0          0   __rtentry4.o
        52          8          0          0          0          0   __scatter.o
        28          0          0          0          0          0   __scatter_zi.o
         6          0          0          0          0          0   _printf_a.o
         6          0          0          0          0          0   _printf_c.o
        44          0          0          0          0        108   _printf_char.o
        48          6          0          0          0         96   _printf_char_common.o
        40          0          0          0          0         68   _printf_charcount.o
         6          0          0          0          0          0   _printf_d.o
       120         16          0          0          0         92   _printf_dec.o
         6          0          0          0          0          0   _printf_e.o
         6          0          0          0          0          0   _printf_f.o
      1050          0          0          0          0        216   _printf_fp_dec.o
       764          8         38          0          0        100   _printf_fp_hex.o
       128         16          0          0          0         84   _printf_fp_infnan.o
         6          0          0          0          0          0   _printf_g.o
       148          4         40          0          0        160   _printf_hex_int_ll_ptr.o
         6          0          0          0          0          0   _printf_i.o
       178          0          0          0          0         88   _printf_intcommon.o
        10          0          0          0          0          0   _printf_l.o
         6          0          0          0          0          0   _printf_lc.o
        10          0          0          0          0          0   _printf_ll.o
         6          0          0          0          0          0   _printf_lld.o
         6          0          0          0          0          0   _printf_lli.o
         6          0          0          0          0          0   _printf_llo.o
         6          0          0          0          0          0   _printf_llu.o
         6          0          0          0          0          0   _printf_llx.o
       124         16          0          0          0         92   _printf_longlong_dec.o
         6          0          0          0          0          0   _printf_ls.o
         6          0          0          0          0          0   _printf_n.o
         6          0          0          0          0          0   _printf_o.o
       112         10          0          0          0        124   _printf_oct_int_ll.o
         6          0          0          0          0          0   _printf_p.o
        78          0          0          0          0        108   _printf_pad.o
         0          0          0          0          0          0   _printf_percent.o
         4          0          0          0          0          0   _printf_percent_end.o
         6          0          0          0          0          0   _printf_s.o
        82          0          0          0          0         80   _printf_str.o
        36          0          0          0          0         84   _printf_truncate.o
         6          0          0          0          0          0   _printf_u.o
        44          0          0          0          0        108   _printf_wchar.o
       188          6          8          0          0         92   _printf_wctomb.o
         6          0          0          0          0          0   _printf_x.o
        22          0          0          0          0        100   _rserrno.o
        10          0          0          0          0         68   _sputc.o
        64          0          0          0          0         92   _wcrtomb.o
       220          4        148          0          0         96   bigflt0.o
      1910        128          0          0          0        672   btod.o
        18          0          0          0          0         80   exit.o
         6          0          0          0          0        152   heapauxi.o
         0          0          0          0          0          0   indicate_semi.o
        44         10        272          0          0         76   lc_ctype_c.o
        44         10         28          0          0         76   lc_numeric_c.o
         2          0          0          0          0          0   libinit.o
        34          0          0          0          0          0   libinit2.o
         2          0          0          0          0          0   libshutdown.o
         2          0          0          0          0          0   libshutdown2.o
         8          4          0          0         96         68   libspace.o
       138          0          0          0          0         80   lludiv10.o
        16          4          0          0          0         76   rt_ctype_table.o
         8          4          0          0          0         68   rt_errno_addr_intlibspace.o
         8          4          0          0          0         68   rt_locale_intlibspace.o
         2          0          0          0          0          0   rtexit.o
        10          0          0          0          0          0   rtexit2.o
       128          0          0          0          0         68   strcmpv7m.o
        12          4          0          0          0         68   sys_exit.o
        74          0          0          0          0         80   sys_stackheap_outer.o
         2          0          0          0          0         68   use_no_semi.o
        36          4          0          0          0         76   vsprintf.o
        24          0          0          0          0        164   basic.o
        98          4          0          0          0        140   d2f.o
       826         16          0          0          0        492   daddsub_clz.o
       688        140          0          0          0        256   ddiv.o
        90          4          0          0          0        140   dfixu.o
        46          0          0          0          0        116   dflt_clz.o
       340         12          0          0          0        152   dmul.o
       156          4          0          0          0        140   dnaninf.o
        12          0          0          0          0        116   dretinf.o
       408         56          0          0          0        168   dsqrt_umaal.o
        86          4          0          0          0        132   f2d.o
       140          4          0          0          0        132   fnaninf.o
        10          0          0          0          0        116   fpinit.o
        10          0          0          0          0        116   fretinf.o
         4          0          0          0          0        116   printf1.o
         4          0          0          0          0        116   printf2.o
         0          0          0          0          0          0   usenofp.o
       864         94         80          0          0        280   asin.o
       744        106        152          0          0        352   atan.o
       496         64          0          0          0        192   atan2.o
       104         16          0          0          0        496   dunder.o
        24          0          0          0          0        124   fabs.o
        48          0          0          0          0        124   fpclassify.o
       248          0          0          0          0        152   poly.o
         0          0          8          0          0          0   qnan.o
       232          0          0          0          0        296   sqrt.o

    ----------------------------------------------------------------------
     12518        800        794          0         96       8772   Library Totals
        22          0          3          0          0          0   (incl. Padding)

    ----------------------------------------------------------------------

      Code (inc. data)   RO Data    RW Data    ZI Data      Debug   Library Name

      6794        276        551          0         96       4144   c_w.l
      2942        244          0          0          0       2612   fz_wm.l
      2760        280        240          0          0       2016   m_wm.l

    ----------------------------------------------------------------------
     12518        800        794          0         96       8772   Library Totals

    ----------------------------------------------------------------------

==============================================================================


      Code (inc. data)   RO Data    RW Data    ZI Data      Debug   

     34494       1684       1218       1672       3856     639110   Grand Totals
     34494       1684       1218        732       3856     639110   ELF Image Totals (compressed)
     34494       1684       1218        732          0          0   ROM Totals

==============================================================================

    Total RO  Size (Code + RO Data)                35712 (  34.88kB)
    Total RW  Size (RW Data + ZI Data)              5528 (   5.40kB)
    Total ROM Size (Code + RO Data + RW Data)      36444 (  35.59kB)

==============================================================================

